

================================================================
== Vivado HLS Report for 'combineOperatorResul'
================================================================
* Date:           Wed Apr 11 15:23:23 2018

* Version:        2017.4 (Build 2086221 on Fri Dec 15 21:13:33 MST 2017)
* Project:        SobelMatrixMultiplier
* Solution:       solution7
* Product family: zynq
* Target device:  xc7z020iclg400-1l


================================================================
== Performance Estimates
================================================================
+ Timing (ns): 
    * Summary: 
    +--------+-------+----------+------------+
    |  Clock | Target| Estimated| Uncertainty|
    +--------+-------+----------+------------+
    |ap_clk  |  10.00|      8.68|        1.25|
    +--------+-------+----------+------------+

+ Latency (clock cycles): 
    * Summary: 
    +-----+-----+-----+-----+----------+
    |  Latency  |  Interval | Pipeline |
    | min | max | min | max |   Type   |
    +-----+-----+-----+-----+----------+
    |   13|   13|    1|    1| function |
    +-----+-----+-----+-----+----------+

    + Detail: 
        * Instance: 
        +--------------------+----------+-----+-----+-----+-----+----------+
        |                    |          |  Latency  |  Interval | Pipeline |
        |      Instance      |  Module  | min | max | min | max |   Type   |
        +--------------------+----------+-----+-----+-----+-----+----------+
        |grp_fxp_sqrt_fu_34  |fxp_sqrt  |   11|   11|    1|    1| function |
        +--------------------+----------+-----+-----+-----+-----+----------+

        * Loop: 
        N/A



================================================================
== Utilization Estimates
================================================================
* Summary: 
+-----------------+---------+-------+--------+-------+
|       Name      | BRAM_18K| DSP48E|   FF   |  LUT  |
+-----------------+---------+-------+--------+-------+
|DSP              |        -|      -|       -|      -|
|Expression       |        -|      6|       0|     79|
|FIFO             |        -|      -|       -|      -|
|Instance         |        -|      -|     357|   3658|
|Memory           |        -|      -|       -|      -|
|Multiplexer      |        -|      -|       -|      -|
|Register         |        -|      -|     128|      -|
+-----------------+---------+-------+--------+-------+
|Total            |        0|      6|     485|   3737|
+-----------------+---------+-------+--------+-------+
|Available        |      280|    220|  106400|  53200|
+-----------------+---------+-------+--------+-------+
|Utilization (%)  |        0|      2|   ~0   |      7|
+-----------------+---------+-------+--------+-------+

+ Detail: 
    * Instance: 
    +--------------------+----------+---------+-------+-----+------+
    |      Instance      |  Module  | BRAM_18K| DSP48E|  FF |  LUT |
    +--------------------+----------+---------+-------+-----+------+
    |grp_fxp_sqrt_fu_34  |fxp_sqrt  |        0|      0|  357|  3658|
    +--------------------+----------+---------+-------+-----+------+
    |Total               |          |        0|      0|  357|  3658|
    +--------------------+----------+---------+-------+-----+------+

    * DSP48: 
    N/A

    * Memory: 
    N/A

    * FIFO: 
    N/A

    * Expression: 
    +----------------------------------+----------+-------+---+----+------------+------------+
    |           Variable Name          | Operation| DSP48E| FF| LUT| Bitwidth P0| Bitwidth P1|
    +----------------------------------+----------+-------+---+----+------------+------------+
    |result_1_fu_45_p2                 |     *    |      3|  0|  20|          32|          32|
    |result_fu_39_p2                   |     *    |      3|  0|  20|          32|          32|
    |grp_fxp_sqrt_fu_34_in_val_V_read  |     +    |      0|  0|  39|          32|          32|
    +----------------------------------+----------+-------+---+----+------------+------------+
    |Total                             |          |      6|  0|  79|          96|          96|
    +----------------------------------+----------+-------+---+----+------------+------------+

    * Multiplexer: 
    N/A

    * Register: 
    +--------------------------+----+----+-----+-----------+
    |           Name           | FF | LUT| Bits| Const Bits|
    +--------------------------+----+----+-----+-----------+
    |horizontalResult_int_reg  |  32|   0|   32|          0|
    |result_1_reg_83           |  32|   0|   32|          0|
    |result_reg_78             |  32|   0|   32|          0|
    |verticalResult_int_reg    |  32|   0|   32|          0|
    +--------------------------+----+----+-----+-----------+
    |Total                     | 128|   0|  128|          0|
    +--------------------------+----+----+-----+-----------+



================================================================
== Interface
================================================================
* Summary: 
+------------------+-----+-----+------------+----------------------+--------------+
|     RTL Ports    | Dir | Bits|  Protocol  |     Source Object    |    C Type    |
+------------------+-----+-----+------------+----------------------+--------------+
|ap_clk            |  in |    1| ap_ctrl_hs | combineOperatorResul | return value |
|ap_rst            |  in |    1| ap_ctrl_hs | combineOperatorResul | return value |
|ap_return         | out |   12| ap_ctrl_hs | combineOperatorResul | return value |
|verticalResult    |  in |   32|   ap_none  |    verticalResult    |    scalar    |
|horizontalResult  |  in |   32|   ap_none  |   horizontalResult   |    scalar    |
+------------------+-----+-----+------------+----------------------+--------------+

