

================================================================
== Vivado HLS Report for 'getConvolutionResult'
================================================================
* Date:           Thu Apr  5 18:58:17 2018

* Version:        2017.4 (Build 2086221 on Fri Dec 15 21:13:33 MST 2017)
* Project:        SobelMatrixMultiplier
* Solution:       solution5
* Product family: zynq
* Target device:  xc7z020iclg400-1l


================================================================
== Performance Estimates
================================================================
+ Timing (ns): 
    * Summary: 
    +--------+-------+----------+------------+
    |  Clock | Target| Estimated| Uncertainty|
    +--------+-------+----------+------------+
    |ap_clk  |  10.00|      8.51|        1.25|
    +--------+-------+----------+------------+

+ Latency (clock cycles): 
    * Summary: 
    +-----+-----+-----+-----+---------+
    |  Latency  |  Interval | Pipeline|
    | min | max | min | max |   Type  |
    +-----+-----+-----+-----+---------+
    |  104|  104|  104|  104|   none  |
    +-----+-----+-----+-----+---------+

    + Detail: 
        * Instance: 
        N/A

        * Loop: 
        +--------------+-----+-----+----------+-----------+-----------+------+----------+
        |              |  Latency  | Iteration|  Initiation Interval  | Trip |          |
        |   Loop Name  | min | max |  Latency |  achieved |   target  | Count| Pipelined|
        +--------------+-----+-----+----------+-----------+-----------+------+----------+
        |- Row_Vert    |   51|   51|        17|          -|          -|     3|    no    |
        | + Col_Vert   |   15|   15|         5|          -|          -|     3|    no    |
        |- Row_Horiz   |   51|   51|        17|          -|          -|     3|    no    |
        | + Col_Horiz  |   15|   15|         5|          -|          -|     3|    no    |
        +--------------+-----+-----+----------+-----------+-----------+------+----------+



================================================================
== Utilization Estimates
================================================================
* Summary: 
+-----------------+---------+-------+--------+-------+
|       Name      | BRAM_18K| DSP48E|   FF   |  LUT  |
+-----------------+---------+-------+--------+-------+
|DSP              |        -|      -|       -|      -|
|Expression       |        -|      6|       0|   3881|
|FIFO             |        -|      -|       -|      -|
|Instance         |        -|      -|       0|     30|
|Memory           |        -|      -|       -|      -|
|Multiplexer      |        -|      -|       -|    128|
|Register         |        -|      -|     701|      -|
+-----------------+---------+-------+--------+-------+
|Total            |        0|      6|     701|   4039|
+-----------------+---------+-------+--------+-------+
|Available        |      280|    220|  106400|  53200|
+-----------------+---------+-------+--------+-------+
|Utilization (%)  |        0|      2|   ~0   |      7|
+-----------------+---------+-------+--------+-------+

+ Detail: 
    * Instance: 
    +-------------------------+----------------------+---------+-------+---+----+
    |         Instance        |        Module        | BRAM_18K| DSP48E| FF| LUT|
    +-------------------------+----------------------+---------+-------+---+----+
    |getConvolutionResbkb_U1  |getConvolutionResbkb  |        0|      0|  0|  15|
    |getConvolutionResbkb_U2  |getConvolutionResbkb  |        0|      0|  0|  15|
    +-------------------------+----------------------+---------+-------+---+----+
    |Total                    |                      |        0|      0|  0|  30|
    +-------------------------+----------------------+---------+-------+---+----+

    * DSP48: 
    N/A

    * Memory: 
    N/A

    * FIFO: 
    N/A

    * Expression: 
    +------------------------+----------+-------+---+-----+------------+------------+
    |      Variable Name     | Operation| DSP48E| FF| LUT | Bitwidth P0| Bitwidth P1|
    +------------------------+----------+-------+---+-----+------------+------------+
    |tmp_3_i_fu_377_p2       |     *    |      3|  0|   20|          32|          32|
    |tmp_8_i1_fu_620_p2      |     *    |      3|  0|   20|          32|          32|
    |ap_return               |     +    |      0|  0|   39|          32|          32|
    |col_1_fu_429_p2         |     +    |      0|  0|   10|           2|           1|
    |col_fu_186_p2           |     +    |      0|  0|   10|           2|           1|
    |row_1_fu_397_p2         |     +    |      0|  0|   10|           2|           1|
    |row_fu_155_p2           |     +    |      0|  0|   10|           2|           1|
    |summation_1_fu_624_p2   |     +    |      0|  0|   39|          32|          32|
    |summation_fu_381_p2     |     +    |      0|  0|   39|          32|          32|
    |tmp_10_fu_247_p2        |     -    |      0|  0|   15|           7|           7|
    |tmp_19_fu_289_p2        |     -    |      0|  0|   15|           7|           7|
    |tmp_20_fu_293_p2        |     -    |      0|  0|   15|           7|           7|
    |tmp_21_fu_298_p2        |     -    |      0|  0|   15|           7|           7|
    |tmp_25_fu_325_p2        |     -    |      0|  0|   15|           7|           7|
    |tmp_34_fu_454_p2        |     -    |      0|  0|   15|           7|           7|
    |tmp_35_fu_458_p2        |     -    |      0|  0|   15|           7|           7|
    |tmp_36_fu_463_p2        |     -    |      0|  0|   15|           7|           7|
    |tmp_40_fu_490_p2        |     -    |      0|  0|   15|           7|           7|
    |tmp_49_fu_532_p2        |     -    |      0|  0|   15|           7|           7|
    |tmp_4_fu_211_p2         |     -    |      0|  0|   15|           7|           7|
    |tmp_50_fu_536_p2        |     -    |      0|  0|   15|           7|           7|
    |tmp_51_fu_541_p2        |     -    |      0|  0|   15|           7|           7|
    |tmp_55_fu_568_p2        |     -    |      0|  0|   15|           7|           7|
    |tmp_5_fu_215_p2         |     -    |      0|  0|   15|           7|           7|
    |tmp_6_fu_220_p2         |     -    |      0|  0|   15|           7|           7|
    |tmp_15_fu_350_p2        |    and   |      0|  0|  103|          96|          96|
    |tmp_30_fu_368_p2        |    and   |      0|  0|  103|          96|          96|
    |tmp_45_fu_593_p2        |    and   |      0|  0|  103|          96|          96|
    |tmp_60_fu_611_p2        |    and   |      0|  0|  103|          96|          96|
    |exitcond1_i4_fu_391_p2  |   icmp   |      0|  0|    8|           2|           2|
    |exitcond1_i_fu_149_p2   |   icmp   |      0|  0|    8|           2|           2|
    |exitcond_i8_fu_423_p2   |   icmp   |      0|  0|    8|           2|           2|
    |exitcond_i_fu_180_p2    |   icmp   |      0|  0|    8|           2|           2|
    |tmp_17_fu_275_p2        |   icmp   |      0|  0|   11|           7|           7|
    |tmp_2_fu_197_p2         |   icmp   |      0|  0|   11|           7|           7|
    |tmp_32_fu_440_p2        |   icmp   |      0|  0|   11|           7|           7|
    |tmp_47_fu_518_p2        |   icmp   |      0|  0|   11|           7|           7|
    |tmp_13_fu_257_p2        |   lshr   |      0|  0|  311|          96|          96|
    |tmp_14_fu_344_p2        |   lshr   |      0|  0|  311|           2|          96|
    |tmp_28_fu_335_p2        |   lshr   |      0|  0|  311|          96|          96|
    |tmp_29_fu_362_p2        |   lshr   |      0|  0|  311|           2|          96|
    |tmp_43_fu_500_p2        |   lshr   |      0|  0|  311|          96|          96|
    |tmp_44_fu_587_p2        |   lshr   |      0|  0|  311|           2|          96|
    |tmp_58_fu_578_p2        |   lshr   |      0|  0|  311|          96|          96|
    |tmp_59_fu_605_p2        |   lshr   |      0|  0|  311|           2|          96|
    |tmp_13_i_fu_411_p2      |    or    |      0|  0|   14|           7|           5|
    |tmp_6_i_fu_169_p2       |    or    |      0|  0|   14|           7|           5|
    |tmp_22_fu_302_p3        |  select  |      0|  0|    7|           1|           7|
    |tmp_23_fu_310_p3        |  select  |      0|  0|   96|           1|          96|
    |tmp_24_fu_318_p3        |  select  |      0|  0|    7|           1|           7|
    |tmp_37_fu_467_p3        |  select  |      0|  0|    7|           1|           7|
    |tmp_38_fu_475_p3        |  select  |      0|  0|   96|           1|          96|
    |tmp_39_fu_483_p3        |  select  |      0|  0|    7|           1|           7|
    |tmp_52_fu_545_p3        |  select  |      0|  0|    7|           1|           7|
    |tmp_53_fu_553_p3        |  select  |      0|  0|   96|           1|          96|
    |tmp_54_fu_561_p3        |  select  |      0|  0|    7|           1|           7|
    |tmp_7_fu_224_p3         |  select  |      0|  0|    7|           1|           7|
    |tmp_8_fu_232_p3         |  select  |      0|  0|   96|           1|          96|
    |tmp_9_fu_240_p3         |  select  |      0|  0|    7|           1|           7|
    +------------------------+----------+-------+---+-----+------------+------------+
    |Total                   |          |      6|  0| 3881|        1118|        1914|
    +------------------------+----------+-------+---+-----+------------+------------+

    * Multiplexer: 
    +----------------------------+----+-----------+-----+-----------+
    |            Name            | LUT| Input Size| Bits| Total Bits|
    +----------------------------+----+-----------+-----+-----------+
    |ap_NS_fsm                   |  59|         14|    1|         14|
    |array_r_address0            |  15|          3|    2|          6|
    |col_i7_reg_126              |   9|          2|    2|          4|
    |col_i_reg_103               |   9|          2|    2|          4|
    |horizontalResult_ass_fu_68  |   9|          2|   32|         64|
    |row_i2_reg_115              |   9|          2|    2|          4|
    |row_i_reg_92                |   9|          2|    2|          4|
    |verticalResult_assig_fu_64  |   9|          2|   32|         64|
    +----------------------------+----+-----------+-----+-----------+
    |Total                       | 128|         29|   75|        164|
    +----------------------------+----+-----------+-----+-----------+

    * Register: 
    +----------------------------+----+----+-----+-----------+
    |            Name            | FF | LUT| Bits| Const Bits|
    +----------------------------+----+----+-----+-----------+
    |ap_CS_fsm                   |  13|   0|   13|          0|
    |col_1_reg_763               |   2|   0|    2|          0|
    |col_i7_reg_126              |   2|   0|    2|          0|
    |col_i_reg_103               |   2|   0|    2|          0|
    |col_reg_683                 |   2|   0|    2|          0|
    |horizontalResult_ass_fu_68  |  32|   0|   32|          0|
    |row_1_reg_731               |   2|   0|    2|          0|
    |row_i2_reg_115              |   2|   0|    2|          0|
    |row_i_reg_92                |   2|   0|    2|          0|
    |row_reg_644                 |   2|   0|    2|          0|
    |tmp_10_reg_693              |   6|   0|    7|          1|
    |tmp_12_i_reg_736            |   2|   0|    7|          5|
    |tmp_13_i_reg_750            |   2|   0|    7|          5|
    |tmp_13_reg_698              |  96|   0|   96|          0|
    |tmp_16_reg_713              |  32|   0|   32|          0|
    |tmp_25_reg_703              |   6|   0|    7|          1|
    |tmp_28_reg_708              |  96|   0|   96|          0|
    |tmp_31_reg_718              |  32|   0|   32|          0|
    |tmp_3_i_reg_723             |  32|   0|   32|          0|
    |tmp_40_reg_773              |   6|   0|    7|          1|
    |tmp_43_reg_778              |  96|   0|   96|          0|
    |tmp_46_reg_793              |  32|   0|   32|          0|
    |tmp_55_reg_783              |   6|   0|    7|          1|
    |tmp_58_reg_788              |  96|   0|   96|          0|
    |tmp_5_i_reg_649             |   2|   0|    7|          5|
    |tmp_61_reg_798              |  32|   0|   32|          0|
    |tmp_6_i_reg_663             |   2|   0|    7|          5|
    |tmp_8_i1_reg_803            |  32|   0|   32|          0|
    |verticalResult_assig_fu_64  |  32|   0|   32|          0|
    +----------------------------+----+----+-----+-----------+
    |Total                       | 701|   0|  725|         24|
    +----------------------------+----+----+-----+-----------+



================================================================
== Interface
================================================================
* Summary: 
+------------------+-----+-----+------------+----------------------+--------------+
|     RTL Ports    | Dir | Bits|  Protocol  |     Source Object    |    C Type    |
+------------------+-----+-----+------------+----------------------+--------------+
|ap_clk            |  in |    1| ap_ctrl_hs | getConvolutionResult | return value |
|ap_rst            |  in |    1| ap_ctrl_hs | getConvolutionResult | return value |
|ap_start          |  in |    1| ap_ctrl_hs | getConvolutionResult | return value |
|ap_done           | out |    1| ap_ctrl_hs | getConvolutionResult | return value |
|ap_idle           | out |    1| ap_ctrl_hs | getConvolutionResult | return value |
|ap_ready          | out |    1| ap_ctrl_hs | getConvolutionResult | return value |
|ap_return         | out |   32| ap_ctrl_hs | getConvolutionResult | return value |
|array_r_address0  | out |    2|  ap_memory |        array_r       |     array    |
|array_r_ce0       | out |    1|  ap_memory |        array_r       |     array    |
|array_r_q0        |  in |   96|  ap_memory |        array_r       |     array    |
+------------------+-----+-----+------------+----------------------+--------------+

