

================================================================
== Vivado HLS Report for 'getColorDistance_Str'
================================================================
* Date:           Tue Apr 24 14:40:33 2018

* Version:        2017.4 (Build 2086221 on Fri Dec 15 21:13:33 MST 2017)
* Project:        ColorComparator
* Solution:       solution1
* Product family: zynq
* Target device:  xc7z020clg400-1


================================================================
== Performance Estimates
================================================================
+ Timing (ns): 
    * Summary: 
    +--------+-------+----------+------------+
    |  Clock | Target| Estimated| Uncertainty|
    +--------+-------+----------+------------+
    |ap_clk  |  10.00|      8.68|        1.25|
    +--------+-------+----------+------------+

+ Latency (clock cycles): 
    * Summary: 
    +-----+-----+-----+-----+----------+
    |  Latency  |  Interval | Pipeline |
    | min | max | min | max |   Type   |
    +-----+-----+-----+-----+----------+
    |   15|   15|    1|    1| function |
    +-----+-----+-----+-----+----------+

    + Detail: 
        * Instance: 
        N/A

        * Loop: 
        N/A

============================================================
+ Verbose Summary: Synthesis Manager
============================================================
InlineROM: 1
ExposeGlobal: 0
============================================================
+ Verbose Summary: CDFG Model
============================================================
IsTopModel: 0
ResetActiveHigh: 1
IsCombinational: 0
IsDatapathOnly: 0
HasWiredReturn: 1
HasMFsm: 2
HasVarLatency: 0
IsPipeline: 1
IsRtlPipelined: 1
IsInstanceOverlapped: 0
IsDontTouch: 0
HasImplIP: 0
IsGatedGlobalClock: 0

+ Individual pipeline summary: 
  * Pipeline-0: initiation interval (II) = 1, depth = 16


============================================================
+ Verbose Summary: Schedule
============================================================
* Number of FSM states : 16
* Pipeline : 1
  Pipeline-0 : II = 1, D = 16, States = { 1 2 3 4 5 6 7 8 9 10 11 12 13 14 15 16 }
* Dataflow Pipeline: 0

* FSM state transitions: 
1 --> 
	2  / true
2 --> 
	3  / true
3 --> 
	4  / true
4 --> 
	5  / true
5 --> 
	6  / true
6 --> 
	7  / true
7 --> 
	8  / true
8 --> 
	9  / true
9 --> 
	10  / true
10 --> 
	11  / true
11 --> 
	12  / true
12 --> 
	13  / true
13 --> 
	14  / true
14 --> 
	15  / true
15 --> 
	16  / true
16 --> 

* FSM state operations: 

 <State 1> : 6.26ns
ST_1 : Operation 17 [1/1] (0.00ns)   --->   "%color_V_read = call i17 @_ssdm_op_Read.ap_auto.i17(i17 %color_V)"
ST_1 : Operation 18 [1/1] (0.00ns)   --->   "%pixel_V_read = call i24 @_ssdm_op_Read.axis.i24(i24 %pixel_V)"   --->   Core 5 'AXI4Stream' <Latency = 0> <II = 1> <Delay = 1.00> <Adapter> <Opcode : >
ST_1 : Operation 19 [1/1] (0.00ns) (grouped into LUT with out node r_V)   --->   "%pixelRed_V = call i8 @_ssdm_op_PartSelect.i8.i24.i32.i32(i24 %pixel_V_read, i32 16, i32 23)" [ColorComparator/ColorComparator.cpp:32]
ST_1 : Operation 20 [1/1] (0.00ns)   --->   "%pixelGreen_V = trunc i24 %pixel_V_read to i8" [ColorComparator/ColorComparator.cpp:33]
ST_1 : Operation 21 [1/1] (0.00ns)   --->   "%pixelBlue_V = call i8 @_ssdm_op_PartSelect.i8.i24.i32.i32(i24 %pixel_V_read, i32 8, i32 15)" [ColorComparator/ColorComparator.cpp:34]
ST_1 : Operation 22 [1/1] (0.00ns) (grouped into LUT with out node r_V)   --->   "%rhs_V = call i1 @_ssdm_op_BitSelect.i1.i17.i32(i17 %color_V_read, i32 16)" [ColorComparator/ColorComparator.cpp:35]
ST_1 : Operation 23 [1/1] (0.00ns)   --->   "%colorGreen_V = trunc i17 %color_V_read to i8" [ColorComparator/ColorComparator.cpp:36]
ST_1 : Operation 24 [1/1] (0.00ns)   --->   "%colorBlue_V = call i8 @_ssdm_op_PartSelect.i8.i17.i32.i32(i17 %color_V_read, i32 8, i32 15)" [ColorComparator/ColorComparator.cpp:37]
ST_1 : Operation 25 [1/1] (0.00ns) (grouped into LUT with out node r_V)   --->   "%lhs_V = zext i8 %pixelRed_V to i9" [ColorComparator/ColorComparator.cpp:39]
ST_1 : Operation 26 [1/1] (0.00ns) (grouped into LUT with out node r_V)   --->   "%rhs_V_cast = select i1 %rhs_V, i9 255, i9 0" [ColorComparator/ColorComparator.cpp:39]   --->   Core 26 'Sel' <Latency = 0> <II = 1> <Delay = 1.37> <FuncUnit> <Opcode : 'select'> <InPorts = 3> <OutPorts = 1>
ST_1 : Operation 27 [1/1] (1.93ns) (out node of the LUT)   --->   "%r_V = sub i9 %lhs_V, %rhs_V_cast" [ColorComparator/ColorComparator.cpp:39]   --->   Core 14 'AddSub' <Latency = 0> <II = 1> <Delay = 2.16> <FuncUnit> <Opcode : 'add' 'sub'> <InPorts = 2> <OutPorts = 1>
ST_1 : Operation 28 [1/1] (0.00ns)   --->   "%lhs_V_1 = zext i8 %pixelGreen_V to i9" [ColorComparator/ColorComparator.cpp:40]
ST_1 : Operation 29 [1/1] (0.00ns)   --->   "%rhs_V_1 = zext i8 %colorGreen_V to i9" [ColorComparator/ColorComparator.cpp:40]
ST_1 : Operation 30 [1/1] (1.91ns)   --->   "%r_V_1 = sub i9 %lhs_V_1, %rhs_V_1" [ColorComparator/ColorComparator.cpp:40]   --->   Core 14 'AddSub' <Latency = 0> <II = 1> <Delay = 2.16> <FuncUnit> <Opcode : 'add' 'sub'> <InPorts = 2> <OutPorts = 1>
ST_1 : Operation 31 [1/1] (0.00ns)   --->   "%number_assign_1_cast_1 = sext i9 %r_V_1 to i14" [ColorComparator/powerFunction.cpp:3->ColorComparator/ColorComparator.cpp:40]
ST_1 : Operation 32 [1/1] (4.35ns)   --->   "%tmp1 = mul i14 11, %number_assign_1_cast_1" [ColorComparator/ColorComparator.cpp:40]   --->   Core 16 'Mul' <Latency = 0> <II = 1> <Delay = 4.35> <FuncUnit> <Opcode : 'mul'> <InPorts = 2> <OutPorts = 1>
ST_1 : Operation 33 [1/1] (0.00ns)   --->   "%lhs_V_2 = zext i8 %pixelBlue_V to i9" [ColorComparator/ColorComparator.cpp:41]
ST_1 : Operation 34 [1/1] (0.00ns)   --->   "%rhs_V_2 = zext i8 %colorBlue_V to i9" [ColorComparator/ColorComparator.cpp:41]
ST_1 : Operation 35 [1/1] (1.91ns)   --->   "%r_V_2 = sub i9 %lhs_V_2, %rhs_V_2" [ColorComparator/ColorComparator.cpp:41]   --->   Core 14 'AddSub' <Latency = 0> <II = 1> <Delay = 2.16> <FuncUnit> <Opcode : 'add' 'sub'> <InPorts = 2> <OutPorts = 1>

 <State 2> : 6.38ns
ST_2 : Operation 36 [1/1] (0.00ns)   --->   "%number_assign_cast = sext i9 %r_V to i18" [ColorComparator/powerFunction.cpp:3->ColorComparator/ColorComparator.cpp:39]
ST_2 : Operation 37 [1/1] (4.35ns)   --->   "%result = mul i18 %number_assign_cast, %number_assign_cast" [ColorComparator/powerFunction.cpp:7->ColorComparator/ColorComparator.cpp:39]   --->   Core 16 'Mul' <Latency = 0> <II = 1> <Delay = 4.35> <FuncUnit> <Opcode : 'mul'> <InPorts = 2> <OutPorts = 1>
ST_2 : Operation 38 [1/1] (0.00ns)   --->   "%tmp = trunc i18 %result to i17" [ColorComparator/powerFunction.cpp:7->ColorComparator/ColorComparator.cpp:39]
ST_2 : Operation 39 [1/1] (0.00ns)   --->   "%number_assign_1_cast = sext i9 %r_V_1 to i23" [ColorComparator/powerFunction.cpp:3->ColorComparator/ColorComparator.cpp:40]
ST_2 : Operation 40 [1/1] (0.00ns)   --->   "%tmp1_cast = sext i14 %tmp1 to i23" [ColorComparator/ColorComparator.cpp:40]
ST_2 : Operation 41 [1/1] (6.38ns)   --->   "%tmp_5 = mul i23 %tmp1_cast, %number_assign_1_cast" [ColorComparator/ColorComparator.cpp:40]   --->   Core 61 'DSP48' <Latency = 0> <II = 1> <Delay = 6.38> <IPBlock> <Opcode : 'mul' 'add' 'sub' 'select'> <InPorts = 0> <OutPorts = 1> <Sync> <CReg>
ST_2 : Operation 42 [1/1] (0.00ns)   --->   "%tmp_13 = trunc i23 %tmp_5 to i21" [ColorComparator/ColorComparator.cpp:40]
ST_2 : Operation 43 [1/1] (0.00ns)   --->   "%tmp_14 = call i1 @_ssdm_op_BitSelect.i1.i23.i32(i23 %tmp_5, i32 22)" [ColorComparator/ColorComparator.cpp:40]
ST_2 : Operation 44 [1/1] (0.00ns)   --->   "%tmp_3 = call i21 @_ssdm_op_PartSelect.i21.i23.i32.i32(i23 %tmp_5, i32 2, i32 22)" [ColorComparator/ColorComparator.cpp:40]
ST_2 : Operation 45 [1/1] (0.00ns)   --->   "%number_assign_2_cast = sext i9 %r_V_2 to i18" [ColorComparator/powerFunction.cpp:3->ColorComparator/ColorComparator.cpp:41]
ST_2 : Operation 46 [1/1] (4.35ns)   --->   "%result_1 = mul i18 %number_assign_2_cast, %number_assign_2_cast" [ColorComparator/powerFunction.cpp:7->ColorComparator/ColorComparator.cpp:41]   --->   Core 16 'Mul' <Latency = 0> <II = 1> <Delay = 4.35> <FuncUnit> <Opcode : 'mul'> <InPorts = 2> <OutPorts = 1>
ST_2 : Operation 47 [1/1] (0.00ns)   --->   "%tmp_18 = trunc i18 %result_1 to i17" [ColorComparator/powerFunction.cpp:7->ColorComparator/ColorComparator.cpp:41]

 <State 3> : 7.90ns
ST_3 : Operation 48 [1/1] (0.00ns)   --->   "%result_cast6 = sext i18 %result to i20" [ColorComparator/powerFunction.cpp:7->ColorComparator/ColorComparator.cpp:39]
ST_3 : Operation 49 [1/1] (0.00ns)   --->   "%p_shl1 = call i19 @_ssdm_op_BitConcatenate.i19.i17.i2(i17 %tmp, i2 0)" [ColorComparator/ColorComparator.cpp:39]
ST_3 : Operation 50 [1/1] (0.00ns)   --->   "%p_shl1_cast = sext i19 %p_shl1 to i20" [ColorComparator/ColorComparator.cpp:39]
ST_3 : Operation 51 [1/1] (2.16ns)   --->   "%tmp_2 = add i20 %result_cast6, %p_shl1_cast" [ColorComparator/ColorComparator.cpp:39]   --->   Core 14 'AddSub' <Latency = 0> <II = 1> <Delay = 2.16> <FuncUnit> <Opcode : 'add' 'sub'> <InPorts = 2> <OutPorts = 1>
ST_3 : Operation 52 [1/1] (0.00ns)   --->   "%tmp_7 = call i1 @_ssdm_op_BitSelect.i1.i20.i32(i20 %tmp_2, i32 19)" [ColorComparator/ColorComparator.cpp:39]
ST_3 : Operation 53 [1/1] (2.19ns)   --->   "%p_neg1 = sub i20 0, %tmp_2" [ColorComparator/ColorComparator.cpp:39]   --->   Core 14 'AddSub' <Latency = 0> <II = 1> <Delay = 2.16> <FuncUnit> <Opcode : 'add' 'sub'> <InPorts = 2> <OutPorts = 1>
ST_3 : Operation 54 [1/1] (0.00ns)   --->   "%tmp_8 = call i19 @_ssdm_op_PartSelect.i19.i20.i32.i32(i20 %p_neg1, i32 1, i32 19)" [ColorComparator/ColorComparator.cpp:39]
ST_3 : Operation 55 [1/1] (0.00ns)   --->   "%tmp_cast = sext i19 %tmp_8 to i20" [ColorComparator/ColorComparator.cpp:39]
ST_3 : Operation 56 [1/1] (2.16ns)   --->   "%tmp_1 = sub i20 0, %tmp_cast" [ColorComparator/ColorComparator.cpp:39]   --->   Core 14 'AddSub' <Latency = 0> <II = 1> <Delay = 2.16> <FuncUnit> <Opcode : 'add' 'sub'> <InPorts = 2> <OutPorts = 1>
ST_3 : Operation 57 [1/1] (0.00ns)   --->   "%tmp_10 = call i19 @_ssdm_op_PartSelect.i19.i20.i32.i32(i20 %tmp_2, i32 1, i32 19)" [ColorComparator/ColorComparator.cpp:39]
ST_3 : Operation 58 [1/1] (0.00ns)   --->   "%tmp_4_cast = sext i19 %tmp_10 to i20" [ColorComparator/ColorComparator.cpp:39]
ST_3 : Operation 59 [1/1] (1.37ns)   --->   "%tmp_s = select i1 %tmp_7, i20 %tmp_1, i20 %tmp_4_cast" [ColorComparator/ColorComparator.cpp:39]   --->   Core 26 'Sel' <Latency = 0> <II = 1> <Delay = 1.37> <FuncUnit> <Opcode : 'select'> <InPorts = 3> <OutPorts = 1>
ST_3 : Operation 60 [1/1] (2.22ns)   --->   "%p_neg9 = sub i21 0, %tmp_13" [ColorComparator/ColorComparator.cpp:40]   --->   Core 14 'AddSub' <Latency = 0> <II = 1> <Delay = 2.16> <FuncUnit> <Opcode : 'add' 'sub'> <InPorts = 2> <OutPorts = 1>
ST_3 : Operation 61 [1/1] (0.00ns)   --->   "%tmp_15 = call i19 @_ssdm_op_PartSelect.i19.i21.i32.i32(i21 %p_neg9, i32 2, i32 20)" [ColorComparator/ColorComparator.cpp:40]
ST_3 : Operation 62 [1/1] (0.00ns)   --->   "%tmp_10_cast = sext i19 %tmp_15 to i20" [ColorComparator/ColorComparator.cpp:40]
ST_3 : Operation 63 [1/1] (2.16ns)   --->   "%tmp_4 = sub i20 0, %tmp_10_cast" [ColorComparator/ColorComparator.cpp:40]   --->   Core 14 'AddSub' <Latency = 0> <II = 1> <Delay = 2.16> <FuncUnit> <Opcode : 'add' 'sub'> <InPorts = 2> <OutPorts = 1>
ST_3 : Operation 64 [1/1] (0.00ns)   --->   "%tmp_11_cast = sext i20 %tmp_4 to i21" [ColorComparator/ColorComparator.cpp:40]
ST_3 : Operation 65 [1/1] (1.37ns)   --->   "%tmp_6 = select i1 %tmp_14, i21 %tmp_11_cast, i21 %tmp_3" [ColorComparator/ColorComparator.cpp:40]   --->   Core 26 'Sel' <Latency = 0> <II = 1> <Delay = 1.37> <FuncUnit> <Opcode : 'select'> <InPorts = 3> <OutPorts = 1>
ST_3 : Operation 66 [1/1] (0.00ns)   --->   "%result_2_cast3 = sext i18 %result_1 to i20" [ColorComparator/powerFunction.cpp:7->ColorComparator/ColorComparator.cpp:41]
ST_3 : Operation 67 [1/1] (0.00ns)   --->   "%p_shl = call i19 @_ssdm_op_BitConcatenate.i19.i17.i2(i17 %tmp_18, i2 0)" [ColorComparator/ColorComparator.cpp:41]
ST_3 : Operation 68 [1/1] (0.00ns)   --->   "%p_shl_cast = sext i19 %p_shl to i20" [ColorComparator/ColorComparator.cpp:41]
ST_3 : Operation 69 [1/1] (2.16ns)   --->   "%tmp_9 = sub i20 %p_shl_cast, %result_2_cast3" [ColorComparator/ColorComparator.cpp:41]   --->   Core 14 'AddSub' <Latency = 0> <II = 1> <Delay = 2.16> <FuncUnit> <Opcode : 'add' 'sub'> <InPorts = 2> <OutPorts = 1>
ST_3 : Operation 70 [1/1] (0.00ns)   --->   "%tmp_19 = call i1 @_ssdm_op_BitSelect.i1.i20.i32(i20 %tmp_9, i32 19)" [ColorComparator/ColorComparator.cpp:41]
ST_3 : Operation 71 [1/1] (2.19ns)   --->   "%p_neg = sub i20 0, %tmp_9" [ColorComparator/ColorComparator.cpp:41]   --->   Core 14 'AddSub' <Latency = 0> <II = 1> <Delay = 2.16> <FuncUnit> <Opcode : 'add' 'sub'> <InPorts = 2> <OutPorts = 1>
ST_3 : Operation 72 [1/1] (0.00ns)   --->   "%tmp_20 = call i19 @_ssdm_op_PartSelect.i19.i20.i32.i32(i20 %p_neg, i32 1, i32 19)" [ColorComparator/ColorComparator.cpp:41]
ST_3 : Operation 73 [1/1] (0.00ns)   --->   "%tmp_14_cast = sext i19 %tmp_20 to i20" [ColorComparator/ColorComparator.cpp:41]
ST_3 : Operation 74 [1/1] (2.16ns)   --->   "%tmp_11 = sub i20 0, %tmp_14_cast" [ColorComparator/ColorComparator.cpp:41]   --->   Core 14 'AddSub' <Latency = 0> <II = 1> <Delay = 2.16> <FuncUnit> <Opcode : 'add' 'sub'> <InPorts = 2> <OutPorts = 1>
ST_3 : Operation 75 [1/1] (0.00ns)   --->   "%tmp_21 = call i19 @_ssdm_op_PartSelect.i19.i20.i32.i32(i20 %tmp_9, i32 1, i32 19)" [ColorComparator/ColorComparator.cpp:41]
ST_3 : Operation 76 [1/1] (0.00ns)   --->   "%tmp_17_cast = sext i19 %tmp_21 to i20" [ColorComparator/ColorComparator.cpp:41]
ST_3 : Operation 77 [1/1] (1.37ns)   --->   "%tmp_16 = select i1 %tmp_19, i20 %tmp_11, i20 %tmp_17_cast" [ColorComparator/ColorComparator.cpp:41]   --->   Core 26 'Sel' <Latency = 0> <II = 1> <Delay = 1.37> <FuncUnit> <Opcode : 'select'> <InPorts = 3> <OutPorts = 1>

 <State 4> : 7.51ns
ST_4 : Operation 78 [1/1] (0.00ns)   --->   "%tmp_12 = call i28 @_ssdm_op_BitConcatenate.i28.i20.i8(i20 %tmp_s, i8 0)" [ColorComparator/ColorComparator.cpp:39]
ST_4 : Operation 79 [1/1] (0.00ns)   --->   "%p_Val2_s = sext i28 %tmp_12 to i32" [ColorComparator/ColorComparator.cpp:39]
ST_4 : Operation 80 [1/1] (0.00ns)   --->   "%tmp_17 = call i29 @_ssdm_op_BitConcatenate.i29.i21.i8(i21 %tmp_6, i8 0)" [ColorComparator/ColorComparator.cpp:40]
ST_4 : Operation 81 [1/1] (0.00ns)   --->   "%p_Val2_1 = sext i29 %tmp_17 to i32" [ColorComparator/ColorComparator.cpp:40]
ST_4 : Operation 82 [1/1] (0.00ns)   --->   "%tmp_22 = call i28 @_ssdm_op_BitConcatenate.i28.i20.i8(i20 %tmp_16, i8 0)" [ColorComparator/ColorComparator.cpp:41]
ST_4 : Operation 83 [1/1] (0.00ns)   --->   "%p_Val2_2 = sext i28 %tmp_22 to i32" [ColorComparator/ColorComparator.cpp:41]
ST_4 : Operation 84 [1/1] (0.00ns) (grouped into TernaryAdder)   --->   "%tmp2 = add i32 %p_Val2_s, %p_Val2_2" [ColorComparator/ColorComparator.cpp:42]   --->   Core 80 'TAddSub' <Latency = 0> <II = 1> <Delay = 2.14> <IPBlock> <Opcode : 'add' 'sub'> <InPorts = 3> <OutPorts = 1> <Sync> <CReg>
ST_4 : Operation 85 [1/1] (4.28ns) (root node of TernaryAdder)   --->   "%powerSummation_V = add i32 %tmp2, %p_Val2_1" [ColorComparator/ColorComparator.cpp:42]   --->   Core 80 'TAddSub' <Latency = 0> <II = 1> <Delay = 2.14> <IPBlock> <Opcode : 'add' 'sub'> <InPorts = 3> <OutPorts = 1> <Sync> <CReg>
ST_4 : Operation 86 [13/13] (3.22ns)   --->   "%result_V = call fastcc i20 @fxp_sqrt(i32 %powerSummation_V)" [ColorComparator/ColorComparator.cpp:44]   --->   Core 0 '' <Latency = 0> <II = 1> <Delay = 1.00> <Generic> <Opcode : >

 <State 5> : 8.68ns
ST_5 : Operation 87 [12/13] (8.67ns)   --->   "%result_V = call fastcc i20 @fxp_sqrt(i32 %powerSummation_V)" [ColorComparator/ColorComparator.cpp:44]   --->   Core 0 '' <Latency = 0> <II = 1> <Delay = 1.00> <Generic> <Opcode : >

 <State 6> : 8.68ns
ST_6 : Operation 88 [11/13] (8.67ns)   --->   "%result_V = call fastcc i20 @fxp_sqrt(i32 %powerSummation_V)" [ColorComparator/ColorComparator.cpp:44]   --->   Core 0 '' <Latency = 0> <II = 1> <Delay = 1.00> <Generic> <Opcode : >

 <State 7> : 8.68ns
ST_7 : Operation 89 [10/13] (8.67ns)   --->   "%result_V = call fastcc i20 @fxp_sqrt(i32 %powerSummation_V)" [ColorComparator/ColorComparator.cpp:44]   --->   Core 0 '' <Latency = 0> <II = 1> <Delay = 1.00> <Generic> <Opcode : >

 <State 8> : 8.68ns
ST_8 : Operation 90 [9/13] (8.67ns)   --->   "%result_V = call fastcc i20 @fxp_sqrt(i32 %powerSummation_V)" [ColorComparator/ColorComparator.cpp:44]   --->   Core 0 '' <Latency = 0> <II = 1> <Delay = 1.00> <Generic> <Opcode : >

 <State 9> : 8.68ns
ST_9 : Operation 91 [8/13] (8.67ns)   --->   "%result_V = call fastcc i20 @fxp_sqrt(i32 %powerSummation_V)" [ColorComparator/ColorComparator.cpp:44]   --->   Core 0 '' <Latency = 0> <II = 1> <Delay = 1.00> <Generic> <Opcode : >

 <State 10> : 8.68ns
ST_10 : Operation 92 [7/13] (8.67ns)   --->   "%result_V = call fastcc i20 @fxp_sqrt(i32 %powerSummation_V)" [ColorComparator/ColorComparator.cpp:44]   --->   Core 0 '' <Latency = 0> <II = 1> <Delay = 1.00> <Generic> <Opcode : >

 <State 11> : 8.68ns
ST_11 : Operation 93 [6/13] (8.67ns)   --->   "%result_V = call fastcc i20 @fxp_sqrt(i32 %powerSummation_V)" [ColorComparator/ColorComparator.cpp:44]   --->   Core 0 '' <Latency = 0> <II = 1> <Delay = 1.00> <Generic> <Opcode : >

 <State 12> : 8.68ns
ST_12 : Operation 94 [5/13] (8.67ns)   --->   "%result_V = call fastcc i20 @fxp_sqrt(i32 %powerSummation_V)" [ColorComparator/ColorComparator.cpp:44]   --->   Core 0 '' <Latency = 0> <II = 1> <Delay = 1.00> <Generic> <Opcode : >

 <State 13> : 8.68ns
ST_13 : Operation 95 [4/13] (8.67ns)   --->   "%result_V = call fastcc i20 @fxp_sqrt(i32 %powerSummation_V)" [ColorComparator/ColorComparator.cpp:44]   --->   Core 0 '' <Latency = 0> <II = 1> <Delay = 1.00> <Generic> <Opcode : >

 <State 14> : 8.68ns
ST_14 : Operation 96 [3/13] (8.67ns)   --->   "%result_V = call fastcc i20 @fxp_sqrt(i32 %powerSummation_V)" [ColorComparator/ColorComparator.cpp:44]   --->   Core 0 '' <Latency = 0> <II = 1> <Delay = 1.00> <Generic> <Opcode : >

 <State 15> : 8.68ns
ST_15 : Operation 97 [2/13] (8.67ns)   --->   "%result_V = call fastcc i20 @fxp_sqrt(i32 %powerSummation_V)" [ColorComparator/ColorComparator.cpp:44]   --->   Core 0 '' <Latency = 0> <II = 1> <Delay = 1.00> <Generic> <Opcode : >

 <State 16> : 6.10ns
ST_16 : Operation 98 [1/1] (0.00ns)   --->   "call void (...)* @_ssdm_op_SpecInterface(i24 %pixel_V, [5 x i8]* @p_str6, i32 0, i32 0, [5 x i8]* @p_str7, i32 0, i32 0, [1 x i8]* @p_str2, [1 x i8]* @p_str2, [1 x i8]* @p_str2, i32 0, i32 0, i32 0, i32 0, [1 x i8]* @p_str2, [1 x i8]* @p_str2)"
ST_16 : Operation 99 [1/13] (6.10ns)   --->   "%result_V = call fastcc i20 @fxp_sqrt(i32 %powerSummation_V)" [ColorComparator/ColorComparator.cpp:44]   --->   Core 0 '' <Latency = 0> <II = 1> <Delay = 1.00> <Generic> <Opcode : >
ST_16 : Operation 100 [1/1] (0.00ns)   --->   "%tmp_23 = call i12 @_ssdm_op_PartSelect.i12.i20.i32.i32(i20 %result_V, i32 8, i32 19)" [ColorComparator/ColorComparator.cpp:45]
ST_16 : Operation 101 [1/1] (0.00ns)   --->   "ret i12 %tmp_23" [ColorComparator/ColorComparator.cpp:45]


============================================================
+ Verbose Summary: Timing violations
============================================================
Target clock period: 10ns, clock uncertainty: 1.25ns.

 <State 1>: 6.26ns
The critical path consists of the following:
	wire read on port 'color_V' [4]  (0 ns)
	'sub' operation ('r.V', ColorComparator/ColorComparator.cpp:40) [34]  (1.92 ns)
	'mul' operation ('tmp1', ColorComparator/ColorComparator.cpp:40) [37]  (4.35 ns)

 <State 2>: 6.38ns
The critical path consists of the following:
	'mul' operation ('tmp_5', ColorComparator/ColorComparator.cpp:40) [39]  (6.38 ns)

 <State 3>: 7.9ns
The critical path consists of the following:
	'add' operation ('tmp_2', ColorComparator/ColorComparator.cpp:39) [21]  (2.17 ns)
	'sub' operation ('p_neg1', ColorComparator/ColorComparator.cpp:39) [23]  (2.2 ns)
	'sub' operation ('tmp_1', ColorComparator/ColorComparator.cpp:39) [26]  (2.17 ns)
	'select' operation ('tmp_s', ColorComparator/ColorComparator.cpp:39) [29]  (1.37 ns)

 <State 4>: 7.51ns
The critical path consists of the following:
	'add' operation ('tmp2', ColorComparator/ColorComparator.cpp:42) [71]  (0 ns)
	'add' operation ('powerSummation.V', ColorComparator/ColorComparator.cpp:42) [72]  (4.28 ns)
	'call' operation ('result_V', ColorComparator/ColorComparator.cpp:44) to 'fxp_sqrt' [73]  (3.23 ns)

 <State 5>: 8.68ns
The critical path consists of the following:
	'call' operation ('result_V', ColorComparator/ColorComparator.cpp:44) to 'fxp_sqrt' [73]  (8.68 ns)

 <State 6>: 8.68ns
The critical path consists of the following:
	'call' operation ('result_V', ColorComparator/ColorComparator.cpp:44) to 'fxp_sqrt' [73]  (8.68 ns)

 <State 7>: 8.68ns
The critical path consists of the following:
	'call' operation ('result_V', ColorComparator/ColorComparator.cpp:44) to 'fxp_sqrt' [73]  (8.68 ns)

 <State 8>: 8.68ns
The critical path consists of the following:
	'call' operation ('result_V', ColorComparator/ColorComparator.cpp:44) to 'fxp_sqrt' [73]  (8.68 ns)

 <State 9>: 8.68ns
The critical path consists of the following:
	'call' operation ('result_V', ColorComparator/ColorComparator.cpp:44) to 'fxp_sqrt' [73]  (8.68 ns)

 <State 10>: 8.68ns
The critical path consists of the following:
	'call' operation ('result_V', ColorComparator/ColorComparator.cpp:44) to 'fxp_sqrt' [73]  (8.68 ns)

 <State 11>: 8.68ns
The critical path consists of the following:
	'call' operation ('result_V', ColorComparator/ColorComparator.cpp:44) to 'fxp_sqrt' [73]  (8.68 ns)

 <State 12>: 8.68ns
The critical path consists of the following:
	'call' operation ('result_V', ColorComparator/ColorComparator.cpp:44) to 'fxp_sqrt' [73]  (8.68 ns)

 <State 13>: 8.68ns
The critical path consists of the following:
	'call' operation ('result_V', ColorComparator/ColorComparator.cpp:44) to 'fxp_sqrt' [73]  (8.68 ns)

 <State 14>: 8.68ns
The critical path consists of the following:
	'call' operation ('result_V', ColorComparator/ColorComparator.cpp:44) to 'fxp_sqrt' [73]  (8.68 ns)

 <State 15>: 8.68ns
The critical path consists of the following:
	'call' operation ('result_V', ColorComparator/ColorComparator.cpp:44) to 'fxp_sqrt' [73]  (8.68 ns)

 <State 16>: 6.1ns
The critical path consists of the following:
	'call' operation ('result_V', ColorComparator/ColorComparator.cpp:44) to 'fxp_sqrt' [73]  (6.1 ns)


============================================================
+ Verbose Summary: Binding
============================================================
N/A
* FSMD analyzer results:
  - Output states:
 - Input state : 
  - Chain level:
	State 1
	State 2
	State 3
	State 4
	State 5
	State 6
	State 7
	State 8
	State 9
	State 10
	State 11
	State 12
	State 13
	State 14
	State 15
	State 16


============================================================
+ Verbose Summary: Datapath Resource usage 
============================================================
N/A
