

================================================================
== Vivado HLS Report for 'Loop_PIXEL_COLOR_LOO'
================================================================
* Date:           Sun Apr 15 02:24:06 2018

* Version:        2017.4.1 (Build 2117188 on Tue Jan 30 15:53:01 MST 2018)
* Project:        ColorComparator
* Solution:       solution1
* Product family: zynq
* Target device:  xc7z020clg400-1


================================================================
== Performance Estimates
================================================================
+ Timing (ns): 
    * Summary: 
    +--------+-------+----------+------------+
    |  Clock | Target| Estimated| Uncertainty|
    +--------+-------+----------+------------+
    |ap_clk  |  10.00|      8.68|        1.25|
    +--------+-------+----------+------------+

+ Latency (clock cycles): 
    * Summary: 
    +-----+-----+-----+-----+---------+
    |  Latency  |  Interval | Pipeline|
    | min | max | min | max |   Type  |
    +-----+-----+-----+-----+---------+
    |   23|   23|   23|   23|   none  |
    +-----+-----+-----+-----+---------+

    + Detail: 
        * Instance: 
        +---------------------+----------+-----+-----+-----+-----+----------+
        |                     |          |  Latency  |  Interval | Pipeline |
        |       Instance      |  Module  | min | max | min | max |   Type   |
        +---------------------+----------+-----+-----+-----+-----+----------+
        |grp_fxp_sqrt_fu_126  |fxp_sqrt  |   11|   11|    1|    1| function |
        +---------------------+----------+-----+-----+-----+-----+----------+

        * Loop: 
        +--------------------+-----+-----+----------+-----------+-----------+------+----------+
        |                    |  Latency  | Iteration|  Initiation Interval  | Trip |          |
        |      Loop Name     | min | max |  Latency |  achieved |   target  | Count| Pipelined|
        +--------------------+-----+-----+----------+-----------+-----------+------+----------+
        |- PIXEL_COLOR_LOOP  |   21|   21|        17|          1|          1|     6|    yes   |
        +--------------------+-----+-----+----------+-----------+-----------+------+----------+



================================================================
== Utilization Estimates
================================================================
* Summary: 
+-----------------+---------+-------+--------+-------+
|       Name      | BRAM_18K| DSP48E|   FF   |  LUT  |
+-----------------+---------+-------+--------+-------+
|DSP              |        -|      -|       -|      -|
|Expression       |        -|      0|       0|    442|
|FIFO             |        -|      -|       -|      -|
|Instance         |        -|      -|     333|   3613|
|Memory           |        0|      -|      17|      2|
|Multiplexer      |        -|      -|       -|     84|
|Register         |        0|      -|     317|     64|
+-----------------+---------+-------+--------+-------+
|Total            |        0|      0|     667|   4205|
+-----------------+---------+-------+--------+-------+
|Available        |      280|    220|  106400|  53200|
+-----------------+---------+-------+--------+-------+
|Utilization (%)  |        0|      0|   ~0   |      7|
+-----------------+---------+-------+--------+-------+

+ Detail: 
    * Instance: 
    +---------------------+----------+---------+-------+-----+------+
    |       Instance      |  Module  | BRAM_18K| DSP48E|  FF |  LUT |
    +---------------------+----------+---------+-------+-----+------+
    |grp_fxp_sqrt_fu_126  |fxp_sqrt  |        0|      0|  333|  3613|
    +---------------------+----------+---------+-------+-----+------+
    |Total                |          |        0|      0|  333|  3613|
    +---------------------+----------+---------+-------+-----+------+

    * DSP48: 
    N/A

    * Memory: 
    +-----------------+----------------------+---------+----+----+------+-----+------+-------------+
    |      Memory     |        Module        | BRAM_18K| FF | LUT| Words| Bits| Banks| W*Bits*Banks|
    +-----------------+----------------------+---------+----+----+------+-----+------+-------------+
    |p_color_array_U  |Loop_PIXEL_COLOR_bkb  |        0|  17|   2|     6|   17|     1|          102|
    +-----------------+----------------------+---------+----+----+------+-----+------+-------------+
    |Total            |                      |        0|  17|   2|     6|   17|     1|          102|
    +-----------------+----------------------+---------+----+----+------+-----+------+-------------+

    * FIFO: 
    N/A

    * Expression: 
    +-----------------------------------+----------+-------+---+----+------------+------------+
    |           Variable Name           | Operation| DSP48E| FF| LUT| Bitwidth P0| Bitwidth P1|
    +-----------------------------------+----------+-------+---+----+------------+------------+
    |result3_i_fu_228_p2                |     *    |      0|  0|  51|           9|           9|
    |result_11_i_fu_255_p2              |     *    |      0|  0|  51|           9|           9|
    |tmp_79_fu_286_p2                   |     *    |      0|  0|  51|           9|           9|
    |grp_fxp_sqrt_fu_126_in_val_V_read  |     +    |      0|  0|  36|          29|          29|
    |i_fu_173_p2                        |     +    |      0|  0|  12|           3|           1|
    |p_Val2_5_i_fu_292_p2               |     +    |      0|  0|  35|          28|          28|
    |number_assign_1_fu_246_p2          |     -    |      0|  0|  16|           9|           9|
    |number_assign_2_fu_273_p2          |     -    |      0|  0|  16|           9|           9|
    |number_assign_fu_214_p2            |     -    |      0|  0|  16|           9|           9|
    |p_Val2_2_fu_320_p2                 |     -    |      0|  0|  35|          28|          28|
    |exitcond_i_i_fu_167_p2             |   icmp   |      0|  0|   9|           3|           3|
    |tmp_1_i_fu_357_p2                  |   icmp   |      0|  0|  18|          32|          32|
    |ap_block_state1                    |    or    |      0|  0|   8|           1|           1|
    |colorRed_cast_i_cast_fu_192_p3     |  select  |      0|  0|   8|           1|           8|
    |distance_0_minimumDi_fu_371_p3     |  select  |      0|  0|  32|           1|          32|
    |i_0_minimumDistanceI_fu_363_p3     |  select  |      0|  0|  32|           1|          32|
    |ap_enable_pp0                      |    xor   |      0|  0|   8|           1|           2|
    |ap_enable_reg_pp0_iter1            |    xor   |      0|  0|   8|           2|           1|
    +-----------------------------------+----------+-------+---+----+------------+------------+
    |Total                              |          |      0|  0| 442|         184|         251|
    +-----------------------------------+----------+-------+---+----+------------+------------+

    * Multiplexer: 
    +-----------------------------------------------+----+-----------+-----+-----------+
    |                      Name                     | LUT| Input Size| Bits| Total Bits|
    +-----------------------------------------------+----+-----------+-----+-----------+
    |ap_NS_fsm                                      |  21|          4|    1|          4|
    |ap_done                                        |   9|          2|    1|          2|
    |ap_enable_reg_pp0_iter1                        |   9|          2|    1|          2|
    |ap_enable_reg_pp0_iter16                       |   9|          2|    1|          2|
    |ap_phi_mux_minimumDistanceIndex_phi_fu_106_p4  |   9|          2|    3|          6|
    |minimumDistanceIndex_1_reg_90                  |   9|          2|   32|         64|
    |minimumDistanceIndex_reg_102                   |   9|          2|    3|          6|
    |minimumDistance_0_i_s_reg_114                  |   9|          2|   32|         64|
    +-----------------------------------------------+----+-----------+-----+-----------+
    |Total                                          |  84|         18|   74|        150|
    +-----------------------------------------------+----+-----------+-----+-----------+

    * Register: 
    +-------------------------------+----+----+-----+-----------+
    |              Name             | FF | LUT| Bits| Const Bits|
    +-------------------------------+----+----+-----+-----------+
    |ap_CS_fsm                      |   3|   0|    3|          0|
    |ap_done_reg                    |   1|   0|    1|          0|
    |ap_enable_reg_pp0_iter0        |   1|   0|    1|          0|
    |ap_enable_reg_pp0_iter1        |   1|   0|    1|          0|
    |ap_enable_reg_pp0_iter10       |   1|   0|    1|          0|
    |ap_enable_reg_pp0_iter11       |   1|   0|    1|          0|
    |ap_enable_reg_pp0_iter12       |   1|   0|    1|          0|
    |ap_enable_reg_pp0_iter13       |   1|   0|    1|          0|
    |ap_enable_reg_pp0_iter14       |   1|   0|    1|          0|
    |ap_enable_reg_pp0_iter15       |   1|   0|    1|          0|
    |ap_enable_reg_pp0_iter16       |   1|   0|    1|          0|
    |ap_enable_reg_pp0_iter2        |   1|   0|    1|          0|
    |ap_enable_reg_pp0_iter3        |   1|   0|    1|          0|
    |ap_enable_reg_pp0_iter4        |   1|   0|    1|          0|
    |ap_enable_reg_pp0_iter5        |   1|   0|    1|          0|
    |ap_enable_reg_pp0_iter6        |   1|   0|    1|          0|
    |ap_enable_reg_pp0_iter7        |   1|   0|    1|          0|
    |ap_enable_reg_pp0_iter8        |   1|   0|    1|          0|
    |ap_enable_reg_pp0_iter9        |   1|   0|    1|          0|
    |colorBlue_reg_413              |   8|   0|    8|          0|
    |colorGreen_reg_408             |   8|   0|    8|          0|
    |exitcond_i_i_reg_394           |   1|   0|    1|          0|
    |i_reg_398                      |   3|   0|    3|          0|
    |minimumDistanceIndex_1_reg_90  |  32|   0|   32|          0|
    |minimumDistanceIndex_reg_102   |   3|   0|    3|          0|
    |minimumDistance_0_i_s_reg_114  |  32|   0|   32|          0|
    |number_assign_reg_418          |   9|   0|    9|          0|
    |p_Val2_5_i_reg_429             |  19|   0|   28|          9|
    |pixelBlue_cast_i_reg_389       |   8|   0|    9|          1|
    |pixelGreen_cast_i_reg_384      |   8|   0|    9|          1|
    |pixelRed_cast_i_reg_379        |   8|   0|    9|          1|
    |tmp_2_reg_439                  |  12|   0|   12|          0|
    |tmp_79_reg_423                 |  17|   0|   17|          0|
    |exitcond_i_i_reg_394           |  64|  32|    1|          0|
    |minimumDistanceIndex_reg_102   |  64|  32|    3|          0|
    +-------------------------------+----+----+-----+-----------+
    |Total                          | 317|  64|  205|         12|
    +-------------------------------+----+----+-----+-----------+



================================================================
== Interface
================================================================
* Summary: 
+-------------+-----+-----+------------+----------------------+--------------+
|  RTL Ports  | Dir | Bits|  Protocol  |     Source Object    |    C Type    |
+-------------+-----+-----+------------+----------------------+--------------+
|ap_clk       |  in |    1| ap_ctrl_hs | Loop_PIXEL_COLOR_LOO | return value |
|ap_rst       |  in |    1| ap_ctrl_hs | Loop_PIXEL_COLOR_LOO | return value |
|ap_start     |  in |    1| ap_ctrl_hs | Loop_PIXEL_COLOR_LOO | return value |
|ap_done      | out |    1| ap_ctrl_hs | Loop_PIXEL_COLOR_LOO | return value |
|ap_continue  |  in |    1| ap_ctrl_hs | Loop_PIXEL_COLOR_LOO | return value |
|ap_idle      | out |    1| ap_ctrl_hs | Loop_PIXEL_COLOR_LOO | return value |
|ap_ready     | out |    1| ap_ctrl_hs | Loop_PIXEL_COLOR_LOO | return value |
|ap_return    | out |   32| ap_ctrl_hs | Loop_PIXEL_COLOR_LOO | return value |
|pixel        |  in |   32|   ap_none  |         pixel        |    scalar    |
+-------------+-----+-----+------------+----------------------+--------------+

============================================================
+ Verbose Summary: Synthesis Manager
============================================================
InlineROM: 1
ExposeGlobal: 0
============================================================
+ Verbose Summary: CDFG Model
============================================================
IsTopModel: 0
ResetActiveHigh: 1
IsCombinational: 2
IsDatapathOnly: 0
HasWiredReturn: 1
HasMFsm: 0
HasVarLatency: 1
IsPipeline: 0
IsRtlPipelined: 0
IsInstanceOverlapped: 0
IsDontTouch: 0
HasImplIP: 0
IsGatedGlobalClock: 0

+ Individual pipeline summary: 
  * Pipeline-0: initiation interval (II) = 1, depth = 17


============================================================
+ Verbose Summary: Schedule
============================================================
* Number of FSM states : 19
* Pipeline : 1
  Pipeline-0 : II = 1, D = 17, States = { 2 3 4 5 6 7 8 9 10 11 12 13 14 15 16 17 18 }
* Dataflow Pipeline: 0

* FSM state transitions: 
1 --> 
	2  / true
2 --> 
	19  / (exitcond_i_i)
	3  / (!exitcond_i_i)
3 --> 
	4  / true
4 --> 
	5  / true
5 --> 
	6  / true
6 --> 
	7  / true
7 --> 
	8  / true
8 --> 
	9  / true
9 --> 
	10  / true
10 --> 
	11  / true
11 --> 
	12  / true
12 --> 
	13  / true
13 --> 
	14  / true
14 --> 
	15  / true
15 --> 
	16  / true
16 --> 
	17  / true
17 --> 
	18  / true
18 --> 
	2  / true
19 --> 

* FSM state operations: 

 <State 1> : 1.77ns
ST_1 : Operation 20 [1/1] (0.00ns)   --->   "%pixel_read = call i32 @_ssdm_op_Read.ap_auto.i32(i32 %pixel)"
ST_1 : Operation 21 [1/1] (0.00ns)   --->   "%pixelRed = call i8 @_ssdm_op_PartSelect.i8.i32.i32.i32(i32 %pixel_read, i32 16, i32 23)" [ColorComparator/ColorComparator.cpp:9->ColorComparator/ColorComparator.cpp:30]
ST_1 : Operation 22 [1/1] (0.00ns)   --->   "%pixelRed_cast_i = zext i8 %pixelRed to i9" [ColorComparator/ColorComparator.cpp:9->ColorComparator/ColorComparator.cpp:30]
ST_1 : Operation 23 [1/1] (0.00ns)   --->   "%pixelGreen = call i8 @_ssdm_op_PartSelect.i8.i32.i32.i32(i32 %pixel_read, i32 8, i32 15)" [ColorComparator/ColorComparator.cpp:10->ColorComparator/ColorComparator.cpp:30]
ST_1 : Operation 24 [1/1] (0.00ns)   --->   "%pixelGreen_cast_i = zext i8 %pixelGreen to i9" [ColorComparator/ColorComparator.cpp:10->ColorComparator/ColorComparator.cpp:30]
ST_1 : Operation 25 [1/1] (0.00ns)   --->   "%pixelBlue = trunc i32 %pixel_read to i8" [ColorComparator/ColorComparator.cpp:11->ColorComparator/ColorComparator.cpp:30]
ST_1 : Operation 26 [1/1] (0.00ns)   --->   "%pixelBlue_cast_i = zext i8 %pixelBlue to i9" [ColorComparator/ColorComparator.cpp:11->ColorComparator/ColorComparator.cpp:30]
ST_1 : Operation 27 [1/1] (1.76ns)   --->   "br label %0"

 <State 2> : 3.25ns
ST_2 : Operation 28 [1/1] (0.00ns)   --->   "%minimumDistanceIndex_1 = phi i32 [ 0, %newFuncRoot ], [ %i_0_minimumDistanceI, %1 ]" [ColorComparator/ColorComparator.cpp:31]
ST_2 : Operation 29 [1/1] (0.00ns)   --->   "%minimumDistanceIndex = phi i3 [ 0, %newFuncRoot ], [ %i, %1 ]"
ST_2 : Operation 30 [1/1] (0.00ns)   --->   "%minimumDistance_0_i_s = phi i32 [ 2147483647, %newFuncRoot ], [ %distance_0_minimumDi, %1 ]" [ColorComparator/ColorComparator.cpp:31]
ST_2 : Operation 31 [1/1] (1.13ns)   --->   "%exitcond_i_i = icmp eq i3 %minimumDistanceIndex, -2" [ColorComparator/ColorComparator.cpp:29]   --->   Core 25 'Cmp' <Latency = 0> <II = 1> <Delay = 2.47> <FuncUnit> <Opcode : 'icmp'> <InPorts = 2> <OutPorts = 1>
ST_2 : Operation 32 [1/1] (1.65ns)   --->   "%i = add i3 %minimumDistanceIndex, 1" [ColorComparator/ColorComparator.cpp:29]   --->   Core 14 'AddSub' <Latency = 0> <II = 1> <Delay = 2.43> <FuncUnit> <Opcode : 'add' 'sub'> <InPorts = 2> <OutPorts = 1>
ST_2 : Operation 33 [1/1] (0.00ns)   --->   "br i1 %exitcond_i_i, label %getPixelClassification_.exit2.exitStub, label %1" [ColorComparator/ColorComparator.cpp:29]
ST_2 : Operation 34 [1/1] (0.00ns)   --->   "%tmp_i = zext i3 %minimumDistanceIndex to i64" [ColorComparator/ColorComparator.cpp:30]
ST_2 : Operation 35 [1/1] (0.00ns)   --->   "%p_color_array_addr = getelementptr [6 x i17]* @p_color_array, i64 0, i64 %tmp_i" [ColorComparator/ColorComparator.cpp:30]
ST_2 : Operation 36 [2/2] (3.25ns)   --->   "%p_color_array_load = load i17* %p_color_array_addr, align 4" [ColorComparator/ColorComparator.cpp:30]   --->   Core 48 'ROM_nP' <Latency = 1> <II = 1> <Delay = 3.25> <Storage> <Opcode : 'load'> <Ports = 0> <Width = 17> <Depth = 6> <ROM>

 <State 3> : 5.19ns
ST_3 : Operation 37 [1/2] (3.25ns)   --->   "%p_color_array_load = load i17* %p_color_array_addr, align 4" [ColorComparator/ColorComparator.cpp:30]   --->   Core 48 'ROM_nP' <Latency = 1> <II = 1> <Delay = 3.25> <Storage> <Opcode : 'load'> <Ports = 0> <Width = 17> <Depth = 6> <ROM>
ST_3 : Operation 38 [1/1] (0.00ns) (grouped into LUT with out node number_assign)   --->   "%tmp_75 = call i1 @_ssdm_op_BitSelect.i1.i17.i32(i17 %p_color_array_load, i32 16)" [ColorComparator/ColorComparator.cpp:12->ColorComparator/ColorComparator.cpp:30]
ST_3 : Operation 39 [1/1] (0.00ns) (grouped into LUT with out node number_assign)   --->   "%colorRed_cast_i_cast = select i1 %tmp_75, i9 255, i9 0" [ColorComparator/ColorComparator.cpp:12->ColorComparator/ColorComparator.cpp:30]   --->   Core 26 'Sel' <Latency = 0> <II = 1> <Delay = 1.37> <FuncUnit> <Opcode : 'select'> <InPorts = 3> <OutPorts = 1>
ST_3 : Operation 40 [1/1] (0.00ns)   --->   "%colorGreen = call i8 @_ssdm_op_PartSelect.i8.i17.i32.i32(i17 %p_color_array_load, i32 8, i32 15)" [ColorComparator/ColorComparator.cpp:13->ColorComparator/ColorComparator.cpp:30]
ST_3 : Operation 41 [1/1] (0.00ns)   --->   "%colorBlue = trunc i17 %p_color_array_load to i8" [ColorComparator/ColorComparator.cpp:14->ColorComparator/ColorComparator.cpp:30]
ST_3 : Operation 42 [1/1] (1.93ns) (out node of the LUT)   --->   "%number_assign = sub i9 %pixelRed_cast_i, %colorRed_cast_i_cast" [ColorComparator/ColorComparator.cpp:16->ColorComparator/ColorComparator.cpp:30]   --->   Core 14 'AddSub' <Latency = 0> <II = 1> <Delay = 2.43> <FuncUnit> <Opcode : 'add' 'sub'> <InPorts = 2> <OutPorts = 1>

 <State 4> : 8.67ns
ST_4 : Operation 43 [1/1] (0.00ns)   --->   "%colorGreen_cast_i = zext i8 %colorGreen to i9" [ColorComparator/ColorComparator.cpp:13->ColorComparator/ColorComparator.cpp:30]
ST_4 : Operation 44 [1/1] (0.00ns)   --->   "%colorBlue_cast_i = zext i8 %colorBlue to i9" [ColorComparator/ColorComparator.cpp:14->ColorComparator/ColorComparator.cpp:30]
ST_4 : Operation 45 [1/1] (0.00ns)   --->   "%tmp_s = sext i9 %number_assign to i17" [ColorComparator/powerFunction.cpp:7->ColorComparator/ColorComparator.cpp:16->ColorComparator/ColorComparator.cpp:30]
ST_4 : Operation 46 [1/1] (4.35ns)   --->   "%result3_i = mul i17 %tmp_s, %tmp_s" [ColorComparator/ColorComparator.cpp:16->ColorComparator/ColorComparator.cpp:30]   --->   Core 16 'Mul' <Latency = 0> <II = 1> <Delay = 4.35> <FuncUnit> <Opcode : 'mul'> <InPorts = 2> <OutPorts = 1>
ST_4 : Operation 47 [1/1] (0.00ns)   --->   "%p_Val2_s = call i26 @_ssdm_op_BitConcatenate.i26.i17.i9(i17 %result3_i, i9 0)" [ColorComparator/ColorComparator.cpp:16->ColorComparator/ColorComparator.cpp:30]
ST_4 : Operation 48 [1/1] (0.00ns)   --->   "%p_Val2_cast_i = sext i26 %p_Val2_s to i28" [ColorComparator/ColorComparator.cpp:16->ColorComparator/ColorComparator.cpp:30]
ST_4 : Operation 49 [1/1] (1.91ns)   --->   "%number_assign_1 = sub i9 %pixelGreen_cast_i, %colorGreen_cast_i" [ColorComparator/ColorComparator.cpp:17->ColorComparator/ColorComparator.cpp:30]   --->   Core 14 'AddSub' <Latency = 0> <II = 1> <Delay = 2.43> <FuncUnit> <Opcode : 'add' 'sub'> <InPorts = 2> <OutPorts = 1>
ST_4 : Operation 50 [1/1] (0.00ns)   --->   "%tmp_1 = sext i9 %number_assign_1 to i17" [ColorComparator/powerFunction.cpp:7->ColorComparator/ColorComparator.cpp:17->ColorComparator/ColorComparator.cpp:30]
ST_4 : Operation 51 [1/1] (4.35ns)   --->   "%result_11_i = mul i17 %tmp_1, %tmp_1" [ColorComparator/ColorComparator.cpp:17->ColorComparator/ColorComparator.cpp:30]   --->   Core 16 'Mul' <Latency = 0> <II = 1> <Delay = 4.35> <FuncUnit> <Opcode : 'mul'> <InPorts = 2> <OutPorts = 1>
ST_4 : Operation 52 [1/1] (0.00ns)   --->   "%p_Val2_1 = call i27 @_ssdm_op_BitConcatenate.i27.i17.i10(i17 %result_11_i, i10 0)" [ColorComparator/ColorComparator.cpp:17->ColorComparator/ColorComparator.cpp:30]
ST_4 : Operation 53 [1/1] (0.00ns)   --->   "%p_Val2_1_cast_i = sext i27 %p_Val2_1 to i28" [ColorComparator/ColorComparator.cpp:17->ColorComparator/ColorComparator.cpp:30]
ST_4 : Operation 54 [1/1] (1.91ns)   --->   "%number_assign_2 = sub i9 %pixelBlue_cast_i, %colorBlue_cast_i" [ColorComparator/ColorComparator.cpp:18->ColorComparator/ColorComparator.cpp:30]   --->   Core 14 'AddSub' <Latency = 0> <II = 1> <Delay = 2.43> <FuncUnit> <Opcode : 'add' 'sub'> <InPorts = 2> <OutPorts = 1>
ST_4 : Operation 55 [1/1] (0.00ns)   --->   "%tmp_77 = sext i9 %number_assign_2 to i17" [ColorComparator/powerFunction.cpp:7->ColorComparator/ColorComparator.cpp:18->ColorComparator/ColorComparator.cpp:30]
ST_4 : Operation 56 [1/1] (0.00ns)   --->   "%tmp_78 = sext i9 %number_assign_2 to i17" [ColorComparator/powerFunction.cpp:7->ColorComparator/ColorComparator.cpp:18->ColorComparator/ColorComparator.cpp:30]
ST_4 : Operation 57 [1/1] (4.35ns)   --->   "%tmp_79 = mul i17 %tmp_78, %tmp_77" [ColorComparator/powerFunction.cpp:7->ColorComparator/ColorComparator.cpp:18->ColorComparator/ColorComparator.cpp:30]   --->   Core 16 'Mul' <Latency = 0> <II = 1> <Delay = 4.35> <FuncUnit> <Opcode : 'mul'> <InPorts = 2> <OutPorts = 1>
ST_4 : Operation 58 [1/1] (2.40ns)   --->   "%p_Val2_5_i = add i28 %p_Val2_cast_i, %p_Val2_1_cast_i" [ColorComparator/ColorComparator.cpp:19->ColorComparator/ColorComparator.cpp:30]   --->   Core 14 'AddSub' <Latency = 0> <II = 1> <Delay = 2.43> <FuncUnit> <Opcode : 'add' 'sub'> <InPorts = 2> <OutPorts = 1>

 <State 5> : 8.07ns
ST_5 : Operation 59 [1/1] (0.00ns)   --->   "%p_shl_i = call i27 @_ssdm_op_BitConcatenate.i27.i17.i10(i17 %tmp_79, i10 0)" [ColorComparator/ColorComparator.cpp:18->ColorComparator/ColorComparator.cpp:30]
ST_5 : Operation 60 [1/1] (0.00ns)   --->   "%p_shl_cast_i = sext i27 %p_shl_i to i28" [ColorComparator/ColorComparator.cpp:18->ColorComparator/ColorComparator.cpp:30]
ST_5 : Operation 61 [1/1] (0.00ns)   --->   "%p_shl9_i = call i25 @_ssdm_op_BitConcatenate.i25.i17.i8(i17 %tmp_79, i8 0)" [ColorComparator/ColorComparator.cpp:18->ColorComparator/ColorComparator.cpp:30]
ST_5 : Operation 62 [1/1] (0.00ns)   --->   "%p_shl9_cast_i = sext i25 %p_shl9_i to i28" [ColorComparator/ColorComparator.cpp:18->ColorComparator/ColorComparator.cpp:30]
ST_5 : Operation 63 [1/1] (2.40ns)   --->   "%p_Val2_2 = sub i28 %p_shl_cast_i, %p_shl9_cast_i" [ColorComparator/ColorComparator.cpp:18->ColorComparator/ColorComparator.cpp:30]   --->   Core 14 'AddSub' <Latency = 0> <II = 1> <Delay = 2.43> <FuncUnit> <Opcode : 'add' 'sub'> <InPorts = 2> <OutPorts = 1>
ST_5 : Operation 64 [1/1] (0.00ns)   --->   "%p_Val2_2_cast_i = sext i28 %p_Val2_2 to i29" [ColorComparator/ColorComparator.cpp:18->ColorComparator/ColorComparator.cpp:30]
ST_5 : Operation 65 [1/1] (0.00ns)   --->   "%p_Val2_5_cast_i = sext i28 %p_Val2_5_i to i29" [ColorComparator/ColorComparator.cpp:19->ColorComparator/ColorComparator.cpp:30]
ST_5 : Operation 66 [1/1] (2.43ns)   --->   "%powerSummation_V = add i29 %p_Val2_2_cast_i, %p_Val2_5_cast_i" [ColorComparator/ColorComparator.cpp:19->ColorComparator/ColorComparator.cpp:30]   --->   Core 14 'AddSub' <Latency = 0> <II = 1> <Delay = 2.43> <FuncUnit> <Opcode : 'add' 'sub'> <InPorts = 2> <OutPorts = 1>
ST_5 : Operation 67 [13/13] (3.22ns)   --->   "%result_V_i = call fastcc i20 @fxp_sqrt(i29 %powerSummation_V) nounwind" [ColorComparator/ColorComparator.cpp:21->ColorComparator/ColorComparator.cpp:30]   --->   Core 0 '' <Latency = 0> <II = 1> <Delay = 1.00> <Generic> <Opcode : >

 <State 6> : 8.68ns
ST_6 : Operation 68 [12/13] (8.67ns)   --->   "%result_V_i = call fastcc i20 @fxp_sqrt(i29 %powerSummation_V) nounwind" [ColorComparator/ColorComparator.cpp:21->ColorComparator/ColorComparator.cpp:30]   --->   Core 0 '' <Latency = 0> <II = 1> <Delay = 1.00> <Generic> <Opcode : >

 <State 7> : 8.68ns
ST_7 : Operation 69 [11/13] (8.67ns)   --->   "%result_V_i = call fastcc i20 @fxp_sqrt(i29 %powerSummation_V) nounwind" [ColorComparator/ColorComparator.cpp:21->ColorComparator/ColorComparator.cpp:30]   --->   Core 0 '' <Latency = 0> <II = 1> <Delay = 1.00> <Generic> <Opcode : >

 <State 8> : 8.68ns
ST_8 : Operation 70 [10/13] (8.67ns)   --->   "%result_V_i = call fastcc i20 @fxp_sqrt(i29 %powerSummation_V) nounwind" [ColorComparator/ColorComparator.cpp:21->ColorComparator/ColorComparator.cpp:30]   --->   Core 0 '' <Latency = 0> <II = 1> <Delay = 1.00> <Generic> <Opcode : >

 <State 9> : 8.68ns
ST_9 : Operation 71 [9/13] (8.67ns)   --->   "%result_V_i = call fastcc i20 @fxp_sqrt(i29 %powerSummation_V) nounwind" [ColorComparator/ColorComparator.cpp:21->ColorComparator/ColorComparator.cpp:30]   --->   Core 0 '' <Latency = 0> <II = 1> <Delay = 1.00> <Generic> <Opcode : >

 <State 10> : 8.68ns
ST_10 : Operation 72 [8/13] (8.67ns)   --->   "%result_V_i = call fastcc i20 @fxp_sqrt(i29 %powerSummation_V) nounwind" [ColorComparator/ColorComparator.cpp:21->ColorComparator/ColorComparator.cpp:30]   --->   Core 0 '' <Latency = 0> <II = 1> <Delay = 1.00> <Generic> <Opcode : >

 <State 11> : 8.68ns
ST_11 : Operation 73 [7/13] (8.67ns)   --->   "%result_V_i = call fastcc i20 @fxp_sqrt(i29 %powerSummation_V) nounwind" [ColorComparator/ColorComparator.cpp:21->ColorComparator/ColorComparator.cpp:30]   --->   Core 0 '' <Latency = 0> <II = 1> <Delay = 1.00> <Generic> <Opcode : >

 <State 12> : 8.68ns
ST_12 : Operation 74 [6/13] (8.67ns)   --->   "%result_V_i = call fastcc i20 @fxp_sqrt(i29 %powerSummation_V) nounwind" [ColorComparator/ColorComparator.cpp:21->ColorComparator/ColorComparator.cpp:30]   --->   Core 0 '' <Latency = 0> <II = 1> <Delay = 1.00> <Generic> <Opcode : >

 <State 13> : 8.68ns
ST_13 : Operation 75 [5/13] (8.67ns)   --->   "%result_V_i = call fastcc i20 @fxp_sqrt(i29 %powerSummation_V) nounwind" [ColorComparator/ColorComparator.cpp:21->ColorComparator/ColorComparator.cpp:30]   --->   Core 0 '' <Latency = 0> <II = 1> <Delay = 1.00> <Generic> <Opcode : >

 <State 14> : 8.68ns
ST_14 : Operation 76 [4/13] (8.67ns)   --->   "%result_V_i = call fastcc i20 @fxp_sqrt(i29 %powerSummation_V) nounwind" [ColorComparator/ColorComparator.cpp:21->ColorComparator/ColorComparator.cpp:30]   --->   Core 0 '' <Latency = 0> <II = 1> <Delay = 1.00> <Generic> <Opcode : >

 <State 15> : 8.68ns
ST_15 : Operation 77 [3/13] (8.67ns)   --->   "%result_V_i = call fastcc i20 @fxp_sqrt(i29 %powerSummation_V) nounwind" [ColorComparator/ColorComparator.cpp:21->ColorComparator/ColorComparator.cpp:30]   --->   Core 0 '' <Latency = 0> <II = 1> <Delay = 1.00> <Generic> <Opcode : >

 <State 16> : 8.68ns
ST_16 : Operation 78 [2/13] (8.67ns)   --->   "%result_V_i = call fastcc i20 @fxp_sqrt(i29 %powerSummation_V) nounwind" [ColorComparator/ColorComparator.cpp:21->ColorComparator/ColorComparator.cpp:30]   --->   Core 0 '' <Latency = 0> <II = 1> <Delay = 1.00> <Generic> <Opcode : >

 <State 17> : 6.10ns
ST_17 : Operation 79 [1/13] (6.10ns)   --->   "%result_V_i = call fastcc i20 @fxp_sqrt(i29 %powerSummation_V) nounwind" [ColorComparator/ColorComparator.cpp:21->ColorComparator/ColorComparator.cpp:30]   --->   Core 0 '' <Latency = 0> <II = 1> <Delay = 1.00> <Generic> <Opcode : >
ST_17 : Operation 80 [1/1] (0.00ns)   --->   "%tmp_2 = call i12 @_ssdm_op_PartSelect.i12.i20.i32.i32(i20 %result_V_i, i32 8, i32 19) nounwind" [ColorComparator/ColorComparator.cpp:22->ColorComparator/ColorComparator.cpp:30]

 <State 18> : 3.84ns
ST_18 : Operation 81 [1/1] (0.00ns)   --->   "%minimumDistanceIndex_2 = zext i3 %minimumDistanceIndex to i32" [ColorComparator/ColorComparator.cpp:33]
ST_18 : Operation 82 [1/1] (0.00ns)   --->   "%empty = call i32 (...)* @_ssdm_op_SpecLoopTripCount(i64 6, i64 6, i64 6) nounwind"
ST_18 : Operation 83 [1/1] (0.00ns)   --->   "call void (...)* @_ssdm_op_SpecLoopName([17 x i8]* @p_str12) nounwind" [ColorComparator/ColorComparator.cpp:29]
ST_18 : Operation 84 [1/1] (0.00ns)   --->   "%tmp = call i32 (...)* @_ssdm_op_SpecRegionBegin([17 x i8]* @p_str12) nounwind" [ColorComparator/ColorComparator.cpp:29]
ST_18 : Operation 85 [1/1] (0.00ns)   --->   "call void (...)* @_ssdm_op_SpecPipeline(i32 1, i32 1, i32 1, i32 0, [1 x i8]* @p_str1) nounwind" [ColorComparator/ColorComparator.cpp:30]
ST_18 : Operation 86 [1/1] (0.00ns)   --->   "%rbegin = call i32 (...)* @_ssdm_op_SpecRegionBegin([24 x i8]* @getColorDistance_OC_s)"
ST_18 : Operation 87 [1/1] (0.00ns)   --->   "%rend = call i32 (...)* @_ssdm_op_SpecRegionEnd([24 x i8]* @getColorDistance_OC_s, i32 %rbegin)"
ST_18 : Operation 88 [1/1] (0.00ns)   --->   "%minimumDistance = zext i12 %tmp_2 to i32" [ColorComparator/ColorComparator.cpp:30]
ST_18 : Operation 89 [1/1] (2.47ns)   --->   "%tmp_1_i = icmp slt i32 %minimumDistance, %minimumDistance_0_i_s" [ColorComparator/ColorComparator.cpp:31]   --->   Core 25 'Cmp' <Latency = 0> <II = 1> <Delay = 2.47> <FuncUnit> <Opcode : 'icmp'> <InPorts = 2> <OutPorts = 1>
ST_18 : Operation 90 [1/1] (1.37ns)   --->   "%i_0_minimumDistanceI = select i1 %tmp_1_i, i32 %minimumDistanceIndex_2, i32 %minimumDistanceIndex_1" [ColorComparator/ColorComparator.cpp:31]   --->   Core 26 'Sel' <Latency = 0> <II = 1> <Delay = 1.37> <FuncUnit> <Opcode : 'select'> <InPorts = 3> <OutPorts = 1>
ST_18 : Operation 91 [1/1] (1.37ns)   --->   "%distance_0_minimumDi = select i1 %tmp_1_i, i32 %minimumDistance, i32 %minimumDistance_0_i_s" [ColorComparator/ColorComparator.cpp:31]   --->   Core 26 'Sel' <Latency = 0> <II = 1> <Delay = 1.37> <FuncUnit> <Opcode : 'select'> <InPorts = 3> <OutPorts = 1>
ST_18 : Operation 92 [1/1] (0.00ns)   --->   "%empty_158 = call i32 (...)* @_ssdm_op_SpecRegionEnd([17 x i8]* @p_str12, i32 %tmp) nounwind" [ColorComparator/ColorComparator.cpp:35]
ST_18 : Operation 93 [1/1] (0.00ns)   --->   "br label %0" [ColorComparator/ColorComparator.cpp:29]

 <State 19> : 0.00ns
ST_19 : Operation 94 [1/1] (0.00ns)   --->   "ret i32 %minimumDistanceIndex_1" [ColorComparator/ColorComparator.cpp:31]


============================================================
+ Verbose Summary: Binding
============================================================
STG Binding: 
---------------- STG Properties BEGIN ----------------
- Is combinational: 0
- Is one-state seq: 0
- Is datapath-only: 0
- Is pipelined: 0
- Is top level: 0
Port [ Return ] is wired: 1; IO mode=ap_ctrl_hs:ce=0
Port [ pixel]:  wired=1; compound=0; hidden=0; nouse=0; global=0; static=0; extern=0; dir=0; type=0; pingpong=0; private_global=0; IO mode=ap_none:ce=0
Port [ p_color_array]:  wired=0; compound=1; hidden=1; nouse=0; global=1; static=1; extern=0; dir=0; type=1; pingpong=0; private_global=1; linkage=7; visibility=0; MemPort=[1]; IO mode=ap_memory:ce=0
---------------- STG Properties END ------------------

---------------- Datapath Model BEGIN ----------------

<LifeTime>
<method=bitvector/>
pixel_read             (read             ) [ 00000000000000000000]
pixelRed               (partselect       ) [ 00000000000000000000]
pixelRed_cast_i        (zext             ) [ 00111111111111111110]
pixelGreen             (partselect       ) [ 00000000000000000000]
pixelGreen_cast_i      (zext             ) [ 00111111111111111110]
pixelBlue              (trunc            ) [ 00000000000000000000]
pixelBlue_cast_i       (zext             ) [ 00111111111111111110]
StgValue_27            (br               ) [ 01111111111111111110]
minimumDistanceIndex_1 (phi              ) [ 00111111111111111111]
minimumDistanceIndex   (phi              ) [ 00111111111111111110]
minimumDistance_0_i_s  (phi              ) [ 00111111111111111110]
exitcond_i_i           (icmp             ) [ 00111111111111111110]
i                      (add              ) [ 01111111111111111110]
StgValue_33            (br               ) [ 00000000000000000000]
tmp_i                  (zext             ) [ 00000000000000000000]
p_color_array_addr     (getelementptr    ) [ 00110000000000000000]
p_color_array_load     (load             ) [ 00000000000000000000]
tmp_75                 (bitselect        ) [ 00000000000000000000]
colorRed_cast_i_cast   (select           ) [ 00000000000000000000]
colorGreen             (partselect       ) [ 00101000000000000000]
colorBlue              (trunc            ) [ 00101000000000000000]
number_assign          (sub              ) [ 00101000000000000000]
colorGreen_cast_i      (zext             ) [ 00000000000000000000]
colorBlue_cast_i       (zext             ) [ 00000000000000000000]
tmp_s                  (sext             ) [ 00000000000000000000]
result3_i              (mul              ) [ 00000000000000000000]
p_Val2_s               (bitconcatenate   ) [ 00000000000000000000]
p_Val2_cast_i          (sext             ) [ 00000000000000000000]
number_assign_1        (sub              ) [ 00000000000000000000]
tmp_1                  (sext             ) [ 00000000000000000000]
result_11_i            (mul              ) [ 00000000000000000000]
p_Val2_1               (bitconcatenate   ) [ 00000000000000000000]
p_Val2_1_cast_i        (sext             ) [ 00000000000000000000]
number_assign_2        (sub              ) [ 00000000000000000000]
tmp_77                 (sext             ) [ 00000000000000000000]
tmp_78                 (sext             ) [ 00000000000000000000]
tmp_79                 (mul              ) [ 00100100000000000000]
p_Val2_5_i             (add              ) [ 00100100000000000000]
p_shl_i                (bitconcatenate   ) [ 00000000000000000000]
p_shl_cast_i           (sext             ) [ 00000000000000000000]
p_shl9_i               (bitconcatenate   ) [ 00000000000000000000]
p_shl9_cast_i          (sext             ) [ 00000000000000000000]
p_Val2_2               (sub              ) [ 00000000000000000000]
p_Val2_2_cast_i        (sext             ) [ 00000000000000000000]
p_Val2_5_cast_i        (sext             ) [ 00000000000000000000]
powerSummation_V       (add              ) [ 00100011111111111100]
result_V_i             (call             ) [ 00000000000000000000]
tmp_2                  (partselect       ) [ 00100000000000000010]
minimumDistanceIndex_2 (zext             ) [ 00000000000000000000]
empty                  (speclooptripcount) [ 00000000000000000000]
StgValue_83            (specloopname     ) [ 00000000000000000000]
tmp                    (specregionbegin  ) [ 00000000000000000000]
StgValue_85            (specpipeline     ) [ 00000000000000000000]
rbegin                 (specregionbegin  ) [ 00000000000000000000]
rend                   (specregionend    ) [ 00000000000000000000]
minimumDistance        (zext             ) [ 00000000000000000000]
tmp_1_i                (icmp             ) [ 00000000000000000000]
i_0_minimumDistanceI   (select           ) [ 01111111111111111110]
distance_0_minimumDi   (select           ) [ 01111111111111111110]
empty_158              (specregionend    ) [ 00000000000000000000]
StgValue_93            (br               ) [ 01111111111111111110]
StgValue_94            (ret              ) [ 00000000000000000000]
</LifeTime>

<model>

<comp_list>
<comp id="0" class="1000" name="pixel">
<pin_list>
<pin id="1" dir="1" index="0" bw="1" slack="0"/>
</pin_list>
<bind>
<StgValue><ssdm name="pixel"/></StgValue>
</bind>
</comp>

<comp id="2" class="1000" name="p_color_array">
<pin_list>
<pin id="3" dir="1" index="0" bw="1" slack="0"/>
</pin_list>
<bind>
<StgValue><ssdm name="p_color_array"/><MemPortTyVec>1 </MemPortTyVec>
</StgValue>
</bind>
</comp>

<comp id="4" class="1001" name="const_4">
<pin_list>
<pin id="5" dir="1" index="0" bw="1" slack="0"/>
</pin_list>
<bind>
<StgValue><ssdm name="_ssdm_op_Read.ap_auto.i32"/></StgValue>
</bind>
</comp>

<comp id="6" class="1001" name="const_6">
<pin_list>
<pin id="7" dir="1" index="0" bw="1" slack="0"/>
</pin_list>
<bind>
<StgValue><ssdm name="_ssdm_op_PartSelect.i8.i32.i32.i32"/></StgValue>
</bind>
</comp>

<comp id="8" class="1001" name="const_8">
<pin_list>
<pin id="9" dir="1" index="0" bw="1" slack="0"/>
</pin_list>
<bind>
<StgValue><ssdm name=""/></StgValue>
</bind>
</comp>

<comp id="10" class="1001" name="const_10">
<pin_list>
<pin id="11" dir="1" index="0" bw="1" slack="0"/>
</pin_list>
<bind>
<StgValue><ssdm name=""/></StgValue>
</bind>
</comp>

<comp id="12" class="1001" name="const_12">
<pin_list>
<pin id="13" dir="1" index="0" bw="1" slack="0"/>
</pin_list>
<bind>
<StgValue><ssdm name=""/></StgValue>
</bind>
</comp>

<comp id="14" class="1001" name="const_14">
<pin_list>
<pin id="15" dir="1" index="0" bw="1" slack="0"/>
</pin_list>
<bind>
<StgValue><ssdm name=""/></StgValue>
</bind>
</comp>

<comp id="16" class="1001" name="const_16">
<pin_list>
<pin id="17" dir="1" index="0" bw="1" slack="1"/>
</pin_list>
<bind>
<StgValue><ssdm name=""/></StgValue>
</bind>
</comp>

<comp id="18" class="1001" name="const_18">
<pin_list>
<pin id="19" dir="1" index="0" bw="1" slack="1"/>
</pin_list>
<bind>
<StgValue><ssdm name=""/></StgValue>
</bind>
</comp>

<comp id="20" class="1001" name="const_20">
<pin_list>
<pin id="21" dir="1" index="0" bw="1" slack="1"/>
</pin_list>
<bind>
<StgValue><ssdm name=""/></StgValue>
</bind>
</comp>

<comp id="22" class="1001" name="const_22">
<pin_list>
<pin id="23" dir="1" index="0" bw="1" slack="0"/>
</pin_list>
<bind>
<StgValue><ssdm name=""/></StgValue>
</bind>
</comp>

<comp id="24" class="1001" name="const_24">
<pin_list>
<pin id="25" dir="1" index="0" bw="1" slack="0"/>
</pin_list>
<bind>
<StgValue><ssdm name=""/></StgValue>
</bind>
</comp>

<comp id="26" class="1001" name="const_26">
<pin_list>
<pin id="27" dir="1" index="0" bw="1" slack="0"/>
</pin_list>
<bind>
<StgValue><ssdm name=""/></StgValue>
</bind>
</comp>

<comp id="28" class="1001" name="const_28">
<pin_list>
<pin id="29" dir="1" index="0" bw="1" slack="0"/>
</pin_list>
<bind>
<StgValue><ssdm name="_ssdm_op_BitSelect.i1.i17.i32"/></StgValue>
</bind>
</comp>

<comp id="30" class="1001" name="const_30">
<pin_list>
<pin id="31" dir="1" index="0" bw="1" slack="0"/>
</pin_list>
<bind>
<StgValue><ssdm name=""/></StgValue>
</bind>
</comp>

<comp id="32" class="1001" name="const_32">
<pin_list>
<pin id="33" dir="1" index="0" bw="1" slack="0"/>
</pin_list>
<bind>
<StgValue><ssdm name=""/></StgValue>
</bind>
</comp>

<comp id="34" class="1001" name="const_34">
<pin_list>
<pin id="35" dir="1" index="0" bw="1" slack="0"/>
</pin_list>
<bind>
<StgValue><ssdm name="_ssdm_op_PartSelect.i8.i17.i32.i32"/></StgValue>
</bind>
</comp>

<comp id="36" class="1001" name="const_36">
<pin_list>
<pin id="37" dir="1" index="0" bw="1" slack="0"/>
</pin_list>
<bind>
<StgValue><ssdm name="_ssdm_op_BitConcatenate.i26.i17.i9"/></StgValue>
</bind>
</comp>

<comp id="38" class="1001" name="const_38">
<pin_list>
<pin id="39" dir="1" index="0" bw="1" slack="0"/>
</pin_list>
<bind>
<StgValue><ssdm name="_ssdm_op_BitConcatenate.i27.i17.i10"/></StgValue>
</bind>
</comp>

<comp id="40" class="1001" name="const_40">
<pin_list>
<pin id="41" dir="1" index="0" bw="1" slack="0"/>
</pin_list>
<bind>
<StgValue><ssdm name=""/></StgValue>
</bind>
</comp>

<comp id="42" class="1001" name="const_42">
<pin_list>
<pin id="43" dir="1" index="0" bw="1" slack="0"/>
</pin_list>
<bind>
<StgValue><ssdm name="_ssdm_op_BitConcatenate.i25.i17.i8"/></StgValue>
</bind>
</comp>

<comp id="44" class="1001" name="const_44">
<pin_list>
<pin id="45" dir="1" index="0" bw="1" slack="0"/>
</pin_list>
<bind>
<StgValue><ssdm name=""/></StgValue>
</bind>
</comp>

<comp id="46" class="1001" name="const_46">
<pin_list>
<pin id="47" dir="1" index="0" bw="1" slack="0"/>
</pin_list>
<bind>
<StgValue><ssdm name="fxp_sqrt"/></StgValue>
</bind>
</comp>

<comp id="48" class="1001" name="const_48">
<pin_list>
<pin id="49" dir="1" index="0" bw="1" slack="0"/>
</pin_list>
<bind>
<StgValue><ssdm name="_ssdm_op_PartSelect.i12.i20.i32.i32"/></StgValue>
</bind>
</comp>

<comp id="50" class="1001" name="const_50">
<pin_list>
<pin id="51" dir="1" index="0" bw="1" slack="0"/>
</pin_list>
<bind>
<StgValue><ssdm name=""/></StgValue>
</bind>
</comp>

<comp id="52" class="1001" name="const_52">
<pin_list>
<pin id="53" dir="1" index="0" bw="1" slack="2147483647"/>
</pin_list>
<bind>
<StgValue><ssdm name="_ssdm_op_SpecLoopTripCount"/></StgValue>
</bind>
</comp>

<comp id="54" class="1001" name="const_54">
<pin_list>
<pin id="55" dir="1" index="0" bw="1" slack="2147483647"/>
</pin_list>
<bind>
<StgValue><ssdm name=""/></StgValue>
</bind>
</comp>

<comp id="56" class="1001" name="const_56">
<pin_list>
<pin id="57" dir="1" index="0" bw="1" slack="2147483647"/>
</pin_list>
<bind>
<StgValue><ssdm name="_ssdm_op_SpecLoopName"/></StgValue>
</bind>
</comp>

<comp id="58" class="1001" name="const_58">
<pin_list>
<pin id="59" dir="1" index="0" bw="1" slack="2147483647"/>
</pin_list>
<bind>
<StgValue><ssdm name="p_str12"/></StgValue>
</bind>
</comp>

<comp id="60" class="1001" name="const_60">
<pin_list>
<pin id="61" dir="1" index="0" bw="1" slack="2147483647"/>
</pin_list>
<bind>
<StgValue><ssdm name="_ssdm_op_SpecRegionBegin"/></StgValue>
</bind>
</comp>

<comp id="62" class="1001" name="const_62">
<pin_list>
<pin id="63" dir="1" index="0" bw="1" slack="2147483647"/>
</pin_list>
<bind>
<StgValue><ssdm name="_ssdm_op_SpecPipeline"/></StgValue>
</bind>
</comp>

<comp id="64" class="1001" name="const_64">
<pin_list>
<pin id="65" dir="1" index="0" bw="1" slack="2147483647"/>
</pin_list>
<bind>
<StgValue><ssdm name=""/></StgValue>
</bind>
</comp>

<comp id="66" class="1001" name="const_66">
<pin_list>
<pin id="67" dir="1" index="0" bw="1" slack="2147483647"/>
</pin_list>
<bind>
<StgValue><ssdm name="p_str1"/></StgValue>
</bind>
</comp>

<comp id="68" class="1001" name="const_68">
<pin_list>
<pin id="69" dir="1" index="0" bw="1" slack="2147483647"/>
</pin_list>
<bind>
<StgValue><ssdm name="getColorDistance_OC_s"/></StgValue>
</bind>
</comp>

<comp id="70" class="1001" name="const_70">
<pin_list>
<pin id="71" dir="1" index="0" bw="1" slack="2147483647"/>
</pin_list>
<bind>
<StgValue><ssdm name="_ssdm_op_SpecRegionEnd"/></StgValue>
</bind>
</comp>

<comp id="72" class="1004" name="pixel_read_read_fu_72">
<pin_list>
<pin id="73" dir="0" index="0" bw="32" slack="0"/>
<pin id="74" dir="0" index="1" bw="32" slack="0"/>
<pin id="75" dir="1" index="2" bw="32" slack="0"/>
</pin_list>
<bind>
<opcode="read(1150) " fcode="read"/>
<opset="pixel_read/1 "/>
</bind>
</comp>

<comp id="78" class="1004" name="p_color_array_addr_gep_fu_78">
<pin_list>
<pin id="79" dir="0" index="0" bw="17" slack="0"/>
<pin id="80" dir="0" index="1" bw="1" slack="0"/>
<pin id="81" dir="0" index="2" bw="3" slack="0"/>
<pin id="82" dir="1" index="3" bw="3" slack="0"/>
</pin_list>
<bind>
<opcode="getelementptr(29) " fcode="getelementptr"/>
<opset="p_color_array_addr/2 "/>
</bind>
</comp>

<comp id="85" class="1004" name="grp_access_fu_85">
<pin_list>
<pin id="86" dir="0" index="0" bw="3" slack="0"/>
<pin id="87" dir="0" index="1" bw="17" slack="2147483647"/>
<pin id="88" dir="1" index="2" bw="17" slack="0"/>
</pin_list>
<bind>
<opcode="load(27) " fcode="load"/>
<opset="p_color_array_load/2 "/>
</bind>
</comp>

<comp id="90" class="1005" name="minimumDistanceIndex_1_reg_90">
<pin_list>
<pin id="91" dir="0" index="0" bw="32" slack="1"/>
<pin id="92" dir="1" index="1" bw="32" slack="1"/>
</pin_list>
<bind>
<opset="minimumDistanceIndex_1 (phireg) "/>
</bind>
</comp>

<comp id="94" class="1004" name="minimumDistanceIndex_1_phi_fu_94">
<pin_list>
<pin id="95" dir="0" index="0" bw="1" slack="1"/>
<pin id="96" dir="0" index="1" bw="0" slack="2147483647"/>
<pin id="97" dir="0" index="2" bw="32" slack="1"/>
<pin id="98" dir="0" index="3" bw="0" slack="2147483647"/>
<pin id="99" dir="1" index="4" bw="32" slack="1"/>
</pin_list>
<bind>
<opcode="phi(47) " fcode="phi"/>
<opset="minimumDistanceIndex_1/2 "/>
</bind>
</comp>

<comp id="102" class="1005" name="minimumDistanceIndex_reg_102">
<pin_list>
<pin id="103" dir="0" index="0" bw="3" slack="1"/>
<pin id="104" dir="1" index="1" bw="3" slack="1"/>
</pin_list>
<bind>
<opset="minimumDistanceIndex (phireg) "/>
</bind>
</comp>

<comp id="106" class="1004" name="minimumDistanceIndex_phi_fu_106">
<pin_list>
<pin id="107" dir="0" index="0" bw="1" slack="1"/>
<pin id="108" dir="0" index="1" bw="0" slack="2147483647"/>
<pin id="109" dir="0" index="2" bw="3" slack="0"/>
<pin id="110" dir="0" index="3" bw="0" slack="2147483647"/>
<pin id="111" dir="1" index="4" bw="3" slack="0"/>
</pin_list>
<bind>
<opcode="phi(47) " fcode="phi"/>
<opset="minimumDistanceIndex/2 "/>
</bind>
</comp>

<comp id="114" class="1005" name="minimumDistance_0_i_s_reg_114">
<pin_list>
<pin id="115" dir="0" index="0" bw="32" slack="1"/>
<pin id="116" dir="1" index="1" bw="32" slack="1"/>
</pin_list>
<bind>
<opset="minimumDistance_0_i_s (phireg) "/>
</bind>
</comp>

<comp id="118" class="1004" name="minimumDistance_0_i_s_phi_fu_118">
<pin_list>
<pin id="119" dir="0" index="0" bw="32" slack="1"/>
<pin id="120" dir="0" index="1" bw="0" slack="2147483647"/>
<pin id="121" dir="0" index="2" bw="32" slack="1"/>
<pin id="122" dir="0" index="3" bw="0" slack="2147483647"/>
<pin id="123" dir="1" index="4" bw="32" slack="16"/>
</pin_list>
<bind>
<opcode="phi(47) " fcode="phi"/>
<opset="minimumDistance_0_i_s/2 "/>
</bind>
</comp>

<comp id="126" class="1004" name="grp_fxp_sqrt_fu_126">
<pin_list>
<pin id="127" dir="0" index="0" bw="20" slack="0"/>
<pin id="128" dir="0" index="1" bw="29" slack="0"/>
<pin id="129" dir="1" index="2" bw="20" slack="0"/>
</pin_list>
<bind>
<opcode="call(48) " fcode="call"/>
<opset="result_V_i/5 "/>
</bind>
</comp>

<comp id="131" class="1004" name="pixelRed_fu_131">
<pin_list>
<pin id="132" dir="0" index="0" bw="8" slack="0"/>
<pin id="133" dir="0" index="1" bw="32" slack="0"/>
<pin id="134" dir="0" index="2" bw="6" slack="0"/>
<pin id="135" dir="0" index="3" bw="6" slack="0"/>
<pin id="136" dir="1" index="4" bw="8" slack="0"/>
</pin_list>
<bind>
<opcode="partselect(1002) " fcode="partselect"/>
<opset="pixelRed/1 "/>
</bind>
</comp>

<comp id="141" class="1004" name="pixelRed_cast_i_fu_141">
<pin_list>
<pin id="142" dir="0" index="0" bw="8" slack="0"/>
<pin id="143" dir="1" index="1" bw="9" slack="2"/>
</pin_list>
<bind>
<opcode="zext(34) " fcode="zext"/>
<opset="pixelRed_cast_i/1 "/>
</bind>
</comp>

<comp id="145" class="1004" name="pixelGreen_fu_145">
<pin_list>
<pin id="146" dir="0" index="0" bw="8" slack="0"/>
<pin id="147" dir="0" index="1" bw="32" slack="0"/>
<pin id="148" dir="0" index="2" bw="5" slack="0"/>
<pin id="149" dir="0" index="3" bw="5" slack="0"/>
<pin id="150" dir="1" index="4" bw="8" slack="0"/>
</pin_list>
<bind>
<opcode="partselect(1002) " fcode="partselect"/>
<opset="pixelGreen/1 "/>
</bind>
</comp>

<comp id="155" class="1004" name="pixelGreen_cast_i_fu_155">
<pin_list>
<pin id="156" dir="0" index="0" bw="8" slack="0"/>
<pin id="157" dir="1" index="1" bw="9" slack="3"/>
</pin_list>
<bind>
<opcode="zext(34) " fcode="zext"/>
<opset="pixelGreen_cast_i/1 "/>
</bind>
</comp>

<comp id="159" class="1004" name="pixelBlue_fu_159">
<pin_list>
<pin id="160" dir="0" index="0" bw="32" slack="0"/>
<pin id="161" dir="1" index="1" bw="8" slack="0"/>
</pin_list>
<bind>
<opcode="trunc(33) " fcode="trunc"/>
<opset="pixelBlue/1 "/>
</bind>
</comp>

<comp id="163" class="1004" name="pixelBlue_cast_i_fu_163">
<pin_list>
<pin id="164" dir="0" index="0" bw="8" slack="0"/>
<pin id="165" dir="1" index="1" bw="9" slack="3"/>
</pin_list>
<bind>
<opcode="zext(34) " fcode="zext"/>
<opset="pixelBlue_cast_i/1 "/>
</bind>
</comp>

<comp id="167" class="1004" name="exitcond_i_i_fu_167">
<pin_list>
<pin id="168" dir="0" index="0" bw="3" slack="0"/>
<pin id="169" dir="0" index="1" bw="3" slack="0"/>
<pin id="170" dir="1" index="2" bw="1" slack="1"/>
</pin_list>
<bind>
<opcode="icmp(45) " fcode="icmp"/>
<opset="exitcond_i_i/2 "/>
</bind>
</comp>

<comp id="173" class="1004" name="i_fu_173">
<pin_list>
<pin id="174" dir="0" index="0" bw="3" slack="0"/>
<pin id="175" dir="0" index="1" bw="1" slack="0"/>
<pin id="176" dir="1" index="2" bw="3" slack="0"/>
</pin_list>
<bind>
<opcode="add(8) " fcode="add"/>
<opset="i/2 "/>
</bind>
</comp>

<comp id="179" class="1004" name="tmp_i_fu_179">
<pin_list>
<pin id="180" dir="0" index="0" bw="3" slack="0"/>
<pin id="181" dir="1" index="1" bw="64" slack="0"/>
</pin_list>
<bind>
<opcode="zext(34) " fcode="zext"/>
<opset="tmp_i/2 "/>
</bind>
</comp>

<comp id="184" class="1004" name="tmp_75_fu_184">
<pin_list>
<pin id="185" dir="0" index="0" bw="1" slack="0"/>
<pin id="186" dir="0" index="1" bw="17" slack="0"/>
<pin id="187" dir="0" index="2" bw="6" slack="0"/>
<pin id="188" dir="1" index="3" bw="1" slack="0"/>
</pin_list>
<bind>
<opcode="bitselect(1000) " fcode="bitselect"/>
<opset="tmp_75/3 "/>
</bind>
</comp>

<comp id="192" class="1004" name="colorRed_cast_i_cast_fu_192">
<pin_list>
<pin id="193" dir="0" index="0" bw="1" slack="0"/>
<pin id="194" dir="0" index="1" bw="9" slack="0"/>
<pin id="195" dir="0" index="2" bw="9" slack="0"/>
<pin id="196" dir="1" index="3" bw="9" slack="0"/>
</pin_list>
<bind>
<opcode="select(49) " fcode="select"/>
<opset="colorRed_cast_i_cast/3 "/>
</bind>
</comp>

<comp id="200" class="1004" name="colorGreen_fu_200">
<pin_list>
<pin id="201" dir="0" index="0" bw="8" slack="0"/>
<pin id="202" dir="0" index="1" bw="17" slack="0"/>
<pin id="203" dir="0" index="2" bw="5" slack="0"/>
<pin id="204" dir="0" index="3" bw="5" slack="0"/>
<pin id="205" dir="1" index="4" bw="8" slack="1"/>
</pin_list>
<bind>
<opcode="partselect(1002) " fcode="partselect"/>
<opset="colorGreen/3 "/>
</bind>
</comp>

<comp id="210" class="1004" name="colorBlue_fu_210">
<pin_list>
<pin id="211" dir="0" index="0" bw="17" slack="0"/>
<pin id="212" dir="1" index="1" bw="8" slack="1"/>
</pin_list>
<bind>
<opcode="trunc(33) " fcode="trunc"/>
<opset="colorBlue/3 "/>
</bind>
</comp>

<comp id="214" class="1004" name="number_assign_fu_214">
<pin_list>
<pin id="215" dir="0" index="0" bw="8" slack="2"/>
<pin id="216" dir="0" index="1" bw="9" slack="0"/>
<pin id="217" dir="1" index="2" bw="9" slack="1"/>
</pin_list>
<bind>
<opcode="sub(10) " fcode="sub"/>
<opset="number_assign/3 "/>
</bind>
</comp>

<comp id="219" class="1004" name="colorGreen_cast_i_fu_219">
<pin_list>
<pin id="220" dir="0" index="0" bw="8" slack="1"/>
<pin id="221" dir="1" index="1" bw="9" slack="0"/>
</pin_list>
<bind>
<opcode="zext(34) " fcode="zext"/>
<opset="colorGreen_cast_i/4 "/>
</bind>
</comp>

<comp id="222" class="1004" name="colorBlue_cast_i_fu_222">
<pin_list>
<pin id="223" dir="0" index="0" bw="8" slack="1"/>
<pin id="224" dir="1" index="1" bw="9" slack="0"/>
</pin_list>
<bind>
<opcode="zext(34) " fcode="zext"/>
<opset="colorBlue_cast_i/4 "/>
</bind>
</comp>

<comp id="225" class="1004" name="tmp_s_fu_225">
<pin_list>
<pin id="226" dir="0" index="0" bw="9" slack="1"/>
<pin id="227" dir="1" index="1" bw="17" slack="0"/>
</pin_list>
<bind>
<opcode="sext(35) " fcode="sext"/>
<opset="tmp_s/4 "/>
</bind>
</comp>

<comp id="228" class="1004" name="result3_i_fu_228">
<pin_list>
<pin id="229" dir="0" index="0" bw="9" slack="0"/>
<pin id="230" dir="0" index="1" bw="9" slack="0"/>
<pin id="231" dir="1" index="2" bw="17" slack="0"/>
</pin_list>
<bind>
<opcode="mul(12) " fcode="mul"/>
<opset="result3_i/4 "/>
</bind>
</comp>

<comp id="234" class="1004" name="p_Val2_s_fu_234">
<pin_list>
<pin id="235" dir="0" index="0" bw="26" slack="0"/>
<pin id="236" dir="0" index="1" bw="17" slack="0"/>
<pin id="237" dir="0" index="2" bw="1" slack="0"/>
<pin id="238" dir="1" index="3" bw="26" slack="0"/>
</pin_list>
<bind>
<opcode="bitconcatenate(1004) " fcode="bitconcatenate"/>
<opset="p_Val2_s/4 "/>
</bind>
</comp>

<comp id="242" class="1004" name="p_Val2_cast_i_fu_242">
<pin_list>
<pin id="243" dir="0" index="0" bw="26" slack="0"/>
<pin id="244" dir="1" index="1" bw="28" slack="0"/>
</pin_list>
<bind>
<opcode="sext(35) " fcode="sext"/>
<opset="p_Val2_cast_i/4 "/>
</bind>
</comp>

<comp id="246" class="1004" name="number_assign_1_fu_246">
<pin_list>
<pin id="247" dir="0" index="0" bw="8" slack="3"/>
<pin id="248" dir="0" index="1" bw="8" slack="0"/>
<pin id="249" dir="1" index="2" bw="9" slack="0"/>
</pin_list>
<bind>
<opcode="sub(10) " fcode="sub"/>
<opset="number_assign_1/4 "/>
</bind>
</comp>

<comp id="251" class="1004" name="tmp_1_fu_251">
<pin_list>
<pin id="252" dir="0" index="0" bw="9" slack="0"/>
<pin id="253" dir="1" index="1" bw="17" slack="0"/>
</pin_list>
<bind>
<opcode="sext(35) " fcode="sext"/>
<opset="tmp_1/4 "/>
</bind>
</comp>

<comp id="255" class="1004" name="result_11_i_fu_255">
<pin_list>
<pin id="256" dir="0" index="0" bw="9" slack="0"/>
<pin id="257" dir="0" index="1" bw="9" slack="0"/>
<pin id="258" dir="1" index="2" bw="17" slack="0"/>
</pin_list>
<bind>
<opcode="mul(12) " fcode="mul"/>
<opset="result_11_i/4 "/>
</bind>
</comp>

<comp id="261" class="1004" name="p_Val2_1_fu_261">
<pin_list>
<pin id="262" dir="0" index="0" bw="27" slack="0"/>
<pin id="263" dir="0" index="1" bw="17" slack="0"/>
<pin id="264" dir="0" index="2" bw="1" slack="0"/>
<pin id="265" dir="1" index="3" bw="27" slack="0"/>
</pin_list>
<bind>
<opcode="bitconcatenate(1004) " fcode="bitconcatenate"/>
<opset="p_Val2_1/4 "/>
</bind>
</comp>

<comp id="269" class="1004" name="p_Val2_1_cast_i_fu_269">
<pin_list>
<pin id="270" dir="0" index="0" bw="27" slack="0"/>
<pin id="271" dir="1" index="1" bw="28" slack="0"/>
</pin_list>
<bind>
<opcode="sext(35) " fcode="sext"/>
<opset="p_Val2_1_cast_i/4 "/>
</bind>
</comp>

<comp id="273" class="1004" name="number_assign_2_fu_273">
<pin_list>
<pin id="274" dir="0" index="0" bw="8" slack="3"/>
<pin id="275" dir="0" index="1" bw="8" slack="0"/>
<pin id="276" dir="1" index="2" bw="9" slack="0"/>
</pin_list>
<bind>
<opcode="sub(10) " fcode="sub"/>
<opset="number_assign_2/4 "/>
</bind>
</comp>

<comp id="278" class="1004" name="tmp_77_fu_278">
<pin_list>
<pin id="279" dir="0" index="0" bw="9" slack="0"/>
<pin id="280" dir="1" index="1" bw="17" slack="0"/>
</pin_list>
<bind>
<opcode="sext(35) " fcode="sext"/>
<opset="tmp_77/4 "/>
</bind>
</comp>

<comp id="282" class="1004" name="tmp_78_fu_282">
<pin_list>
<pin id="283" dir="0" index="0" bw="9" slack="0"/>
<pin id="284" dir="1" index="1" bw="17" slack="0"/>
</pin_list>
<bind>
<opcode="sext(35) " fcode="sext"/>
<opset="tmp_78/4 "/>
</bind>
</comp>

<comp id="286" class="1004" name="tmp_79_fu_286">
<pin_list>
<pin id="287" dir="0" index="0" bw="9" slack="0"/>
<pin id="288" dir="0" index="1" bw="9" slack="0"/>
<pin id="289" dir="1" index="2" bw="17" slack="1"/>
</pin_list>
<bind>
<opcode="mul(12) " fcode="mul"/>
<opset="tmp_79/4 "/>
</bind>
</comp>

<comp id="292" class="1004" name="p_Val2_5_i_fu_292">
<pin_list>
<pin id="293" dir="0" index="0" bw="26" slack="0"/>
<pin id="294" dir="0" index="1" bw="27" slack="0"/>
<pin id="295" dir="1" index="2" bw="28" slack="1"/>
</pin_list>
<bind>
<opcode="add(8) " fcode="add"/>
<opset="p_Val2_5_i/4 "/>
</bind>
</comp>

<comp id="298" class="1004" name="p_shl_i_fu_298">
<pin_list>
<pin id="299" dir="0" index="0" bw="27" slack="0"/>
<pin id="300" dir="0" index="1" bw="17" slack="1"/>
<pin id="301" dir="0" index="2" bw="1" slack="0"/>
<pin id="302" dir="1" index="3" bw="27" slack="0"/>
</pin_list>
<bind>
<opcode="bitconcatenate(1004) " fcode="bitconcatenate"/>
<opset="p_shl_i/5 "/>
</bind>
</comp>

<comp id="305" class="1004" name="p_shl_cast_i_fu_305">
<pin_list>
<pin id="306" dir="0" index="0" bw="27" slack="0"/>
<pin id="307" dir="1" index="1" bw="28" slack="0"/>
</pin_list>
<bind>
<opcode="sext(35) " fcode="sext"/>
<opset="p_shl_cast_i/5 "/>
</bind>
</comp>

<comp id="309" class="1004" name="p_shl9_i_fu_309">
<pin_list>
<pin id="310" dir="0" index="0" bw="25" slack="0"/>
<pin id="311" dir="0" index="1" bw="17" slack="1"/>
<pin id="312" dir="0" index="2" bw="1" slack="0"/>
<pin id="313" dir="1" index="3" bw="25" slack="0"/>
</pin_list>
<bind>
<opcode="bitconcatenate(1004) " fcode="bitconcatenate"/>
<opset="p_shl9_i/5 "/>
</bind>
</comp>

<comp id="316" class="1004" name="p_shl9_cast_i_fu_316">
<pin_list>
<pin id="317" dir="0" index="0" bw="25" slack="0"/>
<pin id="318" dir="1" index="1" bw="28" slack="0"/>
</pin_list>
<bind>
<opcode="sext(35) " fcode="sext"/>
<opset="p_shl9_cast_i/5 "/>
</bind>
</comp>

<comp id="320" class="1004" name="p_Val2_2_fu_320">
<pin_list>
<pin id="321" dir="0" index="0" bw="27" slack="0"/>
<pin id="322" dir="0" index="1" bw="25" slack="0"/>
<pin id="323" dir="1" index="2" bw="28" slack="0"/>
</pin_list>
<bind>
<opcode="sub(10) " fcode="sub"/>
<opset="p_Val2_2/5 "/>
</bind>
</comp>

<comp id="326" class="1004" name="p_Val2_2_cast_i_fu_326">
<pin_list>
<pin id="327" dir="0" index="0" bw="28" slack="0"/>
<pin id="328" dir="1" index="1" bw="29" slack="0"/>
</pin_list>
<bind>
<opcode="sext(35) " fcode="sext"/>
<opset="p_Val2_2_cast_i/5 "/>
</bind>
</comp>

<comp id="330" class="1004" name="p_Val2_5_cast_i_fu_330">
<pin_list>
<pin id="331" dir="0" index="0" bw="28" slack="1"/>
<pin id="332" dir="1" index="1" bw="29" slack="0"/>
</pin_list>
<bind>
<opcode="sext(35) " fcode="sext"/>
<opset="p_Val2_5_cast_i/5 "/>
</bind>
</comp>

<comp id="333" class="1004" name="powerSummation_V_fu_333">
<pin_list>
<pin id="334" dir="0" index="0" bw="28" slack="0"/>
<pin id="335" dir="0" index="1" bw="28" slack="0"/>
<pin id="336" dir="1" index="2" bw="29" slack="0"/>
</pin_list>
<bind>
<opcode="add(8) " fcode="add"/>
<opset="powerSummation_V/5 "/>
</bind>
</comp>

<comp id="340" class="1004" name="tmp_2_fu_340">
<pin_list>
<pin id="341" dir="0" index="0" bw="12" slack="0"/>
<pin id="342" dir="0" index="1" bw="20" slack="0"/>
<pin id="343" dir="0" index="2" bw="5" slack="0"/>
<pin id="344" dir="0" index="3" bw="6" slack="0"/>
<pin id="345" dir="1" index="4" bw="12" slack="1"/>
</pin_list>
<bind>
<opcode="partselect(1002) " fcode="partselect"/>
<opset="tmp_2/17 "/>
</bind>
</comp>

<comp id="350" class="1004" name="minimumDistanceIndex_2_fu_350">
<pin_list>
<pin id="351" dir="0" index="0" bw="3" slack="16"/>
<pin id="352" dir="1" index="1" bw="32" slack="0"/>
</pin_list>
<bind>
<opcode="zext(34) " fcode="zext"/>
<opset="minimumDistanceIndex_2/18 "/>
</bind>
</comp>

<comp id="354" class="1004" name="minimumDistance_fu_354">
<pin_list>
<pin id="355" dir="0" index="0" bw="12" slack="1"/>
<pin id="356" dir="1" index="1" bw="32" slack="0"/>
</pin_list>
<bind>
<opcode="zext(34) " fcode="zext"/>
<opset="minimumDistance/18 "/>
</bind>
</comp>

<comp id="357" class="1004" name="tmp_1_i_fu_357">
<pin_list>
<pin id="358" dir="0" index="0" bw="32" slack="0"/>
<pin id="359" dir="0" index="1" bw="32" slack="16"/>
<pin id="360" dir="1" index="2" bw="1" slack="0"/>
</pin_list>
<bind>
<opcode="icmp(45) " fcode="icmp"/>
<opset="tmp_1_i/18 "/>
</bind>
</comp>

<comp id="363" class="1004" name="i_0_minimumDistanceI_fu_363">
<pin_list>
<pin id="364" dir="0" index="0" bw="1" slack="0"/>
<pin id="365" dir="0" index="1" bw="32" slack="0"/>
<pin id="366" dir="0" index="2" bw="32" slack="16"/>
<pin id="367" dir="1" index="3" bw="32" slack="1"/>
</pin_list>
<bind>
<opcode="select(49) " fcode="select"/>
<opset="i_0_minimumDistanceI/18 "/>
</bind>
</comp>

<comp id="371" class="1004" name="distance_0_minimumDi_fu_371">
<pin_list>
<pin id="372" dir="0" index="0" bw="1" slack="0"/>
<pin id="373" dir="0" index="1" bw="32" slack="0"/>
<pin id="374" dir="0" index="2" bw="32" slack="16"/>
<pin id="375" dir="1" index="3" bw="32" slack="1"/>
</pin_list>
<bind>
<opcode="select(49) " fcode="select"/>
<opset="distance_0_minimumDi/18 "/>
</bind>
</comp>

<comp id="379" class="1005" name="pixelRed_cast_i_reg_379">
<pin_list>
<pin id="380" dir="0" index="0" bw="9" slack="2"/>
<pin id="381" dir="1" index="1" bw="9" slack="2"/>
</pin_list>
<bind>
<opset="pixelRed_cast_i "/>
</bind>
</comp>

<comp id="384" class="1005" name="pixelGreen_cast_i_reg_384">
<pin_list>
<pin id="385" dir="0" index="0" bw="9" slack="3"/>
<pin id="386" dir="1" index="1" bw="9" slack="3"/>
</pin_list>
<bind>
<opset="pixelGreen_cast_i "/>
</bind>
</comp>

<comp id="389" class="1005" name="pixelBlue_cast_i_reg_389">
<pin_list>
<pin id="390" dir="0" index="0" bw="9" slack="3"/>
<pin id="391" dir="1" index="1" bw="9" slack="3"/>
</pin_list>
<bind>
<opset="pixelBlue_cast_i "/>
</bind>
</comp>

<comp id="394" class="1005" name="exitcond_i_i_reg_394">
<pin_list>
<pin id="395" dir="0" index="0" bw="1" slack="1"/>
<pin id="396" dir="1" index="1" bw="1" slack="2147483647"/>
</pin_list>
<bind>
<opset="exitcond_i_i "/>
</bind>
</comp>

<comp id="398" class="1005" name="i_reg_398">
<pin_list>
<pin id="399" dir="0" index="0" bw="3" slack="0"/>
<pin id="400" dir="1" index="1" bw="3" slack="0"/>
</pin_list>
<bind>
<opset="i "/>
</bind>
</comp>

<comp id="403" class="1005" name="p_color_array_addr_reg_403">
<pin_list>
<pin id="404" dir="0" index="0" bw="3" slack="1"/>
<pin id="405" dir="1" index="1" bw="3" slack="1"/>
</pin_list>
<bind>
<opset="p_color_array_addr "/>
</bind>
</comp>

<comp id="408" class="1005" name="colorGreen_reg_408">
<pin_list>
<pin id="409" dir="0" index="0" bw="8" slack="1"/>
<pin id="410" dir="1" index="1" bw="8" slack="1"/>
</pin_list>
<bind>
<opset="colorGreen "/>
</bind>
</comp>

<comp id="413" class="1005" name="colorBlue_reg_413">
<pin_list>
<pin id="414" dir="0" index="0" bw="8" slack="1"/>
<pin id="415" dir="1" index="1" bw="8" slack="1"/>
</pin_list>
<bind>
<opset="colorBlue "/>
</bind>
</comp>

<comp id="418" class="1005" name="number_assign_reg_418">
<pin_list>
<pin id="419" dir="0" index="0" bw="9" slack="1"/>
<pin id="420" dir="1" index="1" bw="9" slack="1"/>
</pin_list>
<bind>
<opset="number_assign "/>
</bind>
</comp>

<comp id="423" class="1005" name="tmp_79_reg_423">
<pin_list>
<pin id="424" dir="0" index="0" bw="17" slack="1"/>
<pin id="425" dir="1" index="1" bw="17" slack="1"/>
</pin_list>
<bind>
<opset="tmp_79 "/>
</bind>
</comp>

<comp id="429" class="1005" name="p_Val2_5_i_reg_429">
<pin_list>
<pin id="430" dir="0" index="0" bw="28" slack="1"/>
<pin id="431" dir="1" index="1" bw="28" slack="1"/>
</pin_list>
<bind>
<opset="p_Val2_5_i "/>
</bind>
</comp>

<comp id="434" class="1005" name="powerSummation_V_reg_434">
<pin_list>
<pin id="435" dir="0" index="0" bw="29" slack="1"/>
<pin id="436" dir="1" index="1" bw="29" slack="1"/>
</pin_list>
<bind>
<opset="powerSummation_V "/>
</bind>
</comp>

<comp id="439" class="1005" name="tmp_2_reg_439">
<pin_list>
<pin id="440" dir="0" index="0" bw="12" slack="1"/>
<pin id="441" dir="1" index="1" bw="12" slack="1"/>
</pin_list>
<bind>
<opset="tmp_2 "/>
</bind>
</comp>

<comp id="444" class="1005" name="i_0_minimumDistanceI_reg_444">
<pin_list>
<pin id="445" dir="0" index="0" bw="32" slack="1"/>
<pin id="446" dir="1" index="1" bw="32" slack="1"/>
</pin_list>
<bind>
<opset="i_0_minimumDistanceI "/>
</bind>
</comp>

<comp id="449" class="1005" name="distance_0_minimumDi_reg_449">
<pin_list>
<pin id="450" dir="0" index="0" bw="32" slack="1"/>
<pin id="451" dir="1" index="1" bw="32" slack="1"/>
</pin_list>
<bind>
<opset="distance_0_minimumDi "/>
</bind>
</comp>

</comp_list>

<net_list>
<net id="76"><net_src comp="4" pin="0"/><net_sink comp="72" pin=0"/></net>

<net id="77"><net_src comp="0" pin="0"/><net_sink comp="72" pin=1"/></net>

<net id="83"><net_src comp="2" pin="0"/><net_sink comp="78" pin=0"/></net>

<net id="84"><net_src comp="26" pin="0"/><net_sink comp="78" pin=1"/></net>

<net id="89"><net_src comp="78" pin="3"/><net_sink comp="85" pin=0"/></net>

<net id="93"><net_src comp="16" pin="0"/><net_sink comp="90" pin=0"/></net>

<net id="100"><net_src comp="90" pin="1"/><net_sink comp="94" pin=0"/></net>

<net id="101"><net_src comp="94" pin="4"/><net_sink comp="90" pin=0"/></net>

<net id="105"><net_src comp="18" pin="0"/><net_sink comp="102" pin=0"/></net>

<net id="112"><net_src comp="102" pin="1"/><net_sink comp="106" pin=0"/></net>

<net id="113"><net_src comp="106" pin="4"/><net_sink comp="102" pin=0"/></net>

<net id="117"><net_src comp="20" pin="0"/><net_sink comp="114" pin=0"/></net>

<net id="124"><net_src comp="114" pin="1"/><net_sink comp="118" pin=0"/></net>

<net id="125"><net_src comp="118" pin="4"/><net_sink comp="114" pin=0"/></net>

<net id="130"><net_src comp="46" pin="0"/><net_sink comp="126" pin=0"/></net>

<net id="137"><net_src comp="6" pin="0"/><net_sink comp="131" pin=0"/></net>

<net id="138"><net_src comp="72" pin="2"/><net_sink comp="131" pin=1"/></net>

<net id="139"><net_src comp="8" pin="0"/><net_sink comp="131" pin=2"/></net>

<net id="140"><net_src comp="10" pin="0"/><net_sink comp="131" pin=3"/></net>

<net id="144"><net_src comp="131" pin="4"/><net_sink comp="141" pin=0"/></net>

<net id="151"><net_src comp="6" pin="0"/><net_sink comp="145" pin=0"/></net>

<net id="152"><net_src comp="72" pin="2"/><net_sink comp="145" pin=1"/></net>

<net id="153"><net_src comp="12" pin="0"/><net_sink comp="145" pin=2"/></net>

<net id="154"><net_src comp="14" pin="0"/><net_sink comp="145" pin=3"/></net>

<net id="158"><net_src comp="145" pin="4"/><net_sink comp="155" pin=0"/></net>

<net id="162"><net_src comp="72" pin="2"/><net_sink comp="159" pin=0"/></net>

<net id="166"><net_src comp="159" pin="1"/><net_sink comp="163" pin=0"/></net>

<net id="171"><net_src comp="106" pin="4"/><net_sink comp="167" pin=0"/></net>

<net id="172"><net_src comp="22" pin="0"/><net_sink comp="167" pin=1"/></net>

<net id="177"><net_src comp="106" pin="4"/><net_sink comp="173" pin=0"/></net>

<net id="178"><net_src comp="24" pin="0"/><net_sink comp="173" pin=1"/></net>

<net id="182"><net_src comp="106" pin="4"/><net_sink comp="179" pin=0"/></net>

<net id="183"><net_src comp="179" pin="1"/><net_sink comp="78" pin=2"/></net>

<net id="189"><net_src comp="28" pin="0"/><net_sink comp="184" pin=0"/></net>

<net id="190"><net_src comp="85" pin="2"/><net_sink comp="184" pin=1"/></net>

<net id="191"><net_src comp="8" pin="0"/><net_sink comp="184" pin=2"/></net>

<net id="197"><net_src comp="184" pin="3"/><net_sink comp="192" pin=0"/></net>

<net id="198"><net_src comp="30" pin="0"/><net_sink comp="192" pin=1"/></net>

<net id="199"><net_src comp="32" pin="0"/><net_sink comp="192" pin=2"/></net>

<net id="206"><net_src comp="34" pin="0"/><net_sink comp="200" pin=0"/></net>

<net id="207"><net_src comp="85" pin="2"/><net_sink comp="200" pin=1"/></net>

<net id="208"><net_src comp="12" pin="0"/><net_sink comp="200" pin=2"/></net>

<net id="209"><net_src comp="14" pin="0"/><net_sink comp="200" pin=3"/></net>

<net id="213"><net_src comp="85" pin="2"/><net_sink comp="210" pin=0"/></net>

<net id="218"><net_src comp="192" pin="3"/><net_sink comp="214" pin=1"/></net>

<net id="232"><net_src comp="225" pin="1"/><net_sink comp="228" pin=0"/></net>

<net id="233"><net_src comp="225" pin="1"/><net_sink comp="228" pin=1"/></net>

<net id="239"><net_src comp="36" pin="0"/><net_sink comp="234" pin=0"/></net>

<net id="240"><net_src comp="228" pin="2"/><net_sink comp="234" pin=1"/></net>

<net id="241"><net_src comp="32" pin="0"/><net_sink comp="234" pin=2"/></net>

<net id="245"><net_src comp="234" pin="3"/><net_sink comp="242" pin=0"/></net>

<net id="250"><net_src comp="219" pin="1"/><net_sink comp="246" pin=1"/></net>

<net id="254"><net_src comp="246" pin="2"/><net_sink comp="251" pin=0"/></net>

<net id="259"><net_src comp="251" pin="1"/><net_sink comp="255" pin=0"/></net>

<net id="260"><net_src comp="251" pin="1"/><net_sink comp="255" pin=1"/></net>

<net id="266"><net_src comp="38" pin="0"/><net_sink comp="261" pin=0"/></net>

<net id="267"><net_src comp="255" pin="2"/><net_sink comp="261" pin=1"/></net>

<net id="268"><net_src comp="40" pin="0"/><net_sink comp="261" pin=2"/></net>

<net id="272"><net_src comp="261" pin="3"/><net_sink comp="269" pin=0"/></net>

<net id="277"><net_src comp="222" pin="1"/><net_sink comp="273" pin=1"/></net>

<net id="281"><net_src comp="273" pin="2"/><net_sink comp="278" pin=0"/></net>

<net id="285"><net_src comp="273" pin="2"/><net_sink comp="282" pin=0"/></net>

<net id="290"><net_src comp="282" pin="1"/><net_sink comp="286" pin=0"/></net>

<net id="291"><net_src comp="278" pin="1"/><net_sink comp="286" pin=1"/></net>

<net id="296"><net_src comp="242" pin="1"/><net_sink comp="292" pin=0"/></net>

<net id="297"><net_src comp="269" pin="1"/><net_sink comp="292" pin=1"/></net>

<net id="303"><net_src comp="38" pin="0"/><net_sink comp="298" pin=0"/></net>

<net id="304"><net_src comp="40" pin="0"/><net_sink comp="298" pin=2"/></net>

<net id="308"><net_src comp="298" pin="3"/><net_sink comp="305" pin=0"/></net>

<net id="314"><net_src comp="42" pin="0"/><net_sink comp="309" pin=0"/></net>

<net id="315"><net_src comp="44" pin="0"/><net_sink comp="309" pin=2"/></net>

<net id="319"><net_src comp="309" pin="3"/><net_sink comp="316" pin=0"/></net>

<net id="324"><net_src comp="305" pin="1"/><net_sink comp="320" pin=0"/></net>

<net id="325"><net_src comp="316" pin="1"/><net_sink comp="320" pin=1"/></net>

<net id="329"><net_src comp="320" pin="2"/><net_sink comp="326" pin=0"/></net>

<net id="337"><net_src comp="326" pin="1"/><net_sink comp="333" pin=0"/></net>

<net id="338"><net_src comp="330" pin="1"/><net_sink comp="333" pin=1"/></net>

<net id="339"><net_src comp="333" pin="2"/><net_sink comp="126" pin=1"/></net>

<net id="346"><net_src comp="48" pin="0"/><net_sink comp="340" pin=0"/></net>

<net id="347"><net_src comp="126" pin="2"/><net_sink comp="340" pin=1"/></net>

<net id="348"><net_src comp="12" pin="0"/><net_sink comp="340" pin=2"/></net>

<net id="349"><net_src comp="50" pin="0"/><net_sink comp="340" pin=3"/></net>

<net id="353"><net_src comp="102" pin="1"/><net_sink comp="350" pin=0"/></net>

<net id="361"><net_src comp="354" pin="1"/><net_sink comp="357" pin=0"/></net>

<net id="362"><net_src comp="114" pin="1"/><net_sink comp="357" pin=1"/></net>

<net id="368"><net_src comp="357" pin="2"/><net_sink comp="363" pin=0"/></net>

<net id="369"><net_src comp="350" pin="1"/><net_sink comp="363" pin=1"/></net>

<net id="370"><net_src comp="90" pin="1"/><net_sink comp="363" pin=2"/></net>

<net id="376"><net_src comp="357" pin="2"/><net_sink comp="371" pin=0"/></net>

<net id="377"><net_src comp="354" pin="1"/><net_sink comp="371" pin=1"/></net>

<net id="378"><net_src comp="114" pin="1"/><net_sink comp="371" pin=2"/></net>

<net id="382"><net_src comp="141" pin="1"/><net_sink comp="379" pin=0"/></net>

<net id="383"><net_src comp="379" pin="1"/><net_sink comp="214" pin=0"/></net>

<net id="387"><net_src comp="155" pin="1"/><net_sink comp="384" pin=0"/></net>

<net id="388"><net_src comp="384" pin="1"/><net_sink comp="246" pin=0"/></net>

<net id="392"><net_src comp="163" pin="1"/><net_sink comp="389" pin=0"/></net>

<net id="393"><net_src comp="389" pin="1"/><net_sink comp="273" pin=0"/></net>

<net id="397"><net_src comp="167" pin="2"/><net_sink comp="394" pin=0"/></net>

<net id="401"><net_src comp="173" pin="2"/><net_sink comp="398" pin=0"/></net>

<net id="402"><net_src comp="398" pin="1"/><net_sink comp="106" pin=2"/></net>

<net id="406"><net_src comp="78" pin="3"/><net_sink comp="403" pin=0"/></net>

<net id="407"><net_src comp="403" pin="1"/><net_sink comp="85" pin=0"/></net>

<net id="411"><net_src comp="200" pin="4"/><net_sink comp="408" pin=0"/></net>

<net id="412"><net_src comp="408" pin="1"/><net_sink comp="219" pin=0"/></net>

<net id="416"><net_src comp="210" pin="1"/><net_sink comp="413" pin=0"/></net>

<net id="417"><net_src comp="413" pin="1"/><net_sink comp="222" pin=0"/></net>

<net id="421"><net_src comp="214" pin="2"/><net_sink comp="418" pin=0"/></net>

<net id="422"><net_src comp="418" pin="1"/><net_sink comp="225" pin=0"/></net>

<net id="426"><net_src comp="286" pin="2"/><net_sink comp="423" pin=0"/></net>

<net id="427"><net_src comp="423" pin="1"/><net_sink comp="298" pin=1"/></net>

<net id="428"><net_src comp="423" pin="1"/><net_sink comp="309" pin=1"/></net>

<net id="432"><net_src comp="292" pin="2"/><net_sink comp="429" pin=0"/></net>

<net id="433"><net_src comp="429" pin="1"/><net_sink comp="330" pin=0"/></net>

<net id="437"><net_src comp="333" pin="2"/><net_sink comp="434" pin=0"/></net>

<net id="438"><net_src comp="434" pin="1"/><net_sink comp="126" pin=1"/></net>

<net id="442"><net_src comp="340" pin="4"/><net_sink comp="439" pin=0"/></net>

<net id="443"><net_src comp="439" pin="1"/><net_sink comp="354" pin=0"/></net>

<net id="447"><net_src comp="363" pin="3"/><net_sink comp="444" pin=0"/></net>

<net id="448"><net_src comp="444" pin="1"/><net_sink comp="94" pin=2"/></net>

<net id="452"><net_src comp="371" pin="3"/><net_sink comp="449" pin=0"/></net>

<net id="453"><net_src comp="449" pin="1"/><net_sink comp="118" pin=2"/></net>

</net_list>

</model> 
---------------- Datapath Model END ------------------

* FSMD analyzer results:
  - Output states:
	Port: p_color_array | {}
 - Input state : 
	Port: Loop_PIXEL_COLOR_LOO : pixel | {1 }
	Port: Loop_PIXEL_COLOR_LOO : p_color_array | {2 3 }
  - Chain level:
	State 1
		pixelRed_cast_i : 1
		pixelGreen_cast_i : 1
		pixelBlue_cast_i : 1
	State 2
		exitcond_i_i : 1
		i : 1
		StgValue_33 : 2
		tmp_i : 1
		p_color_array_addr : 2
		p_color_array_load : 3
	State 3
		tmp_75 : 1
		colorRed_cast_i_cast : 2
		colorGreen : 1
		colorBlue : 1
		number_assign : 3
	State 4
		result3_i : 1
		p_Val2_s : 2
		p_Val2_cast_i : 3
		number_assign_1 : 1
		tmp_1 : 2
		result_11_i : 3
		p_Val2_1 : 4
		p_Val2_1_cast_i : 5
		number_assign_2 : 1
		tmp_77 : 2
		tmp_78 : 2
		tmp_79 : 3
		p_Val2_5_i : 6
	State 5
		p_shl_cast_i : 1
		p_shl9_cast_i : 1
		p_Val2_2 : 2
		p_Val2_2_cast_i : 3
		powerSummation_V : 4
		result_V_i : 5
	State 6
	State 7
	State 8
	State 9
	State 10
	State 11
	State 12
	State 13
	State 14
	State 15
	State 16
	State 17
		tmp_2 : 1
	State 18
		rend : 1
		tmp_1_i : 1
		i_0_minimumDistanceI : 2
		distance_0_minimumDi : 2
		empty_158 : 1
	State 19


============================================================
+ Verbose Summary: Datapath Resource usage 
============================================================

* Functional unit list:
|----------|-------------------------------|---------|---------|---------|
| Operation|        Functional Unit        |  DSP48E |    FF   |   LUT   |
|----------|-------------------------------|---------|---------|---------|
|   call   |      grp_fxp_sqrt_fu_126      |    0    |   373   |   2081  |
|----------|-------------------------------|---------|---------|---------|
|          |        result3_i_fu_228       |    0    |    0    |    51   |
|    mul   |       result_11_i_fu_255      |    0    |    0    |    51   |
|          |         tmp_79_fu_286         |    0    |    0    |    51   |
|----------|-------------------------------|---------|---------|---------|
|          |            i_fu_173           |    0    |    0    |    12   |
|    add   |       p_Val2_5_i_fu_292       |    0    |    0    |    34   |
|          |    powerSummation_V_fu_333    |    0    |    0    |    35   |
|----------|-------------------------------|---------|---------|---------|
|          |      number_assign_fu_214     |    0    |    0    |    16   |
|    sub   |     number_assign_1_fu_246    |    0    |    0    |    15   |
|          |     number_assign_2_fu_273    |    0    |    0    |    15   |
|          |        p_Val2_2_fu_320        |    0    |    0    |    34   |
|----------|-------------------------------|---------|---------|---------|
|          |  colorRed_cast_i_cast_fu_192  |    0    |    0    |    9    |
|  select  |  i_0_minimumDistanceI_fu_363  |    0    |    0    |    32   |
|          |  distance_0_minimumDi_fu_371  |    0    |    0    |    32   |
|----------|-------------------------------|---------|---------|---------|
|   icmp   |      exitcond_i_i_fu_167      |    0    |    0    |    9    |
|          |         tmp_1_i_fu_357        |    0    |    0    |    18   |
|----------|-------------------------------|---------|---------|---------|
|   read   |     pixel_read_read_fu_72     |    0    |    0    |    0    |
|----------|-------------------------------|---------|---------|---------|
|          |        pixelRed_fu_131        |    0    |    0    |    0    |
|partselect|       pixelGreen_fu_145       |    0    |    0    |    0    |
|          |       colorGreen_fu_200       |    0    |    0    |    0    |
|          |          tmp_2_fu_340         |    0    |    0    |    0    |
|----------|-------------------------------|---------|---------|---------|
|          |     pixelRed_cast_i_fu_141    |    0    |    0    |    0    |
|          |    pixelGreen_cast_i_fu_155   |    0    |    0    |    0    |
|          |    pixelBlue_cast_i_fu_163    |    0    |    0    |    0    |
|   zext   |          tmp_i_fu_179         |    0    |    0    |    0    |
|          |    colorGreen_cast_i_fu_219   |    0    |    0    |    0    |
|          |    colorBlue_cast_i_fu_222    |    0    |    0    |    0    |
|          | minimumDistanceIndex_2_fu_350 |    0    |    0    |    0    |
|          |     minimumDistance_fu_354    |    0    |    0    |    0    |
|----------|-------------------------------|---------|---------|---------|
|   trunc  |        pixelBlue_fu_159       |    0    |    0    |    0    |
|          |        colorBlue_fu_210       |    0    |    0    |    0    |
|----------|-------------------------------|---------|---------|---------|
| bitselect|         tmp_75_fu_184         |    0    |    0    |    0    |
|----------|-------------------------------|---------|---------|---------|
|          |          tmp_s_fu_225         |    0    |    0    |    0    |
|          |      p_Val2_cast_i_fu_242     |    0    |    0    |    0    |
|          |          tmp_1_fu_251         |    0    |    0    |    0    |
|          |     p_Val2_1_cast_i_fu_269    |    0    |    0    |    0    |
|   sext   |         tmp_77_fu_278         |    0    |    0    |    0    |
|          |         tmp_78_fu_282         |    0    |    0    |    0    |
|          |      p_shl_cast_i_fu_305      |    0    |    0    |    0    |
|          |      p_shl9_cast_i_fu_316     |    0    |    0    |    0    |
|          |     p_Val2_2_cast_i_fu_326    |    0    |    0    |    0    |
|          |     p_Val2_5_cast_i_fu_330    |    0    |    0    |    0    |
|----------|-------------------------------|---------|---------|---------|
|          |        p_Val2_s_fu_234        |    0    |    0    |    0    |
|bitconcatenate|        p_Val2_1_fu_261        |    0    |    0    |    0    |
|          |         p_shl_i_fu_298        |    0    |    0    |    0    |
|          |        p_shl9_i_fu_309        |    0    |    0    |    0    |
|----------|-------------------------------|---------|---------|---------|
|   Total  |                               |    0    |   373   |   2495  |
|----------|-------------------------------|---------|---------|---------|

Memories:
N/A

* Register list:
+-----------------------------+--------+
|                             |   FF   |
+-----------------------------+--------+
|      colorBlue_reg_413      |    8   |
|      colorGreen_reg_408     |    8   |
| distance_0_minimumDi_reg_449|   32   |
|     exitcond_i_i_reg_394    |    1   |
| i_0_minimumDistanceI_reg_444|   32   |
|          i_reg_398          |    3   |
|minimumDistanceIndex_1_reg_90|   32   |
| minimumDistanceIndex_reg_102|    3   |
|minimumDistance_0_i_s_reg_114|   32   |
|    number_assign_reg_418    |    9   |
|      p_Val2_5_i_reg_429     |   28   |
|  p_color_array_addr_reg_403 |    3   |
|   pixelBlue_cast_i_reg_389  |    9   |
|  pixelGreen_cast_i_reg_384  |    9   |
|   pixelRed_cast_i_reg_379   |    9   |
|   powerSummation_V_reg_434  |   29   |
|        tmp_2_reg_439        |   12   |
|        tmp_79_reg_423       |   17   |
+-----------------------------+--------+
|            Total            |   276  |
+-----------------------------+--------+

* Multiplexer (MUX) list: 
|-------------------------------|------|------|------|--------||---------||---------|
|              Comp             |  Pin | Size |  BW  | S x BW ||  Delay  ||   LUT   |
|-------------------------------|------|------|------|--------||---------||---------|
|        grp_access_fu_85       |  p0  |   2  |   3  |    6   ||    9    |
| minimumDistanceIndex_1_reg_90 |  p0  |   2  |  32  |   64   ||    9    |
|  minimumDistanceIndex_reg_102 |  p0  |   2  |   3  |    6   ||    9    |
| minimumDistance_0_i_s_reg_114 |  p0  |   2  |  32  |   64   ||    9    |
|      grp_fxp_sqrt_fu_126      |  p1  |   2  |  29  |   58   ||    9    |
|-------------------------------|------|------|------|--------||---------||---------|
|             Total             |      |      |      |   198  ||  8.845  ||    45   |
|-------------------------------|------|------|------|--------||---------||---------|



* Summary:
+-----------+--------+--------+--------+--------+
|           | DSP48E |  Delay |   FF   |   LUT  |
+-----------+--------+--------+--------+--------+
|  Function |    0   |    -   |   373  |  2495  |
|   Memory  |    -   |    -   |    -   |    -   |
|Multiplexer|    -   |    8   |    -   |   45   |
|  Register |    -   |    -   |   276  |    -   |
+-----------+--------+--------+--------+--------+
|   Total   |    0   |    8   |   649  |  2540  |
+-----------+--------+--------+--------+--------+
