

================================================================
== Vivado HLS Report for 'Loop_PIXEL_COLOR_LOO'
================================================================
* Date:           Sun Apr 15 02:24:04 2018

* Version:        2017.4.1 (Build 2117188 on Tue Jan 30 15:53:01 MST 2018)
* Project:        ColorComparator
* Solution:       solution1
* Product family: zynq
* Target device:  xc7z020clg400-1


================================================================
== Performance Estimates
================================================================
+ Timing (ns): 
    * Summary: 
    +--------+-------+----------+------------+
    |  Clock | Target| Estimated| Uncertainty|
    +--------+-------+----------+------------+
    |ap_clk  |  10.00|      8.68|        1.25|
    +--------+-------+----------+------------+

+ Latency (clock cycles): 
    * Summary: 
    +-----+-----+-----+-----+---------+
    |  Latency  |  Interval | Pipeline|
    | min | max | min | max |   Type  |
    +-----+-----+-----+-----+---------+
    |   23|   23|   23|   23|   none  |
    +-----+-----+-----+-----+---------+

    + Detail: 
        * Instance: 
        N/A

        * Loop: 
        +--------------------+-----+-----+----------+-----------+-----------+------+----------+
        |                    |  Latency  | Iteration|  Initiation Interval  | Trip |          |
        |      Loop Name     | min | max |  Latency |  achieved |   target  | Count| Pipelined|
        +--------------------+-----+-----+----------+-----------+-----------+------+----------+
        |- PIXEL_COLOR_LOOP  |   21|   21|        17|          1|          1|     6|    yes   |
        +--------------------+-----+-----+----------+-----------+-----------+------+----------+

============================================================
+ Verbose Summary: Synthesis Manager
============================================================
InlineROM: 1
ExposeGlobal: 0
============================================================
+ Verbose Summary: CDFG Model
============================================================
IsTopModel: 0
ResetActiveHigh: 1
IsCombinational: 2
IsDatapathOnly: 0
HasWiredReturn: 1
HasMFsm: 0
HasVarLatency: 1
IsPipeline: 0
IsRtlPipelined: 0
IsInstanceOverlapped: 0
IsDontTouch: 0
HasImplIP: 0
IsGatedGlobalClock: 0

+ Individual pipeline summary: 
  * Pipeline-0: initiation interval (II) = 1, depth = 17


============================================================
+ Verbose Summary: Schedule
============================================================
* Number of FSM states : 19
* Pipeline : 1
  Pipeline-0 : II = 1, D = 17, States = { 2 3 4 5 6 7 8 9 10 11 12 13 14 15 16 17 18 }
* Dataflow Pipeline: 0

* FSM state transitions: 
1 --> 
	2  / true
2 --> 
	19  / (exitcond_i_i)
	3  / (!exitcond_i_i)
3 --> 
	4  / true
4 --> 
	5  / true
5 --> 
	6  / true
6 --> 
	7  / true
7 --> 
	8  / true
8 --> 
	9  / true
9 --> 
	10  / true
10 --> 
	11  / true
11 --> 
	12  / true
12 --> 
	13  / true
13 --> 
	14  / true
14 --> 
	15  / true
15 --> 
	16  / true
16 --> 
	17  / true
17 --> 
	18  / true
18 --> 
	2  / true
19 --> 

* FSM state operations: 

 <State 1> : 1.77ns
ST_1 : Operation 20 [1/1] (0.00ns)   --->   "%pixel_read = call i32 @_ssdm_op_Read.ap_auto.i32(i32 %pixel)"
ST_1 : Operation 21 [1/1] (0.00ns)   --->   "%pixelRed = call i8 @_ssdm_op_PartSelect.i8.i32.i32.i32(i32 %pixel_read, i32 16, i32 23)" [ColorComparator/ColorComparator.cpp:9->ColorComparator/ColorComparator.cpp:30]
ST_1 : Operation 22 [1/1] (0.00ns)   --->   "%pixelRed_cast_i = zext i8 %pixelRed to i9" [ColorComparator/ColorComparator.cpp:9->ColorComparator/ColorComparator.cpp:30]
ST_1 : Operation 23 [1/1] (0.00ns)   --->   "%pixelGreen = call i8 @_ssdm_op_PartSelect.i8.i32.i32.i32(i32 %pixel_read, i32 8, i32 15)" [ColorComparator/ColorComparator.cpp:10->ColorComparator/ColorComparator.cpp:30]
ST_1 : Operation 24 [1/1] (0.00ns)   --->   "%pixelGreen_cast_i = zext i8 %pixelGreen to i9" [ColorComparator/ColorComparator.cpp:10->ColorComparator/ColorComparator.cpp:30]
ST_1 : Operation 25 [1/1] (0.00ns)   --->   "%pixelBlue = trunc i32 %pixel_read to i8" [ColorComparator/ColorComparator.cpp:11->ColorComparator/ColorComparator.cpp:30]
ST_1 : Operation 26 [1/1] (0.00ns)   --->   "%pixelBlue_cast_i = zext i8 %pixelBlue to i9" [ColorComparator/ColorComparator.cpp:11->ColorComparator/ColorComparator.cpp:30]
ST_1 : Operation 27 [1/1] (1.76ns)   --->   "br label %0"

 <State 2> : 3.25ns
ST_2 : Operation 28 [1/1] (0.00ns)   --->   "%minimumDistanceIndex_1 = phi i32 [ 0, %newFuncRoot ], [ %i_0_minimumDistanceI, %1 ]" [ColorComparator/ColorComparator.cpp:31]
ST_2 : Operation 29 [1/1] (0.00ns)   --->   "%minimumDistanceIndex = phi i3 [ 0, %newFuncRoot ], [ %i, %1 ]"
ST_2 : Operation 30 [1/1] (0.00ns)   --->   "%minimumDistance_0_i_s = phi i32 [ 2147483647, %newFuncRoot ], [ %distance_0_minimumDi, %1 ]" [ColorComparator/ColorComparator.cpp:31]
ST_2 : Operation 31 [1/1] (1.13ns)   --->   "%exitcond_i_i = icmp eq i3 %minimumDistanceIndex, -2" [ColorComparator/ColorComparator.cpp:29]   --->   Core 25 'Cmp' <Latency = 0> <II = 1> <Delay = 2.47> <FuncUnit> <Opcode : 'icmp'> <InPorts = 2> <OutPorts = 1>
ST_2 : Operation 32 [1/1] (1.65ns)   --->   "%i = add i3 %minimumDistanceIndex, 1" [ColorComparator/ColorComparator.cpp:29]   --->   Core 14 'AddSub' <Latency = 0> <II = 1> <Delay = 2.43> <FuncUnit> <Opcode : 'add' 'sub'> <InPorts = 2> <OutPorts = 1>
ST_2 : Operation 33 [1/1] (0.00ns)   --->   "br i1 %exitcond_i_i, label %getPixelClassification_.exit2.exitStub, label %1" [ColorComparator/ColorComparator.cpp:29]
ST_2 : Operation 34 [1/1] (0.00ns)   --->   "%tmp_i = zext i3 %minimumDistanceIndex to i64" [ColorComparator/ColorComparator.cpp:30]
ST_2 : Operation 35 [1/1] (0.00ns)   --->   "%p_color_array_addr = getelementptr [6 x i17]* @p_color_array, i64 0, i64 %tmp_i" [ColorComparator/ColorComparator.cpp:30]
ST_2 : Operation 36 [2/2] (3.25ns)   --->   "%p_color_array_load = load i17* %p_color_array_addr, align 4" [ColorComparator/ColorComparator.cpp:30]   --->   Core 48 'ROM_nP' <Latency = 1> <II = 1> <Delay = 3.25> <Storage> <Opcode : 'load'> <Ports = 0> <Width = 17> <Depth = 6> <ROM>

 <State 3> : 5.19ns
ST_3 : Operation 37 [1/2] (3.25ns)   --->   "%p_color_array_load = load i17* %p_color_array_addr, align 4" [ColorComparator/ColorComparator.cpp:30]   --->   Core 48 'ROM_nP' <Latency = 1> <II = 1> <Delay = 3.25> <Storage> <Opcode : 'load'> <Ports = 0> <Width = 17> <Depth = 6> <ROM>
ST_3 : Operation 38 [1/1] (0.00ns) (grouped into LUT with out node number_assign)   --->   "%tmp_75 = call i1 @_ssdm_op_BitSelect.i1.i17.i32(i17 %p_color_array_load, i32 16)" [ColorComparator/ColorComparator.cpp:12->ColorComparator/ColorComparator.cpp:30]
ST_3 : Operation 39 [1/1] (0.00ns) (grouped into LUT with out node number_assign)   --->   "%colorRed_cast_i_cast = select i1 %tmp_75, i9 255, i9 0" [ColorComparator/ColorComparator.cpp:12->ColorComparator/ColorComparator.cpp:30]   --->   Core 26 'Sel' <Latency = 0> <II = 1> <Delay = 1.37> <FuncUnit> <Opcode : 'select'> <InPorts = 3> <OutPorts = 1>
ST_3 : Operation 40 [1/1] (0.00ns)   --->   "%colorGreen = call i8 @_ssdm_op_PartSelect.i8.i17.i32.i32(i17 %p_color_array_load, i32 8, i32 15)" [ColorComparator/ColorComparator.cpp:13->ColorComparator/ColorComparator.cpp:30]
ST_3 : Operation 41 [1/1] (0.00ns)   --->   "%colorBlue = trunc i17 %p_color_array_load to i8" [ColorComparator/ColorComparator.cpp:14->ColorComparator/ColorComparator.cpp:30]
ST_3 : Operation 42 [1/1] (1.93ns) (out node of the LUT)   --->   "%number_assign = sub i9 %pixelRed_cast_i, %colorRed_cast_i_cast" [ColorComparator/ColorComparator.cpp:16->ColorComparator/ColorComparator.cpp:30]   --->   Core 14 'AddSub' <Latency = 0> <II = 1> <Delay = 2.43> <FuncUnit> <Opcode : 'add' 'sub'> <InPorts = 2> <OutPorts = 1>

 <State 4> : 8.67ns
ST_4 : Operation 43 [1/1] (0.00ns)   --->   "%colorGreen_cast_i = zext i8 %colorGreen to i9" [ColorComparator/ColorComparator.cpp:13->ColorComparator/ColorComparator.cpp:30]
ST_4 : Operation 44 [1/1] (0.00ns)   --->   "%colorBlue_cast_i = zext i8 %colorBlue to i9" [ColorComparator/ColorComparator.cpp:14->ColorComparator/ColorComparator.cpp:30]
ST_4 : Operation 45 [1/1] (0.00ns)   --->   "%tmp_s = sext i9 %number_assign to i17" [ColorComparator/powerFunction.cpp:7->ColorComparator/ColorComparator.cpp:16->ColorComparator/ColorComparator.cpp:30]
ST_4 : Operation 46 [1/1] (4.35ns)   --->   "%result3_i = mul i17 %tmp_s, %tmp_s" [ColorComparator/ColorComparator.cpp:16->ColorComparator/ColorComparator.cpp:30]   --->   Core 16 'Mul' <Latency = 0> <II = 1> <Delay = 4.35> <FuncUnit> <Opcode : 'mul'> <InPorts = 2> <OutPorts = 1>
ST_4 : Operation 47 [1/1] (0.00ns)   --->   "%p_Val2_s = call i26 @_ssdm_op_BitConcatenate.i26.i17.i9(i17 %result3_i, i9 0)" [ColorComparator/ColorComparator.cpp:16->ColorComparator/ColorComparator.cpp:30]
ST_4 : Operation 48 [1/1] (0.00ns)   --->   "%p_Val2_cast_i = sext i26 %p_Val2_s to i28" [ColorComparator/ColorComparator.cpp:16->ColorComparator/ColorComparator.cpp:30]
ST_4 : Operation 49 [1/1] (1.91ns)   --->   "%number_assign_1 = sub i9 %pixelGreen_cast_i, %colorGreen_cast_i" [ColorComparator/ColorComparator.cpp:17->ColorComparator/ColorComparator.cpp:30]   --->   Core 14 'AddSub' <Latency = 0> <II = 1> <Delay = 2.43> <FuncUnit> <Opcode : 'add' 'sub'> <InPorts = 2> <OutPorts = 1>
ST_4 : Operation 50 [1/1] (0.00ns)   --->   "%tmp_1 = sext i9 %number_assign_1 to i17" [ColorComparator/powerFunction.cpp:7->ColorComparator/ColorComparator.cpp:17->ColorComparator/ColorComparator.cpp:30]
ST_4 : Operation 51 [1/1] (4.35ns)   --->   "%result_11_i = mul i17 %tmp_1, %tmp_1" [ColorComparator/ColorComparator.cpp:17->ColorComparator/ColorComparator.cpp:30]   --->   Core 16 'Mul' <Latency = 0> <II = 1> <Delay = 4.35> <FuncUnit> <Opcode : 'mul'> <InPorts = 2> <OutPorts = 1>
ST_4 : Operation 52 [1/1] (0.00ns)   --->   "%p_Val2_1 = call i27 @_ssdm_op_BitConcatenate.i27.i17.i10(i17 %result_11_i, i10 0)" [ColorComparator/ColorComparator.cpp:17->ColorComparator/ColorComparator.cpp:30]
ST_4 : Operation 53 [1/1] (0.00ns)   --->   "%p_Val2_1_cast_i = sext i27 %p_Val2_1 to i28" [ColorComparator/ColorComparator.cpp:17->ColorComparator/ColorComparator.cpp:30]
ST_4 : Operation 54 [1/1] (1.91ns)   --->   "%number_assign_2 = sub i9 %pixelBlue_cast_i, %colorBlue_cast_i" [ColorComparator/ColorComparator.cpp:18->ColorComparator/ColorComparator.cpp:30]   --->   Core 14 'AddSub' <Latency = 0> <II = 1> <Delay = 2.43> <FuncUnit> <Opcode : 'add' 'sub'> <InPorts = 2> <OutPorts = 1>
ST_4 : Operation 55 [1/1] (0.00ns)   --->   "%tmp_77 = sext i9 %number_assign_2 to i17" [ColorComparator/powerFunction.cpp:7->ColorComparator/ColorComparator.cpp:18->ColorComparator/ColorComparator.cpp:30]
ST_4 : Operation 56 [1/1] (0.00ns)   --->   "%tmp_78 = sext i9 %number_assign_2 to i17" [ColorComparator/powerFunction.cpp:7->ColorComparator/ColorComparator.cpp:18->ColorComparator/ColorComparator.cpp:30]
ST_4 : Operation 57 [1/1] (4.35ns)   --->   "%tmp_79 = mul i17 %tmp_78, %tmp_77" [ColorComparator/powerFunction.cpp:7->ColorComparator/ColorComparator.cpp:18->ColorComparator/ColorComparator.cpp:30]   --->   Core 16 'Mul' <Latency = 0> <II = 1> <Delay = 4.35> <FuncUnit> <Opcode : 'mul'> <InPorts = 2> <OutPorts = 1>
ST_4 : Operation 58 [1/1] (2.40ns)   --->   "%p_Val2_5_i = add i28 %p_Val2_cast_i, %p_Val2_1_cast_i" [ColorComparator/ColorComparator.cpp:19->ColorComparator/ColorComparator.cpp:30]   --->   Core 14 'AddSub' <Latency = 0> <II = 1> <Delay = 2.43> <FuncUnit> <Opcode : 'add' 'sub'> <InPorts = 2> <OutPorts = 1>

 <State 5> : 8.07ns
ST_5 : Operation 59 [1/1] (0.00ns)   --->   "%p_shl_i = call i27 @_ssdm_op_BitConcatenate.i27.i17.i10(i17 %tmp_79, i10 0)" [ColorComparator/ColorComparator.cpp:18->ColorComparator/ColorComparator.cpp:30]
ST_5 : Operation 60 [1/1] (0.00ns)   --->   "%p_shl_cast_i = sext i27 %p_shl_i to i28" [ColorComparator/ColorComparator.cpp:18->ColorComparator/ColorComparator.cpp:30]
ST_5 : Operation 61 [1/1] (0.00ns)   --->   "%p_shl9_i = call i25 @_ssdm_op_BitConcatenate.i25.i17.i8(i17 %tmp_79, i8 0)" [ColorComparator/ColorComparator.cpp:18->ColorComparator/ColorComparator.cpp:30]
ST_5 : Operation 62 [1/1] (0.00ns)   --->   "%p_shl9_cast_i = sext i25 %p_shl9_i to i28" [ColorComparator/ColorComparator.cpp:18->ColorComparator/ColorComparator.cpp:30]
ST_5 : Operation 63 [1/1] (2.40ns)   --->   "%p_Val2_2 = sub i28 %p_shl_cast_i, %p_shl9_cast_i" [ColorComparator/ColorComparator.cpp:18->ColorComparator/ColorComparator.cpp:30]   --->   Core 14 'AddSub' <Latency = 0> <II = 1> <Delay = 2.43> <FuncUnit> <Opcode : 'add' 'sub'> <InPorts = 2> <OutPorts = 1>
ST_5 : Operation 64 [1/1] (0.00ns)   --->   "%p_Val2_2_cast_i = sext i28 %p_Val2_2 to i29" [ColorComparator/ColorComparator.cpp:18->ColorComparator/ColorComparator.cpp:30]
ST_5 : Operation 65 [1/1] (0.00ns)   --->   "%p_Val2_5_cast_i = sext i28 %p_Val2_5_i to i29" [ColorComparator/ColorComparator.cpp:19->ColorComparator/ColorComparator.cpp:30]
ST_5 : Operation 66 [1/1] (2.43ns)   --->   "%powerSummation_V = add i29 %p_Val2_2_cast_i, %p_Val2_5_cast_i" [ColorComparator/ColorComparator.cpp:19->ColorComparator/ColorComparator.cpp:30]   --->   Core 14 'AddSub' <Latency = 0> <II = 1> <Delay = 2.43> <FuncUnit> <Opcode : 'add' 'sub'> <InPorts = 2> <OutPorts = 1>
ST_5 : Operation 67 [13/13] (3.22ns)   --->   "%result_V_i = call fastcc i20 @fxp_sqrt(i29 %powerSummation_V) nounwind" [ColorComparator/ColorComparator.cpp:21->ColorComparator/ColorComparator.cpp:30]   --->   Core 0 '' <Latency = 0> <II = 1> <Delay = 1.00> <Generic> <Opcode : >

 <State 6> : 8.68ns
ST_6 : Operation 68 [12/13] (8.67ns)   --->   "%result_V_i = call fastcc i20 @fxp_sqrt(i29 %powerSummation_V) nounwind" [ColorComparator/ColorComparator.cpp:21->ColorComparator/ColorComparator.cpp:30]   --->   Core 0 '' <Latency = 0> <II = 1> <Delay = 1.00> <Generic> <Opcode : >

 <State 7> : 8.68ns
ST_7 : Operation 69 [11/13] (8.67ns)   --->   "%result_V_i = call fastcc i20 @fxp_sqrt(i29 %powerSummation_V) nounwind" [ColorComparator/ColorComparator.cpp:21->ColorComparator/ColorComparator.cpp:30]   --->   Core 0 '' <Latency = 0> <II = 1> <Delay = 1.00> <Generic> <Opcode : >

 <State 8> : 8.68ns
ST_8 : Operation 70 [10/13] (8.67ns)   --->   "%result_V_i = call fastcc i20 @fxp_sqrt(i29 %powerSummation_V) nounwind" [ColorComparator/ColorComparator.cpp:21->ColorComparator/ColorComparator.cpp:30]   --->   Core 0 '' <Latency = 0> <II = 1> <Delay = 1.00> <Generic> <Opcode : >

 <State 9> : 8.68ns
ST_9 : Operation 71 [9/13] (8.67ns)   --->   "%result_V_i = call fastcc i20 @fxp_sqrt(i29 %powerSummation_V) nounwind" [ColorComparator/ColorComparator.cpp:21->ColorComparator/ColorComparator.cpp:30]   --->   Core 0 '' <Latency = 0> <II = 1> <Delay = 1.00> <Generic> <Opcode : >

 <State 10> : 8.68ns
ST_10 : Operation 72 [8/13] (8.67ns)   --->   "%result_V_i = call fastcc i20 @fxp_sqrt(i29 %powerSummation_V) nounwind" [ColorComparator/ColorComparator.cpp:21->ColorComparator/ColorComparator.cpp:30]   --->   Core 0 '' <Latency = 0> <II = 1> <Delay = 1.00> <Generic> <Opcode : >

 <State 11> : 8.68ns
ST_11 : Operation 73 [7/13] (8.67ns)   --->   "%result_V_i = call fastcc i20 @fxp_sqrt(i29 %powerSummation_V) nounwind" [ColorComparator/ColorComparator.cpp:21->ColorComparator/ColorComparator.cpp:30]   --->   Core 0 '' <Latency = 0> <II = 1> <Delay = 1.00> <Generic> <Opcode : >

 <State 12> : 8.68ns
ST_12 : Operation 74 [6/13] (8.67ns)   --->   "%result_V_i = call fastcc i20 @fxp_sqrt(i29 %powerSummation_V) nounwind" [ColorComparator/ColorComparator.cpp:21->ColorComparator/ColorComparator.cpp:30]   --->   Core 0 '' <Latency = 0> <II = 1> <Delay = 1.00> <Generic> <Opcode : >

 <State 13> : 8.68ns
ST_13 : Operation 75 [5/13] (8.67ns)   --->   "%result_V_i = call fastcc i20 @fxp_sqrt(i29 %powerSummation_V) nounwind" [ColorComparator/ColorComparator.cpp:21->ColorComparator/ColorComparator.cpp:30]   --->   Core 0 '' <Latency = 0> <II = 1> <Delay = 1.00> <Generic> <Opcode : >

 <State 14> : 8.68ns
ST_14 : Operation 76 [4/13] (8.67ns)   --->   "%result_V_i = call fastcc i20 @fxp_sqrt(i29 %powerSummation_V) nounwind" [ColorComparator/ColorComparator.cpp:21->ColorComparator/ColorComparator.cpp:30]   --->   Core 0 '' <Latency = 0> <II = 1> <Delay = 1.00> <Generic> <Opcode : >

 <State 15> : 8.68ns
ST_15 : Operation 77 [3/13] (8.67ns)   --->   "%result_V_i = call fastcc i20 @fxp_sqrt(i29 %powerSummation_V) nounwind" [ColorComparator/ColorComparator.cpp:21->ColorComparator/ColorComparator.cpp:30]   --->   Core 0 '' <Latency = 0> <II = 1> <Delay = 1.00> <Generic> <Opcode : >

 <State 16> : 8.68ns
ST_16 : Operation 78 [2/13] (8.67ns)   --->   "%result_V_i = call fastcc i20 @fxp_sqrt(i29 %powerSummation_V) nounwind" [ColorComparator/ColorComparator.cpp:21->ColorComparator/ColorComparator.cpp:30]   --->   Core 0 '' <Latency = 0> <II = 1> <Delay = 1.00> <Generic> <Opcode : >

 <State 17> : 6.10ns
ST_17 : Operation 79 [1/13] (6.10ns)   --->   "%result_V_i = call fastcc i20 @fxp_sqrt(i29 %powerSummation_V) nounwind" [ColorComparator/ColorComparator.cpp:21->ColorComparator/ColorComparator.cpp:30]   --->   Core 0 '' <Latency = 0> <II = 1> <Delay = 1.00> <Generic> <Opcode : >
ST_17 : Operation 80 [1/1] (0.00ns)   --->   "%tmp_2 = call i12 @_ssdm_op_PartSelect.i12.i20.i32.i32(i20 %result_V_i, i32 8, i32 19) nounwind" [ColorComparator/ColorComparator.cpp:22->ColorComparator/ColorComparator.cpp:30]

 <State 18> : 3.84ns
ST_18 : Operation 81 [1/1] (0.00ns)   --->   "%minimumDistanceIndex_2 = zext i3 %minimumDistanceIndex to i32" [ColorComparator/ColorComparator.cpp:33]
ST_18 : Operation 82 [1/1] (0.00ns)   --->   "%empty = call i32 (...)* @_ssdm_op_SpecLoopTripCount(i64 6, i64 6, i64 6) nounwind"
ST_18 : Operation 83 [1/1] (0.00ns)   --->   "call void (...)* @_ssdm_op_SpecLoopName([17 x i8]* @p_str12) nounwind" [ColorComparator/ColorComparator.cpp:29]
ST_18 : Operation 84 [1/1] (0.00ns)   --->   "%tmp = call i32 (...)* @_ssdm_op_SpecRegionBegin([17 x i8]* @p_str12) nounwind" [ColorComparator/ColorComparator.cpp:29]
ST_18 : Operation 85 [1/1] (0.00ns)   --->   "call void (...)* @_ssdm_op_SpecPipeline(i32 1, i32 1, i32 1, i32 0, [1 x i8]* @p_str1) nounwind" [ColorComparator/ColorComparator.cpp:30]
ST_18 : Operation 86 [1/1] (0.00ns)   --->   "%rbegin = call i32 (...)* @_ssdm_op_SpecRegionBegin([24 x i8]* @getColorDistance_OC_s)"
ST_18 : Operation 87 [1/1] (0.00ns)   --->   "%rend = call i32 (...)* @_ssdm_op_SpecRegionEnd([24 x i8]* @getColorDistance_OC_s, i32 %rbegin)"
ST_18 : Operation 88 [1/1] (0.00ns)   --->   "%minimumDistance = zext i12 %tmp_2 to i32" [ColorComparator/ColorComparator.cpp:30]
ST_18 : Operation 89 [1/1] (2.47ns)   --->   "%tmp_1_i = icmp slt i32 %minimumDistance, %minimumDistance_0_i_s" [ColorComparator/ColorComparator.cpp:31]   --->   Core 25 'Cmp' <Latency = 0> <II = 1> <Delay = 2.47> <FuncUnit> <Opcode : 'icmp'> <InPorts = 2> <OutPorts = 1>
ST_18 : Operation 90 [1/1] (1.37ns)   --->   "%i_0_minimumDistanceI = select i1 %tmp_1_i, i32 %minimumDistanceIndex_2, i32 %minimumDistanceIndex_1" [ColorComparator/ColorComparator.cpp:31]   --->   Core 26 'Sel' <Latency = 0> <II = 1> <Delay = 1.37> <FuncUnit> <Opcode : 'select'> <InPorts = 3> <OutPorts = 1>
ST_18 : Operation 91 [1/1] (1.37ns)   --->   "%distance_0_minimumDi = select i1 %tmp_1_i, i32 %minimumDistance, i32 %minimumDistance_0_i_s" [ColorComparator/ColorComparator.cpp:31]   --->   Core 26 'Sel' <Latency = 0> <II = 1> <Delay = 1.37> <FuncUnit> <Opcode : 'select'> <InPorts = 3> <OutPorts = 1>
ST_18 : Operation 92 [1/1] (0.00ns)   --->   "%empty_158 = call i32 (...)* @_ssdm_op_SpecRegionEnd([17 x i8]* @p_str12, i32 %tmp) nounwind" [ColorComparator/ColorComparator.cpp:35]
ST_18 : Operation 93 [1/1] (0.00ns)   --->   "br label %0" [ColorComparator/ColorComparator.cpp:29]

 <State 19> : 0.00ns
ST_19 : Operation 94 [1/1] (0.00ns)   --->   "ret i32 %minimumDistanceIndex_1" [ColorComparator/ColorComparator.cpp:31]


============================================================
+ Verbose Summary: Timing violations
============================================================
Target clock period: 10ns, clock uncertainty: 1.25ns.

 <State 1>: 1.77ns
The critical path consists of the following:
	multiplexor before 'phi' operation ('minimumDistanceIndex_1', ColorComparator/ColorComparator.cpp:31) with incoming values : ('i_0_minimumDistanceI', ColorComparator/ColorComparator.cpp:31) [12]  (1.77 ns)

 <State 2>: 3.25ns
The critical path consists of the following:
	'phi' operation ('i') with incoming values : ('i', ColorComparator/ColorComparator.cpp:29) [13]  (0 ns)
	'getelementptr' operation ('p_color_array_addr', ColorComparator/ColorComparator.cpp:30) [25]  (0 ns)
	'load' operation ('p_color_array_load', ColorComparator/ColorComparator.cpp:30) on array 'p_color_array' [26]  (3.25 ns)

 <State 3>: 5.19ns
The critical path consists of the following:
	'load' operation ('p_color_array_load', ColorComparator/ColorComparator.cpp:30) on array 'p_color_array' [26]  (3.25 ns)
	'select' operation ('colorRed_cast_i_cast', ColorComparator/ColorComparator.cpp:12->ColorComparator/ColorComparator.cpp:30) [29]  (0 ns)
	'sub' operation ('number', ColorComparator/ColorComparator.cpp:16->ColorComparator/ColorComparator.cpp:30) [34]  (1.94 ns)

 <State 4>: 8.67ns
The critical path consists of the following:
	'sub' operation ('number', ColorComparator/ColorComparator.cpp:17->ColorComparator/ColorComparator.cpp:30) [39]  (1.92 ns)
	'mul' operation ('result_11_i', ColorComparator/ColorComparator.cpp:17->ColorComparator/ColorComparator.cpp:30) [41]  (4.35 ns)
	'add' operation ('p_Val2_5_i', ColorComparator/ColorComparator.cpp:19->ColorComparator/ColorComparator.cpp:30) [54]  (2.4 ns)

 <State 5>: 8.07ns
The critical path consists of the following:
	'sub' operation ('__Val2__', ColorComparator/ColorComparator.cpp:18->ColorComparator/ColorComparator.cpp:30) [52]  (2.4 ns)
	'add' operation ('powerSummation.V', ColorComparator/ColorComparator.cpp:19->ColorComparator/ColorComparator.cpp:30) [56]  (2.43 ns)
	'call' operation ('result_V_i', ColorComparator/ColorComparator.cpp:21->ColorComparator/ColorComparator.cpp:30) to 'fxp_sqrt' [57]  (3.23 ns)

 <State 6>: 8.68ns
The critical path consists of the following:
	'call' operation ('result_V_i', ColorComparator/ColorComparator.cpp:21->ColorComparator/ColorComparator.cpp:30) to 'fxp_sqrt' [57]  (8.68 ns)

 <State 7>: 8.68ns
The critical path consists of the following:
	'call' operation ('result_V_i', ColorComparator/ColorComparator.cpp:21->ColorComparator/ColorComparator.cpp:30) to 'fxp_sqrt' [57]  (8.68 ns)

 <State 8>: 8.68ns
The critical path consists of the following:
	'call' operation ('result_V_i', ColorComparator/ColorComparator.cpp:21->ColorComparator/ColorComparator.cpp:30) to 'fxp_sqrt' [57]  (8.68 ns)

 <State 9>: 8.68ns
The critical path consists of the following:
	'call' operation ('result_V_i', ColorComparator/ColorComparator.cpp:21->ColorComparator/ColorComparator.cpp:30) to 'fxp_sqrt' [57]  (8.68 ns)

 <State 10>: 8.68ns
The critical path consists of the following:
	'call' operation ('result_V_i', ColorComparator/ColorComparator.cpp:21->ColorComparator/ColorComparator.cpp:30) to 'fxp_sqrt' [57]  (8.68 ns)

 <State 11>: 8.68ns
The critical path consists of the following:
	'call' operation ('result_V_i', ColorComparator/ColorComparator.cpp:21->ColorComparator/ColorComparator.cpp:30) to 'fxp_sqrt' [57]  (8.68 ns)

 <State 12>: 8.68ns
The critical path consists of the following:
	'call' operation ('result_V_i', ColorComparator/ColorComparator.cpp:21->ColorComparator/ColorComparator.cpp:30) to 'fxp_sqrt' [57]  (8.68 ns)

 <State 13>: 8.68ns
The critical path consists of the following:
	'call' operation ('result_V_i', ColorComparator/ColorComparator.cpp:21->ColorComparator/ColorComparator.cpp:30) to 'fxp_sqrt' [57]  (8.68 ns)

 <State 14>: 8.68ns
The critical path consists of the following:
	'call' operation ('result_V_i', ColorComparator/ColorComparator.cpp:21->ColorComparator/ColorComparator.cpp:30) to 'fxp_sqrt' [57]  (8.68 ns)

 <State 15>: 8.68ns
The critical path consists of the following:
	'call' operation ('result_V_i', ColorComparator/ColorComparator.cpp:21->ColorComparator/ColorComparator.cpp:30) to 'fxp_sqrt' [57]  (8.68 ns)

 <State 16>: 8.68ns
The critical path consists of the following:
	'call' operation ('result_V_i', ColorComparator/ColorComparator.cpp:21->ColorComparator/ColorComparator.cpp:30) to 'fxp_sqrt' [57]  (8.68 ns)

 <State 17>: 6.1ns
The critical path consists of the following:
	'call' operation ('result_V_i', ColorComparator/ColorComparator.cpp:21->ColorComparator/ColorComparator.cpp:30) to 'fxp_sqrt' [57]  (6.1 ns)

 <State 18>: 3.84ns
The critical path consists of the following:
	'icmp' operation ('tmp_1_i', ColorComparator/ColorComparator.cpp:31) [61]  (2.47 ns)
	'select' operation ('i_0_minimumDistanceI', ColorComparator/ColorComparator.cpp:31) [62]  (1.37 ns)

 <State 19>: 0ns
The critical path consists of the following:


============================================================
+ Verbose Summary: Binding
============================================================
N/A
* FSMD analyzer results:
  - Output states:
 - Input state : 
  - Chain level:
	State 1
	State 2
	State 3
	State 4
	State 5
	State 6
	State 7
	State 8
	State 9
	State 10
	State 11
	State 12
	State 13
	State 14
	State 15
	State 16
	State 17
	State 18
	State 19


============================================================
+ Verbose Summary: Datapath Resource usage 
============================================================
N/A
