

================================================================
== Vivado HLS Report for 'getColorDistance'
================================================================
* Date:           Fri Apr 20 00:05:14 2018

* Version:        2017.4.1 (Build 2117188 on Tue Jan 30 15:53:01 MST 2018)
* Project:        ColorComparator
* Solution:       solution1
* Product family: zynq
* Target device:  xc7z020clg400-1


================================================================
== Performance Estimates
================================================================
+ Timing (ns): 
    * Summary: 
    +--------+-------+----------+------------+
    |  Clock | Target| Estimated| Uncertainty|
    +--------+-------+----------+------------+
    |ap_clk  |  10.00|      8.68|        1.25|
    +--------+-------+----------+------------+

+ Latency (clock cycles): 
    * Summary: 
    +-----+-----+-----+-----+----------+
    |  Latency  |  Interval | Pipeline |
    | min | max | min | max |   Type   |
    +-----+-----+-----+-----+----------+
    |   13|   13|    1|    1| function |
    +-----+-----+-----+-----+----------+

    + Detail: 
        * Instance: 
        +--------------------+----------+-----+-----+-----+-----+----------+
        |                    |          |  Latency  |  Interval | Pipeline |
        |      Instance      |  Module  | min | max | min | max |   Type   |
        +--------------------+----------+-----+-----+-----+-----+----------+
        |grp_fxp_sqrt_fu_66  |fxp_sqrt  |   11|   11|    1|    1| function |
        +--------------------+----------+-----+-----+-----+-----+----------+

        * Loop: 
        N/A



================================================================
== Utilization Estimates
================================================================
* Summary: 
+-----------------+---------+-------+--------+-------+
|       Name      | BRAM_18K| DSP48E|   FF   |  LUT  |
+-----------------+---------+-------+--------+-------+
|DSP              |        -|      -|       -|      -|
|Expression       |        -|      0|       0|    349|
|FIFO             |        -|      -|       -|      -|
|Instance         |        -|      -|     355|   3622|
|Memory           |        -|      -|       -|      -|
|Multiplexer      |        -|      -|       -|      9|
|Register         |        -|      -|      70|      -|
+-----------------+---------+-------+--------+-------+
|Total            |        0|      0|     425|   3980|
+-----------------+---------+-------+--------+-------+
|Available        |      280|    220|  106400|  53200|
+-----------------+---------+-------+--------+-------+
|Utilization (%)  |        0|      0|   ~0   |      7|
+-----------------+---------+-------+--------+-------+

+ Detail: 
    * Instance: 
    +--------------------+----------+---------+-------+-----+------+
    |      Instance      |  Module  | BRAM_18K| DSP48E|  FF |  LUT |
    +--------------------+----------+---------+-------+-----+------+
    |grp_fxp_sqrt_fu_66  |fxp_sqrt  |        0|      0|  355|  3622|
    +--------------------+----------+---------+-------+-----+------+
    |Total               |          |        0|      0|  355|  3622|
    +--------------------+----------+---------+-------+-----+------+

    * DSP48: 
    N/A

    * Memory: 
    N/A

    * FIFO: 
    N/A

    * Expression: 
    +----------------------------------+----------+-------+---+----+------------+------------+
    |           Variable Name          | Operation| DSP48E| FF| LUT| Bitwidth P0| Bitwidth P1|
    +----------------------------------+----------+-------+---+----+------------+------------+
    |result_1_fu_171_p2                |     *    |      0|  0|  51|           9|           9|
    |result_fu_155_p2                  |     *    |      0|  0|  51|           9|           9|
    |tmp_9_fu_191_p2                   |     *    |      0|  0|  51|           9|           9|
    |grp_fxp_sqrt_fu_66_in_val_V_read  |     +    |      0|  0|  37|          30|          30|
    |tmp5_fu_252_p2                    |     +    |      0|  0|  36|          29|          29|
    |number_assign_1_fu_161_p2         |     -    |      0|  0|  16|           9|           9|
    |number_assign_2_fu_177_p2         |     -    |      0|  0|  16|           9|           9|
    |number_assign_fu_145_p2           |     -    |      0|  0|  16|           9|           9|
    |p_Val2_s_fu_221_p2                |     -    |      0|  0|  35|          28|          28|
    |ap_block_pp0_stage0_11001         |    and   |      0|  0|   8|           1|           1|
    |ap_block_pp0_stage0_subdone       |    or    |      0|  0|   8|           1|           1|
    |ap_block_state1_pp0_stage0_iter0  |    or    |      0|  0|   8|           1|           1|
    |colorRed_cast_fu_115_p3           |  select  |      0|  0|   8|           1|           8|
    |ap_enable_pp0                     |    xor   |      0|  0|   8|           1|           2|
    +----------------------------------+----------+-------+---+----+------------+------------+
    |Total                             |          |      0|  0| 349|         146|         154|
    +----------------------------------+----------+-------+---+----+------------+------------+

    * Multiplexer: 
    +-------------------+----+-----------+-----+-----------+
    |        Name       | LUT| Input Size| Bits| Total Bits|
    +-------------------+----+-----------+-----+-----------+
    |pixel_TDATA_blk_n  |   9|          2|    1|          2|
    +-------------------+----+-----------+-----+-----------+
    |Total              |   9|          2|    1|          2|
    +-------------------+----+-----------+-----+-----------+

    * Register: 
    +--------------------------+----+----+-----+-----------+
    |           Name           | FF | LUT| Bits| Const Bits|
    +--------------------------+----+----+-----+-----------+
    |ap_CS_fsm                 |   1|   0|    1|          0|
    |ap_enable_reg_pp0_iter1   |   1|   0|    1|          0|
    |ap_enable_reg_pp0_iter10  |   1|   0|    1|          0|
    |ap_enable_reg_pp0_iter11  |   1|   0|    1|          0|
    |ap_enable_reg_pp0_iter12  |   1|   0|    1|          0|
    |ap_enable_reg_pp0_iter13  |   1|   0|    1|          0|
    |ap_enable_reg_pp0_iter2   |   1|   0|    1|          0|
    |ap_enable_reg_pp0_iter3   |   1|   0|    1|          0|
    |ap_enable_reg_pp0_iter4   |   1|   0|    1|          0|
    |ap_enable_reg_pp0_iter5   |   1|   0|    1|          0|
    |ap_enable_reg_pp0_iter6   |   1|   0|    1|          0|
    |ap_enable_reg_pp0_iter7   |   1|   0|    1|          0|
    |ap_enable_reg_pp0_iter8   |   1|   0|    1|          0|
    |ap_enable_reg_pp0_iter9   |   1|   0|    1|          0|
    |p_Val2_s_reg_289          |  20|   0|   28|          8|
    |result_1_reg_284          |  18|   0|   18|          0|
    |result_reg_279            |  18|   0|   18|          0|
    +--------------------------+----+----+-----+-----------+
    |Total                     |  70|   0|   78|          8|
    +--------------------------+----+----+-----+-----------+



================================================================
== Interface
================================================================
* Summary: 
+-------------------+-----+-----+------------+------------------+--------------+
|     RTL Ports     | Dir | Bits|  Protocol  |   Source Object  |    C Type    |
+-------------------+-----+-----+------------+------------------+--------------+
|ap_clk             |  in |    1| ap_ctrl_hs | getColorDistance | return value |
|ap_rst             |  in |    1| ap_ctrl_hs | getColorDistance | return value |
|ap_start           |  in |    1| ap_ctrl_hs | getColorDistance | return value |
|ap_done            | out |    1| ap_ctrl_hs | getColorDistance | return value |
|ap_idle            | out |    1| ap_ctrl_hs | getColorDistance | return value |
|ap_ready           | out |    1| ap_ctrl_hs | getColorDistance | return value |
|ap_ce              |  in |    1| ap_ctrl_hs | getColorDistance | return value |
|ap_return          | out |   12| ap_ctrl_hs | getColorDistance | return value |
|pixel_TDATA_blk_n  | out |    1| ap_ctrl_hs | getColorDistance | return value |
|pixel_TVALID       |  in |    1|    axis    |       pixel      |    scalar    |
|pixel_TDATA        |  in |   32|    axis    |       pixel      |    scalar    |
|pixel_TREADY       | out |    1|    axis    |       pixel      |    scalar    |
|color              |  in |   17|   ap_none  |       color      |    scalar    |
+-------------------+-----+-----+------------+------------------+--------------+

