

================================================================
== Vivado HLS Report for 'Loop_PIXEL_COLOR_LOO'
================================================================
* Date:           Sun Apr 15 02:24:06 2018

* Version:        2017.4.1 (Build 2117188 on Tue Jan 30 15:53:01 MST 2018)
* Project:        ColorComparator
* Solution:       solution1
* Product family: zynq
* Target device:  xc7z020clg400-1


================================================================
== Performance Estimates
================================================================
+ Timing (ns): 
    * Summary: 
    +--------+-------+----------+------------+
    |  Clock | Target| Estimated| Uncertainty|
    +--------+-------+----------+------------+
    |ap_clk  |  10.00|      8.68|        1.25|
    +--------+-------+----------+------------+

+ Latency (clock cycles): 
    * Summary: 
    +-----+-----+-----+-----+---------+
    |  Latency  |  Interval | Pipeline|
    | min | max | min | max |   Type  |
    +-----+-----+-----+-----+---------+
    |   23|   23|   23|   23|   none  |
    +-----+-----+-----+-----+---------+

    + Detail: 
        * Instance: 
        +---------------------+----------+-----+-----+-----+-----+----------+
        |                     |          |  Latency  |  Interval | Pipeline |
        |       Instance      |  Module  | min | max | min | max |   Type   |
        +---------------------+----------+-----+-----+-----+-----+----------+
        |grp_fxp_sqrt_fu_126  |fxp_sqrt  |   11|   11|    1|    1| function |
        +---------------------+----------+-----+-----+-----+-----+----------+

        * Loop: 
        +--------------------+-----+-----+----------+-----------+-----------+------+----------+
        |                    |  Latency  | Iteration|  Initiation Interval  | Trip |          |
        |      Loop Name     | min | max |  Latency |  achieved |   target  | Count| Pipelined|
        +--------------------+-----+-----+----------+-----------+-----------+------+----------+
        |- PIXEL_COLOR_LOOP  |   21|   21|        17|          1|          1|     6|    yes   |
        +--------------------+-----+-----+----------+-----------+-----------+------+----------+



================================================================
== Utilization Estimates
================================================================
* Summary: 
+-----------------+---------+-------+--------+-------+
|       Name      | BRAM_18K| DSP48E|   FF   |  LUT  |
+-----------------+---------+-------+--------+-------+
|DSP              |        -|      -|       -|      -|
|Expression       |        -|      0|       0|    442|
|FIFO             |        -|      -|       -|      -|
|Instance         |        -|      -|     333|   3613|
|Memory           |        0|      -|      17|      2|
|Multiplexer      |        -|      -|       -|     84|
|Register         |        0|      -|     317|     64|
+-----------------+---------+-------+--------+-------+
|Total            |        0|      0|     667|   4205|
+-----------------+---------+-------+--------+-------+
|Available        |      280|    220|  106400|  53200|
+-----------------+---------+-------+--------+-------+
|Utilization (%)  |        0|      0|   ~0   |      7|
+-----------------+---------+-------+--------+-------+

+ Detail: 
    * Instance: 
    +---------------------+----------+---------+-------+-----+------+
    |       Instance      |  Module  | BRAM_18K| DSP48E|  FF |  LUT |
    +---------------------+----------+---------+-------+-----+------+
    |grp_fxp_sqrt_fu_126  |fxp_sqrt  |        0|      0|  333|  3613|
    +---------------------+----------+---------+-------+-----+------+
    |Total                |          |        0|      0|  333|  3613|
    +---------------------+----------+---------+-------+-----+------+

    * DSP48: 
    N/A

    * Memory: 
    +-----------------+----------------------+---------+----+----+------+-----+------+-------------+
    |      Memory     |        Module        | BRAM_18K| FF | LUT| Words| Bits| Banks| W*Bits*Banks|
    +-----------------+----------------------+---------+----+----+------+-----+------+-------------+
    |p_color_array_U  |Loop_PIXEL_COLOR_bkb  |        0|  17|   2|     6|   17|     1|          102|
    +-----------------+----------------------+---------+----+----+------+-----+------+-------------+
    |Total            |                      |        0|  17|   2|     6|   17|     1|          102|
    +-----------------+----------------------+---------+----+----+------+-----+------+-------------+

    * FIFO: 
    N/A

    * Expression: 
    +-----------------------------------+----------+-------+---+----+------------+------------+
    |           Variable Name           | Operation| DSP48E| FF| LUT| Bitwidth P0| Bitwidth P1|
    +-----------------------------------+----------+-------+---+----+------------+------------+
    |result3_i_fu_228_p2                |     *    |      0|  0|  51|           9|           9|
    |result_11_i_fu_255_p2              |     *    |      0|  0|  51|           9|           9|
    |tmp_79_fu_286_p2                   |     *    |      0|  0|  51|           9|           9|
    |grp_fxp_sqrt_fu_126_in_val_V_read  |     +    |      0|  0|  36|          29|          29|
    |i_fu_173_p2                        |     +    |      0|  0|  12|           3|           1|
    |p_Val2_5_i_fu_292_p2               |     +    |      0|  0|  35|          28|          28|
    |number_assign_1_fu_246_p2          |     -    |      0|  0|  16|           9|           9|
    |number_assign_2_fu_273_p2          |     -    |      0|  0|  16|           9|           9|
    |number_assign_fu_214_p2            |     -    |      0|  0|  16|           9|           9|
    |p_Val2_2_fu_320_p2                 |     -    |      0|  0|  35|          28|          28|
    |exitcond_i_i_fu_167_p2             |   icmp   |      0|  0|   9|           3|           3|
    |tmp_1_i_fu_357_p2                  |   icmp   |      0|  0|  18|          32|          32|
    |ap_block_state1                    |    or    |      0|  0|   8|           1|           1|
    |colorRed_cast_i_cast_fu_192_p3     |  select  |      0|  0|   8|           1|           8|
    |distance_0_minimumDi_fu_371_p3     |  select  |      0|  0|  32|           1|          32|
    |i_0_minimumDistanceI_fu_363_p3     |  select  |      0|  0|  32|           1|          32|
    |ap_enable_pp0                      |    xor   |      0|  0|   8|           1|           2|
    |ap_enable_reg_pp0_iter1            |    xor   |      0|  0|   8|           2|           1|
    +-----------------------------------+----------+-------+---+----+------------+------------+
    |Total                              |          |      0|  0| 442|         184|         251|
    +-----------------------------------+----------+-------+---+----+------------+------------+

    * Multiplexer: 
    +-----------------------------------------------+----+-----------+-----+-----------+
    |                      Name                     | LUT| Input Size| Bits| Total Bits|
    +-----------------------------------------------+----+-----------+-----+-----------+
    |ap_NS_fsm                                      |  21|          4|    1|          4|
    |ap_done                                        |   9|          2|    1|          2|
    |ap_enable_reg_pp0_iter1                        |   9|          2|    1|          2|
    |ap_enable_reg_pp0_iter16                       |   9|          2|    1|          2|
    |ap_phi_mux_minimumDistanceIndex_phi_fu_106_p4  |   9|          2|    3|          6|
    |minimumDistanceIndex_1_reg_90                  |   9|          2|   32|         64|
    |minimumDistanceIndex_reg_102                   |   9|          2|    3|          6|
    |minimumDistance_0_i_s_reg_114                  |   9|          2|   32|         64|
    +-----------------------------------------------+----+-----------+-----+-----------+
    |Total                                          |  84|         18|   74|        150|
    +-----------------------------------------------+----+-----------+-----+-----------+

    * Register: 
    +-------------------------------+----+----+-----+-----------+
    |              Name             | FF | LUT| Bits| Const Bits|
    +-------------------------------+----+----+-----+-----------+
    |ap_CS_fsm                      |   3|   0|    3|          0|
    |ap_done_reg                    |   1|   0|    1|          0|
    |ap_enable_reg_pp0_iter0        |   1|   0|    1|          0|
    |ap_enable_reg_pp0_iter1        |   1|   0|    1|          0|
    |ap_enable_reg_pp0_iter10       |   1|   0|    1|          0|
    |ap_enable_reg_pp0_iter11       |   1|   0|    1|          0|
    |ap_enable_reg_pp0_iter12       |   1|   0|    1|          0|
    |ap_enable_reg_pp0_iter13       |   1|   0|    1|          0|
    |ap_enable_reg_pp0_iter14       |   1|   0|    1|          0|
    |ap_enable_reg_pp0_iter15       |   1|   0|    1|          0|
    |ap_enable_reg_pp0_iter16       |   1|   0|    1|          0|
    |ap_enable_reg_pp0_iter2        |   1|   0|    1|          0|
    |ap_enable_reg_pp0_iter3        |   1|   0|    1|          0|
    |ap_enable_reg_pp0_iter4        |   1|   0|    1|          0|
    |ap_enable_reg_pp0_iter5        |   1|   0|    1|          0|
    |ap_enable_reg_pp0_iter6        |   1|   0|    1|          0|
    |ap_enable_reg_pp0_iter7        |   1|   0|    1|          0|
    |ap_enable_reg_pp0_iter8        |   1|   0|    1|          0|
    |ap_enable_reg_pp0_iter9        |   1|   0|    1|          0|
    |colorBlue_reg_413              |   8|   0|    8|          0|
    |colorGreen_reg_408             |   8|   0|    8|          0|
    |exitcond_i_i_reg_394           |   1|   0|    1|          0|
    |i_reg_398                      |   3|   0|    3|          0|
    |minimumDistanceIndex_1_reg_90  |  32|   0|   32|          0|
    |minimumDistanceIndex_reg_102   |   3|   0|    3|          0|
    |minimumDistance_0_i_s_reg_114  |  32|   0|   32|          0|
    |number_assign_reg_418          |   9|   0|    9|          0|
    |p_Val2_5_i_reg_429             |  19|   0|   28|          9|
    |pixelBlue_cast_i_reg_389       |   8|   0|    9|          1|
    |pixelGreen_cast_i_reg_384      |   8|   0|    9|          1|
    |pixelRed_cast_i_reg_379        |   8|   0|    9|          1|
    |tmp_2_reg_439                  |  12|   0|   12|          0|
    |tmp_79_reg_423                 |  17|   0|   17|          0|
    |exitcond_i_i_reg_394           |  64|  32|    1|          0|
    |minimumDistanceIndex_reg_102   |  64|  32|    3|          0|
    +-------------------------------+----+----+-----+-----------+
    |Total                          | 317|  64|  205|         12|
    +-------------------------------+----+----+-----+-----------+



================================================================
== Interface
================================================================
* Summary: 
+-------------+-----+-----+------------+----------------------+--------------+
|  RTL Ports  | Dir | Bits|  Protocol  |     Source Object    |    C Type    |
+-------------+-----+-----+------------+----------------------+--------------+
|ap_clk       |  in |    1| ap_ctrl_hs | Loop_PIXEL_COLOR_LOO | return value |
|ap_rst       |  in |    1| ap_ctrl_hs | Loop_PIXEL_COLOR_LOO | return value |
|ap_start     |  in |    1| ap_ctrl_hs | Loop_PIXEL_COLOR_LOO | return value |
|ap_done      | out |    1| ap_ctrl_hs | Loop_PIXEL_COLOR_LOO | return value |
|ap_continue  |  in |    1| ap_ctrl_hs | Loop_PIXEL_COLOR_LOO | return value |
|ap_idle      | out |    1| ap_ctrl_hs | Loop_PIXEL_COLOR_LOO | return value |
|ap_ready     | out |    1| ap_ctrl_hs | Loop_PIXEL_COLOR_LOO | return value |
|ap_return    | out |   32| ap_ctrl_hs | Loop_PIXEL_COLOR_LOO | return value |
|pixel        |  in |   32|   ap_none  |         pixel        |    scalar    |
+-------------+-----+-----+------------+----------------------+--------------+

